annotations-23.0.0.jar
kotlin-stdlib-#kotlinVersion.jar
kotlinx-coroutines-core-jvm-1.10.1.jar
kotlinx-io-bytestring-jvm-0.6.0.jar
kotlinx-io-core-jvm-0.6.0.jar
kotlinx-serialization-core-jvm-1.8.0.jar
ktor-client-core-jvm-3.1.1.jar
ktor-events-jvm-3.1.1.jar
ktor-http-cio-jvm-3.1.1.jar
ktor-http-jvm-3.1.1.jar
ktor-io-jvm-3.1.1.jar
ktor-network-jvm-3.1.1.jar
ktor-serialization-jvm-3.1.1.jar
ktor-sse-jvm-3.1.1.jar
ktor-utils-jvm-3.1.1.jar
ktor-websocket-serialization-jvm-3.1.1.jar
ktor-websockets-jvm-3.1.1.jar
slf4j-api-2.0.16.jar
