activity-1.7.2.aar
activity-compose-1.7.2.aar
activity-ktx-1.7.2.aar
animation-android-1.7.6.aar
animation-core-android-1.7.6.aar
annotation-experimental-1.4.1.aar
annotation-jvm-1.8.0.jar
annotations-23.0.0.jar
collection-jvm-1.4.0.jar
core-1.8.0.aar
core-common-2.2.0.jar
core-ktx-1.2.0.aar
foundation-android-1.7.6.aar
foundation-layout-android-1.7.6.aar
kotlin-stdlib-#kotlinVersion.jar
kotlin-stdlib-jdk7-#kotlinVersion.jar
kotlin-stdlib-jdk8-#kotlinVersion.jar
kotlinx-coroutines-android-1.8.0.jar
kotlinx-coroutines-core-jvm-1.8.0.jar
lifecycle-common-jvm-2.8.5.jar
lifecycle-livedata-core-2.8.5.aar
lifecycle-runtime-android-2.8.5.aar
lifecycle-runtime-compose-android-2.8.5.aar
lifecycle-runtime-ktx-android-2.8.5.aar
lifecycle-viewmodel-android-2.8.5.aar
lifecycle-viewmodel-ktx-2.8.5.aar
lifecycle-viewmodel-savedstate-2.8.5.aar
material-icons-core-android-1.7.6.aar
material-ripple-android-1.7.6.aar
material3-android-1.3.1.aar
runtime-android-1.7.6.aar
runtime-saveable-android-1.7.6.aar
savedstate-1.2.1.aar
savedstate-ktx-1.2.1.aar
ui-android-1.7.6.aar
ui-geometry-android-1.7.6.aar
ui-graphics-android-1.7.6.aar
ui-text-android-1.7.6.aar
ui-unit-android-1.7.6.aar
ui-util-android-1.7.6.aar
versionedparcelable-1.1.1.aar
