animation-core-uikitx64-1.7.3.klib
animation-uikitx64-1.7.3.klib
annotation-iosx64-1.8.0.klib
atomicfu-iosx64-0.23.2-cinterop-interop.klib
atomicfu-iosx64-0.23.2.klib
collection-iosx64-1.4.0.klib
foundation-layout-uikitx64-1.7.3.klib
foundation-uikitx64-1.7.3.klib
kotlinx-coroutines-core-iosx64-1.8.0.klib
kotlinx-datetime-iosx64-0.6.0.klib
kotlinx-serialization-core-iosx64-1.6.2.klib
lifecycle-common-iosx64-2.8.5.klib
lifecycle-runtime-compose-uikitx64-2.8.4.klib
lifecycle-runtime-iosx64-2.8.5.klib
lifecycle-viewmodel-iosx64-2.8.5.klib
material-icons-core-uikitx64-1.7.3.klib
material-ripple-uikitx64-1.7.3.klib
material3-uikitx64-1.7.3.klib
runtime-saveable-uikitx64-1.7.3.klib
runtime-uikitx64-1.7.3.klib
skiko-iosx64-0.8.18-cinterop-uikit.klib
skiko-iosx64-0.8.18.klib
ui-geometry-uikitx64-1.7.3.klib
ui-graphics-uikitx64-1.7.3.klib
ui-text-uikitx64-1.7.3.klib
ui-uikit-uikitx64-1.7.3-cinterop-utils.klib
ui-uikit-uikitx64-1.7.3.klib
ui-uikitx64-1.7.3.klib
ui-unit-uikitx64-1.7.3.klib
ui-util-uikitx64-1.7.3.klib
