Fragment 'android-app.android' dependencies
├─── android-app:android:org.jetbrains.kotlin:kotlin-stdlib:#kotlinVersion, implicit
│    ╰─── org.jetbrains.kotlin:kotlin-stdlib:#kotlinVersion
│         ╰─── org.jetbrains:annotations:13.0 -> 23.0.0
├─── android-app:android:org.jetbrains.kotlin:kotlin-stdlib-jdk7:#kotlinVersion, implicit
│    ╰─── org.jetbrains.kotlin:kotlin-stdlib-jdk7:#kotlinVersion
│         ╰─── org.jetbrains.kotlin:kotlin-stdlib:#kotlinVersion (*)
├─── android-app:android:org.jetbrains.kotlin:kotlin-stdlib-jdk8:#kotlinVersion, implicit
│    ╰─── org.jetbrains.kotlin:kotlin-stdlib-jdk8:#kotlinVersion
│         ├─── org.jetbrains.kotlin:kotlin-stdlib:#kotlinVersion (*)
│         ╰─── org.jetbrains.kotlin:kotlin-stdlib-jdk7:#kotlinVersion (*)
├─── android-app:android:org.jetbrains.compose.runtime:runtime:#composeDefaultVersion
│    ╰─── org.jetbrains.compose.runtime:runtime:#composeDefaultVersion
│         ├─── androidx.compose.runtime:runtime:1.7.6
│         │    ╰─── androidx.compose.runtime:runtime-android:1.7.6
│         │         ├─── androidx.annotation:annotation-experimental:1.4.1
│         │         │    ╰─── org.jetbrains.kotlin:kotlin-stdlib:1.7.10 -> #kotlinVersion (*)
│         │         ├─── org.jetbrains.kotlinx:kotlinx-coroutines-android:1.7.3 -> 1.8.0
│         │         │    ├─── org.jetbrains.kotlinx:kotlinx-coroutines-core:1.8.0
│         │         │    │    ╰─── org.jetbrains.kotlinx:kotlinx-coroutines-core-jvm:1.8.0
│         │         │    │         ├─── org.jetbrains:annotations:23.0.0
│         │         │    │         ├─── org.jetbrains.kotlinx:kotlinx-coroutines-bom:1.8.0
│         │         │    │         │    ╰─── org.jetbrains.kotlinx:kotlinx-coroutines-android:1.8.0 (c)
│         │         │    │         ╰─── org.jetbrains.kotlin:kotlin-stdlib:1.9.21 -> #kotlinVersion (*)
│         │         │    ├─── org.jetbrains.kotlinx:kotlinx-coroutines-bom:1.8.0 (*)
│         │         │    ╰─── org.jetbrains.kotlin:kotlin-stdlib:1.9.21 -> #kotlinVersion (*)
│         │         ╰─── org.jetbrains.kotlinx:kotlinx-coroutines-core:1.7.3 -> 1.8.0 (*)
│         ╰─── org.jetbrains.kotlinx:kotlinx-coroutines-core:1.8.0 (*)
├─── android-app:android:androidx.activity:activity-compose:1.7.2
│    ╰─── androidx.activity:activity-compose:1.7.2
│         ├─── androidx.activity:activity-ktx:1.7.2
│         │    ├─── androidx.activity:activity:1.7.2
│         │    │    ├─── androidx.annotation:annotation:1.1.0 -> 1.8.0
│         │    │    │    ╰─── androidx.annotation:annotation-jvm:1.8.0
│         │    │    │         ╰─── org.jetbrains.kotlin:kotlin-stdlib:1.7.10 -> #kotlinVersion (*)
│         │    │    ├─── androidx.core:core:1.8.0
│         │    │    │    ├─── androidx.annotation:annotation:1.2.0 -> 1.8.0 (*)
│         │    │    │    ├─── androidx.annotation:annotation-experimental:1.1.0 -> 1.4.1 (*)
│         │    │    │    ├─── androidx.lifecycle:lifecycle-runtime:2.3.1 -> 2.8.5
│         │    │    │    │    ╰─── androidx.lifecycle:lifecycle-runtime-android:2.8.5
│         │    │    │    │         ├─── androidx.annotation:annotation:1.8.0 (*)
│         │    │    │    │         ├─── androidx.arch.core:core-common:2.2.0
│         │    │    │    │         │    ╰─── androidx.annotation:annotation:1.1.0 -> 1.8.0 (*)
│         │    │    │    │         ├─── androidx.lifecycle:lifecycle-common:2.8.5
│         │    │    │    │         │    ╰─── androidx.lifecycle:lifecycle-common-jvm:2.8.5
│         │    │    │    │         │         ├─── androidx.annotation:annotation:1.8.0 (*)
│         │    │    │    │         │         ├─── org.jetbrains.kotlin:kotlin-stdlib:1.8.22 -> #kotlinVersion (*)
│         │    │    │    │         │         ├─── org.jetbrains.kotlinx:kotlinx-coroutines-core:1.7.3 -> 1.8.0 (*)
│         │    │    │    │         │         ├─── androidx.lifecycle:lifecycle-runtime-compose:2.8.5 (c)
│         │    │    │    │         │         ├─── androidx.lifecycle:lifecycle-viewmodel-ktx:2.8.5 (c)
│         │    │    │    │         │         ╰─── androidx.lifecycle:lifecycle-viewmodel-savedstate:2.8.5 (c)
│         │    │    │    │         ├─── org.jetbrains.kotlin:kotlin-stdlib:1.8.22 -> #kotlinVersion (*)
│         │    │    │    │         ├─── org.jetbrains.kotlinx:kotlinx-coroutines-android:1.7.3 -> 1.8.0 (*)
│         │    │    │    │         ├─── androidx.lifecycle:lifecycle-runtime-compose:2.8.5 (c)
│         │    │    │    │         ├─── androidx.lifecycle:lifecycle-viewmodel-ktx:2.8.5 (c)
│         │    │    │    │         ╰─── androidx.lifecycle:lifecycle-viewmodel-savedstate:2.8.5 (c)
│         │    │    │    ╰─── androidx.versionedparcelable:versionedparcelable:1.1.1
│         │    │    │         ├─── androidx.annotation:annotation:1.1.0 -> 1.8.0 (*)
│         │    │    │         ╰─── androidx.collection:collection:1.0.0 -> 1.4.0
│         │    │    │              ╰─── androidx.collection:collection-jvm:1.4.0
│         │    │    │                   ├─── androidx.annotation:annotation:1.7.0 -> 1.8.0 (*)
│         │    │    │                   ╰─── org.jetbrains.kotlin:kotlin-stdlib:1.8.22 -> #kotlinVersion (*)
│         │    │    ├─── androidx.lifecycle:lifecycle-runtime:2.6.1 -> 2.8.5 (*)
│         │    │    ├─── androidx.lifecycle:lifecycle-viewmodel:2.6.1 -> 2.8.5
│         │    │    │    ╰─── androidx.lifecycle:lifecycle-viewmodel-android:2.8.5
│         │    │    │         ├─── androidx.annotation:annotation:1.8.0 (*)
│         │    │    │         ├─── org.jetbrains.kotlin:kotlin-stdlib:1.8.22 -> #kotlinVersion (*)
│         │    │    │         ├─── org.jetbrains.kotlinx:kotlinx-coroutines-android:1.7.3 -> 1.8.0 (*)
│         │    │    │         ├─── org.jetbrains.kotlinx:kotlinx-coroutines-core:1.7.3 -> 1.8.0 (*)
│         │    │    │         ├─── androidx.lifecycle:lifecycle-runtime-compose:2.8.5 (c)
│         │    │    │         ├─── androidx.lifecycle:lifecycle-viewmodel-ktx:2.8.5 (c)
│         │    │    │         ╰─── androidx.lifecycle:lifecycle-viewmodel-savedstate:2.8.5 (c)
│         │    │    ├─── androidx.lifecycle:lifecycle-viewmodel-savedstate:2.6.1 -> 2.8.5
│         │    │    │    ├─── androidx.annotation:annotation:1.0.0 -> 1.8.0 (*)
│         │    │    │    ├─── androidx.core:core-ktx:1.2.0
│         │    │    │    │    ├─── org.jetbrains.kotlin:kotlin-stdlib:1.3.41 -> #kotlinVersion (*)
│         │    │    │    │    ├─── androidx.annotation:annotation:1.1.0 -> 1.8.0 (*)
│         │    │    │    │    ╰─── androidx.core:core:1.2.0 -> 1.8.0 (*)
│         │    │    │    ├─── androidx.lifecycle:lifecycle-livedata-core:2.8.5
│         │    │    │    │    ├─── androidx.lifecycle:lifecycle-common:2.8.5 (*)
│         │    │    │    │    ├─── org.jetbrains.kotlin:kotlin-stdlib:1.8.22 -> #kotlinVersion (*)
│         │    │    │    │    ├─── androidx.lifecycle:lifecycle-runtime-compose:2.8.5 (c)
│         │    │    │    │    ├─── androidx.lifecycle:lifecycle-viewmodel-ktx:2.8.5 (c)
│         │    │    │    │    ╰─── androidx.lifecycle:lifecycle-viewmodel-savedstate:2.8.5 (c)
│         │    │    │    ├─── androidx.lifecycle:lifecycle-viewmodel:2.8.5 (*)
│         │    │    │    ├─── androidx.savedstate:savedstate:1.2.1
│         │    │    │    │    ├─── androidx.annotation:annotation:1.1.0 -> 1.8.0 (*)
│         │    │    │    │    ╰─── org.jetbrains.kotlin:kotlin-stdlib:1.8.10 -> #kotlinVersion (*)
│         │    │    │    ├─── org.jetbrains.kotlin:kotlin-stdlib:1.8.22 -> #kotlinVersion (*)
│         │    │    │    ├─── org.jetbrains.kotlinx:kotlinx-coroutines-android:1.7.3 -> 1.8.0 (*)
│         │    │    │    ├─── androidx.lifecycle:lifecycle-runtime-compose:2.8.5 (c)
│         │    │    │    ╰─── androidx.lifecycle:lifecycle-viewmodel-ktx:2.8.5 (c)
│         │    │    ├─── androidx.savedstate:savedstate:1.2.1 (*)
│         │    │    ╰─── org.jetbrains.kotlin:kotlin-stdlib:1.8.10 -> #kotlinVersion (*)
│         │    ├─── androidx.core:core-ktx:1.1.0 -> 1.2.0 (*)
│         │    ├─── androidx.lifecycle:lifecycle-runtime-ktx:2.6.1 -> 2.8.5
│         │    │    ╰─── androidx.lifecycle:lifecycle-runtime-ktx-android:2.8.5
│         │    │         ├─── androidx.annotation:annotation:1.8.0 (*)
│         │    │         ├─── androidx.lifecycle:lifecycle-runtime:2.8.5 (*)
│         │    │         ├─── org.jetbrains.kotlin:kotlin-stdlib:1.8.22 -> #kotlinVersion (*)
│         │    │         ├─── org.jetbrains.kotlinx:kotlinx-coroutines-android:1.7.3 -> 1.8.0 (*)
│         │    │         ├─── androidx.lifecycle:lifecycle-runtime-compose:2.8.5 (c)
│         │    │         ├─── androidx.lifecycle:lifecycle-viewmodel-ktx:2.8.5 (c)
│         │    │         ╰─── androidx.lifecycle:lifecycle-viewmodel-savedstate:2.8.5 (c)
│         │    ├─── androidx.lifecycle:lifecycle-viewmodel-ktx:2.6.1 -> 2.8.5
│         │    │    ├─── androidx.lifecycle:lifecycle-viewmodel:2.8.5 (*)
│         │    │    ├─── org.jetbrains.kotlin:kotlin-stdlib:1.8.22 -> #kotlinVersion (*)
│         │    │    ├─── org.jetbrains.kotlinx:kotlinx-coroutines-android:1.7.3 -> 1.8.0 (*)
│         │    │    ├─── androidx.lifecycle:lifecycle-runtime-compose:2.8.5 (c)
│         │    │    ╰─── androidx.lifecycle:lifecycle-viewmodel-savedstate:2.8.5 (c)
│         │    ├─── androidx.savedstate:savedstate-ktx:1.2.1
│         │    │    ├─── androidx.savedstate:savedstate:1.2.1 (*)
│         │    │    ╰─── org.jetbrains.kotlin:kotlin-stdlib:1.8.10 -> #kotlinVersion (*)
│         │    ╰─── org.jetbrains.kotlin:kotlin-stdlib:1.8.10 -> #kotlinVersion (*)
│         ├─── androidx.compose.runtime:runtime:1.0.1 -> 1.7.6 (*)
│         ├─── androidx.compose.runtime:runtime-saveable:1.0.1 -> 1.7.6
│         │    ╰─── androidx.compose.runtime:runtime-saveable-android:1.7.6
│         │         ├─── androidx.annotation:annotation:1.1.0 -> 1.8.0 (*)
│         │         ╰─── androidx.compose.runtime:runtime:1.7.6 (*)
│         ├─── androidx.compose.ui:ui:1.0.1 -> 1.7.6
│         │    ╰─── androidx.compose.ui:ui-android:1.7.6
│         │         ├─── androidx.annotation:annotation:1.8.0 (*)
│         │         ├─── androidx.annotation:annotation-experimental:1.4.0 -> 1.4.1 (*)
│         │         ├─── androidx.compose.runtime:runtime-saveable:1.7.6 (*)
│         │         ├─── androidx.compose.ui:ui-geometry:1.7.6
│         │         │    ╰─── androidx.compose.ui:ui-geometry-android:1.7.6
│         │         │         ╰─── androidx.annotation:annotation:1.1.0 -> 1.8.0 (*)
│         │         ├─── androidx.compose.ui:ui-graphics:1.7.6
│         │         │    ╰─── androidx.compose.ui:ui-graphics-android:1.7.6
│         │         │         ├─── androidx.annotation:annotation:1.7.0 -> 1.8.0 (*)
│         │         │         ├─── androidx.annotation:annotation-experimental:1.4.0 -> 1.4.1 (*)
│         │         │         ╰─── androidx.compose.ui:ui-unit:1.7.6
│         │         │              ╰─── androidx.compose.ui:ui-unit-android:1.7.6
│         │         │                   ├─── androidx.annotation:annotation:1.1.0 -> 1.8.0 (*)
│         │         │                   ├─── androidx.annotation:annotation:1.8.0 (*)
│         │         │                   ├─── androidx.annotation:annotation-experimental:1.4.0 -> 1.4.1 (*)
│         │         │                   ╰─── androidx.compose.ui:ui-geometry:1.7.6 (*)
│         │         ├─── androidx.compose.ui:ui-text:1.7.6
│         │         │    ╰─── androidx.compose.ui:ui-text-android:1.7.6
│         │         │         ├─── androidx.annotation:annotation:1.1.0 -> 1.8.0 (*)
│         │         │         ├─── androidx.annotation:annotation-experimental:1.4.0 -> 1.4.1 (*)
│         │         │         ├─── androidx.compose.ui:ui-graphics:1.7.6 (*)
│         │         │         ╰─── androidx.compose.ui:ui-unit:1.7.6 (*)
│         │         ├─── androidx.compose.ui:ui-unit:1.7.6 (*)
│         │         ├─── androidx.compose.ui:ui-util:1.7.6
│         │         │    ╰─── androidx.compose.ui:ui-util-android:1.7.6
│         │         │         ╰─── androidx.annotation:annotation-experimental:1.4.0 -> 1.4.1 (*)
│         │         ╰─── androidx.lifecycle:lifecycle-runtime-compose:2.8.3 -> 2.8.5
│         │              ╰─── androidx.lifecycle:lifecycle-runtime-compose-android:2.8.5
│         │                   ├─── androidx.annotation:annotation:1.8.0 (*)
│         │                   ├─── androidx.compose.runtime:runtime:1.6.5 -> 1.7.6 (*)
│         │                   ├─── androidx.lifecycle:lifecycle-runtime:2.8.5 (*)
│         │                   ├─── androidx.lifecycle:lifecycle-runtime-ktx:2.8.5 (*)
│         │                   ├─── androidx.lifecycle:lifecycle-viewmodel-ktx:2.8.5 (c)
│         │                   ╰─── androidx.lifecycle:lifecycle-viewmodel-savedstate:2.8.5 (c)
│         ╰─── androidx.lifecycle:lifecycle-viewmodel:2.6.1 -> 2.8.5 (*)
├─── android-app:android:org.jetbrains.compose.foundation:foundation:#composeDefaultVersion
│    ╰─── org.jetbrains.compose.foundation:foundation:#composeDefaultVersion
│         ├─── androidx.compose.foundation:foundation:1.7.6
│         │    ╰─── androidx.compose.foundation:foundation-android:1.7.6
│         │         ├─── androidx.annotation:annotation:1.1.0 -> 1.8.0 (*)
│         │         ├─── androidx.annotation:annotation-experimental:1.4.0 -> 1.4.1 (*)
│         │         ├─── androidx.collection:collection:1.4.0 (*)
│         │         ├─── androidx.compose.animation:animation:1.7.6
│         │         │    ╰─── androidx.compose.animation:animation-android:1.7.6
│         │         │         ├─── androidx.annotation:annotation:1.1.0 -> 1.8.0 (*)
│         │         │         ├─── androidx.annotation:annotation-experimental:1.4.0 -> 1.4.1 (*)
│         │         │         ├─── androidx.compose.animation:animation-core:1.7.6
│         │         │         │    ╰─── androidx.compose.animation:animation-core-android:1.7.6
│         │         │         │         ├─── androidx.annotation:annotation:1.1.0 -> 1.8.0 (*)
│         │         │         │         ╰─── org.jetbrains.kotlinx:kotlinx-coroutines-core:1.7.3 -> 1.8.0 (*)
│         │         │         ├─── androidx.compose.foundation:foundation-layout:1.7.6
│         │         │         │    ╰─── androidx.compose.foundation:foundation-layout-android:1.7.6
│         │         │         │         ├─── androidx.annotation:annotation:1.1.0 -> 1.8.0 (*)
│         │         │         │         ├─── androidx.annotation:annotation-experimental:1.4.0 -> 1.4.1 (*)
│         │         │         │         ╰─── androidx.compose.ui:ui:1.7.6 (*)
│         │         │         ├─── androidx.compose.runtime:runtime:1.7.6 (*)
│         │         │         ╰─── androidx.compose.ui:ui-geometry:1.7.6 (*)
│         │         ├─── androidx.compose.runtime:runtime:1.7.6 (*)
│         │         ╰─── androidx.compose.ui:ui:1.7.6 (*)
│         ├─── org.jetbrains.compose.animation:animation:#composeDefaultVersion
│         │    ├─── androidx.compose.animation:animation:1.7.6 (*)
│         │    ├─── org.jetbrains.compose.animation:animation-core:#composeDefaultVersion
│         │    │    ├─── androidx.compose.animation:animation-core:1.7.6 (*)
│         │    │    ╰─── org.jetbrains.kotlinx:kotlinx-coroutines-core:1.8.0 (*)
│         │    ├─── org.jetbrains.compose.foundation:foundation-layout:#composeDefaultVersion
│         │    │    ├─── androidx.compose.foundation:foundation-layout:1.7.6 (*)
│         │    │    ╰─── org.jetbrains.compose.ui:ui:#composeDefaultVersion
│         │    │         ├─── androidx.compose.ui:ui:1.7.6 (*)
│         │    │         ├─── org.jetbrains.compose.runtime:runtime-saveable:#composeDefaultVersion
│         │    │         │    ├─── androidx.compose.runtime:runtime-saveable:1.7.6 (*)
│         │    │         │    ╰─── org.jetbrains.compose.runtime:runtime:#composeDefaultVersion (*)
│         │    │         ├─── org.jetbrains.compose.ui:ui-geometry:#composeDefaultVersion
│         │    │         │    ╰─── androidx.compose.ui:ui-geometry:1.7.6 (*)
│         │    │         ├─── org.jetbrains.compose.ui:ui-graphics:#composeDefaultVersion
│         │    │         │    ├─── androidx.compose.ui:ui-graphics:1.7.6 (*)
│         │    │         │    ╰─── org.jetbrains.compose.ui:ui-unit:#composeDefaultVersion
│         │    │         │         ├─── androidx.compose.ui:ui-unit:1.7.6 (*)
│         │    │         │         ╰─── org.jetbrains.compose.ui:ui-geometry:#composeDefaultVersion (*)
│         │    │         ├─── org.jetbrains.compose.ui:ui-text:#composeDefaultVersion
│         │    │         │    ├─── androidx.compose.ui:ui-text:1.7.6 (*)
│         │    │         │    ├─── org.jetbrains.compose.ui:ui-graphics:#composeDefaultVersion (*)
│         │    │         │    ╰─── org.jetbrains.compose.ui:ui-unit:#composeDefaultVersion (*)
│         │    │         ├─── org.jetbrains.compose.ui:ui-unit:#composeDefaultVersion (*)
│         │    │         ╰─── org.jetbrains.compose.ui:ui-util:#composeDefaultVersion
│         │    │              ╰─── androidx.compose.ui:ui-util:1.7.6 (*)
│         │    ├─── org.jetbrains.compose.runtime:runtime:#composeDefaultVersion (*)
│         │    ├─── org.jetbrains.compose.ui:ui:#composeDefaultVersion (*)
│         │    ╰─── org.jetbrains.compose.ui:ui-geometry:#composeDefaultVersion (*)
│         ├─── org.jetbrains.compose.runtime:runtime:#composeDefaultVersion (*)
│         ╰─── org.jetbrains.compose.ui:ui:#composeDefaultVersion (*)
╰─── android-app:android:org.jetbrains.compose.material3:material3:#composeDefaultVersion
     ╰─── org.jetbrains.compose.material3:material3:#composeDefaultVersion
          ├─── androidx.compose.material3:material3:1.3.1
          │    ╰─── androidx.compose.material3:material3-android:1.3.1
          │         ├─── androidx.annotation:annotation:1.1.0 -> 1.8.0 (*)
          │         ├─── androidx.annotation:annotation-experimental:1.4.0 -> 1.4.1 (*)
          │         ├─── androidx.compose.foundation:foundation:1.7.0 -> 1.7.6 (*)
          │         ├─── androidx.compose.foundation:foundation-layout:1.7.0 -> 1.7.6 (*)
          │         ├─── androidx.compose.material:material-icons-core:1.6.0 -> 1.7.6
          │         │    ╰─── androidx.compose.material:material-icons-core-android:1.7.6
          │         │         ╰─── androidx.compose.ui:ui:1.6.0 -> 1.7.6 (*)
          │         ├─── androidx.compose.material:material-ripple:1.7.0 -> 1.7.6
          │         │    ╰─── androidx.compose.material:material-ripple-android:1.7.6
          │         │         ├─── androidx.compose.foundation:foundation:1.7.6 (*)
          │         │         ╰─── androidx.compose.runtime:runtime:1.7.6 (*)
          │         ├─── androidx.compose.runtime:runtime:1.7.0 -> 1.7.6 (*)
          │         ├─── androidx.compose.ui:ui:1.6.0 -> 1.7.6 (*)
          │         ╰─── androidx.compose.ui:ui-text:1.6.0 -> 1.7.6 (*)
          ├─── org.jetbrains.compose.foundation:foundation:#composeDefaultVersion (*)
          ├─── org.jetbrains.compose.material:material-icons-core:#composeDefaultVersion
          │    ├─── androidx.compose.material:material-icons-core:1.7.6 (*)
          │    ╰─── org.jetbrains.compose.ui:ui:#composeDefaultVersion (*)
          ├─── org.jetbrains.compose.material:material-ripple:#composeDefaultVersion
          │    ├─── androidx.compose.material:material-ripple:1.7.6 (*)
          │    ├─── org.jetbrains.compose.foundation:foundation:#composeDefaultVersion (*)
          │    ╰─── org.jetbrains.compose.runtime:runtime:#composeDefaultVersion (*)
          ├─── org.jetbrains.compose.runtime:runtime:#composeDefaultVersion (*)
          ├─── org.jetbrains.compose.ui:ui-graphics:#composeDefaultVersion (*)
          ╰─── org.jetbrains.compose.ui:ui-text:#composeDefaultVersion (*)
