Fragment 'ios-app.ios' dependencies
├─── ios-app:ios:org.jetbrains.kotlin:kotlin-stdlib:#kotlinVersion, implicit
│    ╰─── org.jetbrains.kotlin:kotlin-stdlib:#kotlinVersion
├─── ios-app:ios:org.jetbrains.compose.runtime:runtime:1.7.3
│    ╰─── org.jetbrains.compose.runtime:runtime:1.7.3
│         ├─── org.jetbrains.kotlinx:atomicfu:0.23.2
│         │    ╰─── org.jetbrains.kotlin:kotlin-stdlib:1.9.21 -> #kotlinVersion
│         ├─── org.jetbrains.kotlin:kotlin-stdlib-common:1.9.24 -> #kotlinVersion
│         │    ╰─── org.jetbrains.kotlin:kotlin-stdlib:#kotlinVersion
│         ├─── org.jetbrains.kotlinx:kotlinx-coroutines-core:1.8.0
│         │    ├─── org.jetbrains.kotlinx:atomicfu:0.23.1 -> 0.23.2 (*)
│         │    ╰─── org.jetbrains.kotlin:kotlin-stdlib:1.9.21 -> #kotlinVersion
│         ╰─── org.jetbrains.compose.collection-internal:collection:1.7.3
│              ├─── org.jetbrains.kotlin:kotlin-stdlib:1.9.24 -> #kotlinVersion
│              ├─── org.jetbrains.compose.annotation-internal:annotation:1.7.3
│              │    ╰─── org.jetbrains.kotlin:kotlin-stdlib:1.9.24 -> #kotlinVersion
│              ╰─── org.jetbrains.kotlinx:atomicfu:0.23.2 (*)
├─── ios-app:ios:org.jetbrains.compose.foundation:foundation:1.7.3
│    ╰─── org.jetbrains.compose.foundation:foundation:1.7.3
│         ├─── org.jetbrains.compose.animation:animation:1.7.3
│         │    ├─── org.jetbrains.compose.animation:animation-core:1.7.3
│         │    │    ├─── org.jetbrains.kotlinx:kotlinx-coroutines-core:1.8.0 (*)
│         │    │    ├─── org.jetbrains.compose.collection-internal:collection:1.7.3 (*)
│         │    │    ├─── org.jetbrains.compose.runtime:runtime:1.7.3 (*)
│         │    │    ├─── org.jetbrains.compose.ui:ui:1.7.3
│         │    │    │    ├─── org.jetbrains.compose.runtime:runtime-saveable:1.7.3
│         │    │    │    │    ├─── org.jetbrains.compose.runtime:runtime:1.7.3 (*)
│         │    │    │    │    ╰─── org.jetbrains.kotlin:kotlin-stdlib-common:1.9.24 -> #kotlinVersion (*)
│         │    │    │    ├─── org.jetbrains.compose.ui:ui-geometry:1.7.3
│         │    │    │    │    ├─── org.jetbrains.kotlin:kotlin-stdlib-common:1.9.24 -> #kotlinVersion (*)
│         │    │    │    │    ├─── org.jetbrains.compose.runtime:runtime:1.7.3 (*)
│         │    │    │    │    ╰─── org.jetbrains.compose.ui:ui-util:1.7.3
│         │    │    │    │         ├─── org.jetbrains.kotlin:kotlin-stdlib-common:1.9.24 -> #kotlinVersion (*)
│         │    │    │    │         ╰─── org.jetbrains.compose.ui:ui-uikit:1.7.3
│         │    │    │    ├─── org.jetbrains.compose.ui:ui-graphics:1.7.3
│         │    │    │    │    ├─── org.jetbrains.compose.ui:ui-unit:1.7.3
│         │    │    │    │    │    ├─── org.jetbrains.compose.ui:ui-geometry:1.7.3 (*)
│         │    │    │    │    │    ├─── org.jetbrains.kotlin:kotlin-stdlib-common:1.9.24 -> #kotlinVersion (*)
│         │    │    │    │    │    ├─── org.jetbrains.compose.runtime:runtime:1.7.3 (*)
│         │    │    │    │    │    ├─── org.jetbrains.compose.ui:ui-util:1.7.3 (*)
│         │    │    │    │    │    ╰─── org.jetbrains.compose.annotation-internal:annotation:1.7.3 (*)
│         │    │    │    │    ├─── org.jetbrains.skiko:skiko:0.8.18
│         │    │    │    │    │    ├─── org.jetbrains.kotlinx:atomicfu:0.23.2 (*)
│         │    │    │    │    │    ├─── org.jetbrains.kotlin:kotlin-stdlib:1.9.21 -> #kotlinVersion
│         │    │    │    │    │    ╰─── org.jetbrains.kotlinx:kotlinx-coroutines-core:1.8.0 (*)
│         │    │    │    │    ├─── org.jetbrains.kotlin:kotlin-stdlib-common:1.9.24 -> #kotlinVersion (*)
│         │    │    │    │    ├─── org.jetbrains.compose.runtime:runtime:1.7.3 (*)
│         │    │    │    │    ├─── org.jetbrains.compose.ui:ui-util:1.7.3 (*)
│         │    │    │    │    ├─── org.jetbrains.compose.ui:ui-geometry:1.7.3 (*)
│         │    │    │    │    ├─── org.jetbrains.compose.collection-internal:collection:1.7.3 (*)
│         │    │    │    │    ╰─── org.jetbrains.compose.annotation-internal:annotation:1.7.3 (*)
│         │    │    │    ├─── org.jetbrains.compose.ui:ui-text:1.7.3
│         │    │    │    │    ├─── org.jetbrains.compose.ui:ui-graphics:1.7.3 (*)
│         │    │    │    │    ├─── org.jetbrains.compose.ui:ui-unit:1.7.3 (*)
│         │    │    │    │    ├─── org.jetbrains.skiko:skiko:0.8.18 (*)
│         │    │    │    │    ├─── org.jetbrains.kotlin:kotlin-stdlib-common:1.9.24 -> #kotlinVersion (*)
│         │    │    │    │    ├─── org.jetbrains.kotlinx:kotlinx-coroutines-core:1.8.0 (*)
│         │    │    │    │    ├─── org.jetbrains.kotlinx:atomicfu:0.23.2 (*)
│         │    │    │    │    ├─── org.jetbrains.compose.runtime:runtime:1.7.3 (*)
│         │    │    │    │    ├─── org.jetbrains.compose.runtime:runtime-saveable:1.7.3 (*)
│         │    │    │    │    ├─── org.jetbrains.compose.ui:ui-util:1.7.3 (*)
│         │    │    │    │    ├─── org.jetbrains.compose.ui:ui-geometry:1.7.3 (*)
│         │    │    │    │    ╰─── org.jetbrains.compose.annotation-internal:annotation:1.7.3 (*)
│         │    │    │    ├─── org.jetbrains.compose.ui:ui-unit:1.7.3 (*)
│         │    │    │    ├─── org.jetbrains.compose.ui:ui-util:1.7.3 (*)
│         │    │    │    ├─── org.jetbrains.skiko:skiko:0.8.18 (*)
│         │    │    │    ├─── org.jetbrains.compose.collection-internal:collection:1.7.3 (*)
│         │    │    │    ├─── org.jetbrains.kotlin:kotlin-stdlib-common:1.9.24 -> #kotlinVersion (*)
│         │    │    │    ├─── org.jetbrains.kotlinx:kotlinx-coroutines-core:1.8.0 (*)
│         │    │    │    ├─── org.jetbrains.kotlinx:atomicfu:0.23.2 (*)
│         │    │    │    ├─── org.jetbrains.compose.runtime:runtime:1.7.3 (*)
│         │    │    │    ├─── org.jetbrains.compose.annotation-internal:annotation:1.7.3 (*)
│         │    │    │    ├─── org.jetbrains.androidx.lifecycle:lifecycle-common:2.8.4
│         │    │    │    │    ├─── org.jetbrains.kotlin:kotlin-stdlib:1.9.24 -> #kotlinVersion
│         │    │    │    │    ├─── org.jetbrains.kotlinx:kotlinx-coroutines-core:1.8.0 (*)
│         │    │    │    │    ╰─── org.jetbrains.compose.annotation-internal:annotation:1.6.11 -> 1.7.3 (*)
│         │    │    │    ├─── org.jetbrains.androidx.lifecycle:lifecycle-runtime:2.8.4
│         │    │    │    │    ├─── org.jetbrains.kotlin:kotlin-stdlib:1.9.24 -> #kotlinVersion
│         │    │    │    │    ├─── org.jetbrains.androidx.lifecycle:lifecycle-common:2.8.4 (*)
│         │    │    │    │    ├─── org.jetbrains.compose.annotation-internal:annotation:1.6.11 -> 1.7.3 (*)
│         │    │    │    │    ╰─── org.jetbrains.kotlinx:kotlinx-coroutines-core:1.8.0 (*)
│         │    │    │    ├─── org.jetbrains.androidx.lifecycle:lifecycle-runtime-compose:2.8.4
│         │    │    │    │    ├─── org.jetbrains.compose.annotation-internal:annotation:1.6.11 -> 1.7.3 (*)
│         │    │    │    │    ├─── org.jetbrains.androidx.lifecycle:lifecycle-runtime:2.8.4 (*)
│         │    │    │    │    ├─── org.jetbrains.compose.runtime:runtime:1.6.11 -> 1.7.3 (*)
│         │    │    │    │    ├─── org.jetbrains.androidx.lifecycle:lifecycle-common:2.8.4 (*)
│         │    │    │    │    ╰─── org.jetbrains.kotlin:kotlin-stdlib:1.9.24 -> #kotlinVersion
│         │    │    │    ├─── org.jetbrains.androidx.lifecycle:lifecycle-viewmodel:2.8.4
│         │    │    │    │    ├─── org.jetbrains.compose.annotation-internal:annotation:1.6.11 -> 1.7.3 (*)
│         │    │    │    │    ├─── org.jetbrains.kotlin:kotlin-stdlib:1.9.24 -> #kotlinVersion
│         │    │    │    │    ╰─── org.jetbrains.kotlinx:kotlinx-coroutines-core:1.8.0 (*)
│         │    │    │    ╰─── org.jetbrains.compose.ui:ui-uikit:1.7.3
│         │    │    ├─── org.jetbrains.compose.ui:ui-unit:1.7.3 (*)
│         │    │    ├─── org.jetbrains.compose.ui:ui-util:1.7.3 (*)
│         │    │    ├─── org.jetbrains.kotlin:kotlin-stdlib-common:1.9.24 -> #kotlinVersion (*)
│         │    │    ├─── org.jetbrains.compose.annotation-internal:annotation:1.7.3 (*)
│         │    │    ╰─── org.jetbrains.kotlinx:atomicfu:0.23.2 (*)
│         │    ├─── org.jetbrains.compose.foundation:foundation-layout:1.7.3
│         │    │    ├─── org.jetbrains.compose.ui:ui:1.7.3 (*)
│         │    │    ├─── org.jetbrains.kotlin:kotlin-stdlib-common:1.9.24 -> #kotlinVersion (*)
│         │    │    ├─── org.jetbrains.compose.collection-internal:collection:1.7.3 (*)
│         │    │    ├─── org.jetbrains.compose.runtime:runtime:1.7.3 (*)
│         │    │    ├─── org.jetbrains.compose.ui:ui-util:1.7.3 (*)
│         │    │    ╰─── org.jetbrains.compose.annotation-internal:annotation:1.7.3 (*)
│         │    ├─── org.jetbrains.compose.runtime:runtime:1.7.3 (*)
│         │    ├─── org.jetbrains.compose.ui:ui:1.7.3 (*)
│         │    ├─── org.jetbrains.compose.ui:ui-geometry:1.7.3 (*)
│         │    ├─── org.jetbrains.kotlin:kotlin-stdlib-common:1.9.24 -> #kotlinVersion (*)
│         │    ├─── org.jetbrains.compose.collection-internal:collection:1.7.3 (*)
│         │    ╰─── org.jetbrains.compose.ui:ui-util:1.7.3 (*)
│         ├─── org.jetbrains.compose.runtime:runtime:1.7.3 (*)
│         ├─── org.jetbrains.compose.ui:ui:1.7.3 (*)
│         ├─── org.jetbrains.skiko:skiko:0.8.18 (*)
│         ├─── org.jetbrains.kotlin:kotlin-stdlib-common:1.9.24 -> #kotlinVersion (*)
│         ├─── org.jetbrains.compose.collection-internal:collection:1.7.3 (*)
│         ├─── org.jetbrains.compose.ui:ui-text:1.7.3 (*)
│         ├─── org.jetbrains.compose.ui:ui-util:1.7.3 (*)
│         ├─── org.jetbrains.compose.foundation:foundation-layout:1.7.3 (*)
│         ├─── org.jetbrains.compose.annotation-internal:annotation:1.7.3 (*)
│         ╰─── org.jetbrains.kotlinx:atomicfu:0.23.2 (*)
╰─── ios-app:ios:org.jetbrains.compose.material3:material3:1.7.3
     ╰─── org.jetbrains.compose.material3:material3:1.7.3
          ├─── org.jetbrains.compose.foundation:foundation:1.7.3 (*)
          ├─── org.jetbrains.compose.material:material-icons-core:1.7.3
          │    ├─── org.jetbrains.compose.ui:ui:1.7.3 (*)
          │    ├─── org.jetbrains.kotlin:kotlin-stdlib-common:1.9.24 -> #kotlinVersion (*)
          │    ├─── org.jetbrains.compose.ui:ui-graphics:1.7.3 (*)
          │    ╰─── org.jetbrains.compose.ui:ui-unit:1.7.3 (*)
          ├─── org.jetbrains.compose.material:material-ripple:1.7.3
          │    ├─── org.jetbrains.compose.foundation:foundation:1.7.3 (*)
          │    ├─── org.jetbrains.compose.runtime:runtime:1.7.3 (*)
          │    ├─── org.jetbrains.kotlin:kotlin-stdlib-common:1.9.24 -> #kotlinVersion (*)
          │    ├─── org.jetbrains.compose.collection-internal:collection:1.7.3 (*)
          │    ├─── org.jetbrains.compose.animation:animation:1.7.3 (*)
          │    ╰─── org.jetbrains.compose.ui:ui-util:1.7.3 (*)
          ├─── org.jetbrains.compose.runtime:runtime:1.7.3 (*)
          ├─── org.jetbrains.compose.ui:ui-graphics:1.7.3 (*)
          ├─── org.jetbrains.compose.ui:ui-text:1.7.3 (*)
          ├─── org.jetbrains.kotlin:kotlin-stdlib-common:1.9.24 -> #kotlinVersion (*)
          ├─── org.jetbrains.compose.animation:animation-core:1.7.3 (*)
          ├─── org.jetbrains.compose.ui:ui-util:1.7.3 (*)
          ├─── org.jetbrains.compose.foundation:foundation-layout:1.7.3 (*)
          ├─── org.jetbrains.compose.annotation-internal:annotation:1.7.3 (*)
          ├─── org.jetbrains.compose.collection-internal:collection:1.7.3 (*)
          ├─── org.jetbrains.kotlinx:kotlinx-datetime:0.6.0
          │    ├─── org.jetbrains.kotlin:kotlin-stdlib:1.9.21 -> #kotlinVersion
          │    ╰─── org.jetbrains.kotlinx:kotlinx-serialization-core:1.6.2
          │         ├─── org.jetbrains.kotlin:kotlin-stdlib-common:1.9.21 -> #kotlinVersion (*)
          │         ╰─── org.jetbrains.kotlin:kotlin-stdlib:1.9.21 -> #kotlinVersion
          ╰─── org.jetbrains.kotlinx:atomicfu:0.23.2 (*)