animation-android-1.8.2.aar
animation-core-android-1.8.2.aar
annotation-experimental-1.4.1.aar
annotation-jvm-1.9.1.jar
annotations-23.0.0.jar
collection-jvm-1.5.0.jar
core-common-2.2.0.jar
foundation-android-1.8.2.aar
foundation-layout-android-1.8.2.aar
jspecify-1.0.0.jar
kotlin-stdlib-#kotlinVersion.jar
kotlin-stdlib-jdk7-#kotlinVersion.jar
kotlin-stdlib-jdk8-#kotlinVersion.jar
kotlinx-coroutines-android-1.8.0.jar
kotlinx-coroutines-core-jvm-1.8.0.jar
lifecycle-common-jvm-2.8.7.jar
lifecycle-runtime-android-2.8.7.aar
lifecycle-runtime-compose-android-2.8.7.aar
lifecycle-runtime-ktx-android-2.8.7.aar
material-icons-core-android-1.6.0.aar
material-ripple-android-1.8.2.aar
material3-android-1.3.2.aar
runtime-android-1.8.2.aar
runtime-saveable-android-1.8.2.aar
ui-android-1.8.2.aar
ui-geometry-android-1.8.2.aar
ui-graphics-android-1.8.2.aar
ui-text-android-1.8.2.aar
ui-unit-android-1.8.2.aar
ui-util-android-1.8.2.aar
