animation-commonMain-1.7.3.klib
animation-core-commonMain-1.7.3.klib
animation-core-jbMain-1.7.3.klib
animation-core-jsNativeMain-1.7.3.klib
animation-core-uikitMain-1.7.3.klib
animation-jsNativeMain-1.7.3.klib
animation-nativeMain-1.7.3.klib
annotation-commonMain-1.7.3.klib
annotation-nonJvmMain-1.7.3.klib
atomicfu-commonMain-0.23.2.klib
atomicfu-nativeMain-0.23.2.klib
atomicfu-nativeMain-cinterop-0.23.2.klib
collection-commonMain-1.7.3.klib
collection-jbMain-1.7.3.klib
collection-jsNativeMain-1.7.3.klib
foundation-commonMain-1.7.3.klib
foundation-darwinMain-1.7.3.klib
foundation-jsNativeMain-1.7.3.klib
foundation-layout-commonMain-1.7.3.klib
foundation-layout-jsNativeMain-1.7.3.klib
foundation-layout-skikoMain-1.7.3.klib
foundation-layout-uikitMain-1.7.3.klib
foundation-nativeMain-1.7.3.klib
foundation-skikoMain-1.7.3.klib
foundation-uikitMain-1.7.3.klib
kotlin-stdlib-commonMain-#kotlinVersion.klib
kotlinx-coroutines-core-commonMain-1.8.0.klib
kotlinx-coroutines-core-concurrentMain-1.8.0.klib
kotlinx-coroutines-core-nativeDarwinMain-1.8.0.klib
kotlinx-coroutines-core-nativeMain-1.8.0.klib
kotlinx-datetime-commonMain-0.6.0.klib
kotlinx-datetime-darwinMain-0.6.0.klib
kotlinx-datetime-nativeMain-0.6.0.klib
kotlinx-datetime-tzdbOnFilesystemMain-0.6.0.klib
kotlinx-datetime-tzfileMain-0.6.0.klib
kotlinx-serialization-core-commonMain-1.6.2.klib
kotlinx-serialization-core-nativeMain-1.6.2.klib
lifecycle-common-commonMain-2.8.4.klib
lifecycle-common-nonJvmMain-2.8.4.klib
lifecycle-runtime-commonMain-2.8.4.klib
lifecycle-runtime-compose-commonMain-2.8.4.klib
lifecycle-runtime-compose-nonAndroidMain-2.8.4.klib
lifecycle-runtime-nativeMain-2.8.4.klib
lifecycle-runtime-nonJvmMain-2.8.4.klib
lifecycle-viewmodel-commonMain-2.8.4.klib
lifecycle-viewmodel-nativeMain-2.8.4.klib
lifecycle-viewmodel-nonJvmMain-2.8.4.klib
material-icons-core-commonMain-1.7.3.klib
material-ripple-commonMain-1.7.3.klib
material-ripple-jbMain-1.7.3.klib
material3-commonMain-1.7.3.klib
material3-darwinMain-1.7.3.klib
material3-jsNativeMain-1.7.3.klib
material3-nativeMain-1.7.3.klib
material3-nonJvmMain-1.7.3.klib
material3-skikoMain-1.7.3.klib
runtime-commonMain-1.7.3.klib
runtime-darwinMain-1.7.3.klib
runtime-jbMain-1.7.3.klib
runtime-jsNativeMain-1.7.3.klib
runtime-nativeMain-1.7.3.klib
runtime-posixMain-1.7.3.klib
runtime-saveable-commonMain-1.7.3.klib
runtime-uikitMain-1.7.3.klib
skiko-commonMain-0.8.18.klib
skiko-darwinMain-0.8.18.klib
skiko-iosMain-0.8.18.klib
skiko-nativeJsMain-0.8.18.klib
skiko-nativeMain-0.8.18.klib
skiko-uikitMain-0.8.18.klib
ui-commonMain-1.7.3.klib
ui-darwinMain-1.7.3.klib
ui-geometry-commonMain-1.7.3.klib
ui-graphics-commonMain-1.7.3.klib
ui-graphics-jsNativeMain-1.7.3.klib
ui-graphics-nativeMain-1.7.3.klib
ui-graphics-skikoExcludingWebMain-1.7.3.klib
ui-graphics-skikoMain-1.7.3.klib
ui-jsNativeMain-1.7.3.klib
ui-nativeMain-1.7.3.klib
ui-skikoMain-1.7.3.klib
ui-text-commonMain-1.7.3.klib
ui-text-darwinMain-1.7.3.klib
ui-text-jsNativeMain-1.7.3.klib
ui-text-nativeMain-1.7.3.klib
ui-text-skikoMain-1.7.3.klib
ui-uikit-uikitMain-1.7.3.klib
ui-uikit-uikitMain-cinterop-1.7.3.klib
ui-uikitMain-1.7.3.klib
ui-unit-commonMain-1.7.3.klib
ui-unit-jbMain-1.7.3.klib
ui-unit-jsNativeMain-1.7.3.klib
ui-util-commonMain-1.7.3.klib
ui-util-nonJvmMain-1.7.3.klib
ui-util-uikitMain-1.7.3.klib
