root
╰─── org.jetbrains.kotlinx:atomicfu-jvm:0.23.2
