root
╰─── org.jetbrains:dr-snapshot-sample:1.0-SNAPSHOT
