root
╰─── module:jvm-unresolved-dependencies
     ├─── jvm-unresolved-dependencies:main:com.jetbrains.intellij.platform:core:233.13763.1
     │    ╰─── com.jetbrains.intellij.platform:core:233.13763.1
     ├─── jvm-unresolved-dependencies:main:org.jetbrains.kotlin:kotlin-stdlib:#kotlinVersion, implicit
     │    ╰─── org.jetbrains.kotlin:kotlin-stdlib:#kotlinVersion
     │         ╰─── org.jetbrains:annotations:13.0
     ├─── jvm-unresolved-dependencies:test:com.jetbrains.intellij.platform:core:233.13763.1
     │    ╰─── com.jetbrains.intellij.platform:core:233.13763.1
     ├─── jvm-unresolved-dependencies:test:org.jetbrains.kotlin:kotlin-stdlib:#kotlinVersion, implicit
     │    ╰─── org.jetbrains.kotlin:kotlin-stdlib:#kotlinVersion (*)
     ╰─── jvm-unresolved-dependencies:test:org.jetbrains.kotlin:kotlin-test-junit5:#kotlinVersion, implicit (because the test engine is junit-5)
          ╰─── org.jetbrains.kotlin:kotlin-test-junit5:#kotlinVersion
               ├─── org.jetbrains.kotlin:kotlin-test:#kotlinVersion
               │    ╰─── org.jetbrains.kotlin:kotlin-stdlib:#kotlinVersion (*)
               ╰─── org.junit.jupiter:junit-jupiter-api:5.10.1
                    ├─── org.junit:junit-bom:5.10.1
                    ├─── org.opentest4j:opentest4j:1.3.0
                    ├─── org.junit.platform:junit-platform-commons:1.10.1
                    │    ├─── org.junit:junit-bom:5.10.1
                    │    ╰─── org.apiguardian:apiguardian-api:1.1.2
                    ╰─── org.apiguardian:apiguardian-api:1.1.2