(org.jetbrains.kotlin:kotlin-stdlib:#kotlinVersion, org.jetbrains.kotlin:kotlin-stdlib:2.1.21 -> #kotlinVersion)
(org.jetbrains.kotlin:kotlin-stdlib:#kotlinVersion, org.jetbrains.kotlin:kotlin-stdlib:2.1.21 -> #kotlinVersion)
(org.jetbrains.kotlin:kotlin-stdlib:#kotlinVersion, org.jetbrains.kotlin:kotlin-stdlib:2.1.21 -> #kotlinVersion)
(org.jetbrains.kotlin:kotlin-stdlib:#kotlinVersion, org.jetbrains.kotlin:kotlin-stdlib:2.1.21 -> #kotlinVersion)
(org.jetbrains.kotlinx:atomicfu:0.23.2, org.jetbrains.kotlinx:atomicfu:0.23.1 -> 0.23.2)
(org.jetbrains.kotlinx:atomicfu:0.23.2, org.jetbrains.kotlinx:atomicfu:0.23.1 -> 0.23.2)
(org.jetbrains.kotlinx:atomicfu:0.23.2, org.jetbrains.kotlinx:atomicfu:0.23.1 -> 0.23.2)
(org.jetbrains.kotlinx:atomicfu:0.23.2, org.jetbrains.kotlinx:atomicfu:0.23.1 -> 0.23.2)
(org.jetbrains.kotlin:kotlin-stdlib:#kotlinVersion, org.jetbrains.kotlin:kotlin-stdlib:1.9.21 -> #kotlinVersion)
(org.jetbrains.kotlin:kotlin-stdlib:#kotlinVersion, org.jetbrains.kotlin:kotlin-stdlib:1.9.21 -> #kotlinVersion)
(org.jetbrains.kotlin:kotlin-stdlib:#kotlinVersion, org.jetbrains.kotlin:kotlin-stdlib:1.9.21 -> #kotlinVersion)
(org.jetbrains.kotlin:kotlin-stdlib:#kotlinVersion, org.jetbrains.kotlin:kotlin-stdlib:1.9.21 -> #kotlinVersion)
(org.jetbrains.kotlin:kotlin-stdlib:#kotlinVersion, org.jetbrains.kotlin:kotlin-stdlib:2.1.21 -> #kotlinVersion)
(org.jetbrains.kotlin:kotlin-stdlib:#kotlinVersion, org.jetbrains.kotlin:kotlin-stdlib:2.1.21 -> #kotlinVersion)
(org.jetbrains.kotlin:kotlin-stdlib:#kotlinVersion, org.jetbrains.kotlin:kotlin-stdlib:2.1.21 -> #kotlinVersion)
(org.jetbrains.kotlin:kotlin-stdlib:#kotlinVersion, org.jetbrains.kotlin:kotlin-stdlib:2.1.21 -> #kotlinVersion)
(org.jetbrains.kotlin:kotlin-stdlib:#kotlinVersion, org.jetbrains.kotlin:kotlin-stdlib:2.1.21 -> #kotlinVersion)
(org.jetbrains.kotlin:kotlin-stdlib:#kotlinVersion, org.jetbrains.kotlin:kotlin-stdlib:2.1.21 -> #kotlinVersion)
(org.jetbrains.kotlin:kotlin-stdlib:#kotlinVersion, org.jetbrains.kotlin:kotlin-stdlib:2.1.21 -> #kotlinVersion)
(org.jetbrains.kotlin:kotlin-stdlib:#kotlinVersion, org.jetbrains.kotlin:kotlin-stdlib:2.1.21 -> #kotlinVersion)
(org.jetbrains.kotlin:kotlin-stdlib:#kotlinVersion, org.jetbrains.kotlin:kotlin-stdlib:2.1.21 -> #kotlinVersion)
(org.jetbrains.kotlin:kotlin-stdlib:#kotlinVersion, org.jetbrains.kotlin:kotlin-stdlib:2.1.21 -> #kotlinVersion)
(org.jetbrains.kotlin:kotlin-stdlib:#kotlinVersion, org.jetbrains.kotlin:kotlin-stdlib:2.1.21 -> #kotlinVersion)
(org.jetbrains.kotlin:kotlin-stdlib:#kotlinVersion, org.jetbrains.kotlin:kotlin-stdlib:2.1.21 -> #kotlinVersion)
(org.jetbrains.kotlin:kotlin-stdlib:#kotlinVersion, org.jetbrains.kotlin:kotlin-stdlib:2.1.21 -> #kotlinVersion)
(org.jetbrains.kotlin:kotlin-stdlib:#kotlinVersion, org.jetbrains.kotlin:kotlin-stdlib:2.1.21 -> #kotlinVersion)
(org.jetbrains.kotlin:kotlin-stdlib:#kotlinVersion, org.jetbrains.kotlin:kotlin-stdlib:2.1.21 -> #kotlinVersion)
(org.jetbrains.kotlin:kotlin-stdlib:#kotlinVersion, org.jetbrains.kotlin:kotlin-stdlib:2.1.21 -> #kotlinVersion)
(org.jetbrains.kotlin:kotlin-stdlib:#kotlinVersion, org.jetbrains.kotlin:kotlin-stdlib:2.1.21 -> #kotlinVersion)
(org.jetbrains.kotlin:kotlin-stdlib:#kotlinVersion, org.jetbrains.kotlin:kotlin-stdlib:2.1.21 -> #kotlinVersion)
(org.jetbrains.kotlin:kotlin-stdlib:#kotlinVersion, org.jetbrains.kotlin:kotlin-stdlib:2.1.21 -> #kotlinVersion)
(org.jetbrains.kotlin:kotlin-stdlib:#kotlinVersion, org.jetbrains.kotlin:kotlin-stdlib:2.1.21 -> #kotlinVersion)
(org.jetbrains.kotlin:kotlin-stdlib:#kotlinVersion, org.jetbrains.kotlin:kotlin-stdlib:2.1.21 -> #kotlinVersion)
(org.jetbrains.kotlin:kotlin-stdlib:#kotlinVersion, org.jetbrains.kotlin:kotlin-stdlib:2.1.21 -> #kotlinVersion)
(org.jetbrains.kotlin:kotlin-stdlib:#kotlinVersion, org.jetbrains.kotlin:kotlin-stdlib:2.1.21 -> #kotlinVersion)
(org.jetbrains.kotlin:kotlin-stdlib:#kotlinVersion, org.jetbrains.kotlin:kotlin-stdlib:2.1.21 -> #kotlinVersion)
(org.jetbrains.kotlin:kotlin-stdlib:#kotlinVersion, org.jetbrains.kotlin:kotlin-stdlib:1.9.24 -> #kotlinVersion)
(org.jetbrains.kotlin:kotlin-stdlib:#kotlinVersion, org.jetbrains.kotlin:kotlin-stdlib:1.9.24 -> #kotlinVersion)
(org.jetbrains.kotlin:kotlin-stdlib:#kotlinVersion, org.jetbrains.kotlin:kotlin-stdlib:1.9.24 -> #kotlinVersion)
(org.jetbrains.kotlin:kotlin-stdlib:#kotlinVersion, org.jetbrains.kotlin:kotlin-stdlib:1.9.24 -> #kotlinVersion)
(org.jetbrains.compose.annotation-internal:annotation:#composeDefaultVersion, org.jetbrains.compose.annotation-internal:annotation:1.6.11 -> #composeDefaultVersion)
(org.jetbrains.compose.annotation-internal:annotation:#composeDefaultVersion, org.jetbrains.compose.annotation-internal:annotation:1.6.11 -> #composeDefaultVersion)
(org.jetbrains.compose.annotation-internal:annotation:#composeDefaultVersion, org.jetbrains.compose.annotation-internal:annotation:1.6.11 -> #composeDefaultVersion)
(org.jetbrains.compose.annotation-internal:annotation:#composeDefaultVersion, org.jetbrains.compose.annotation-internal:annotation:1.6.11 -> #composeDefaultVersion)
(org.jetbrains.compose.runtime:runtime:#composeDefaultVersion, org.jetbrains.compose.runtime:runtime:1.6.11 -> #composeDefaultVersion)
(org.jetbrains.compose.runtime:runtime:#composeDefaultVersion, org.jetbrains.compose.runtime:runtime:1.6.11 -> #composeDefaultVersion)
(org.jetbrains.compose.runtime:runtime:#composeDefaultVersion, org.jetbrains.compose.runtime:runtime:1.6.11 -> #composeDefaultVersion)
(org.jetbrains.compose.runtime:runtime:#composeDefaultVersion, org.jetbrains.compose.runtime:runtime:1.6.11 -> #composeDefaultVersion)
(org.jetbrains.kotlin:kotlin-stdlib-common:#kotlinVersion, org.jetbrains.kotlin:kotlin-stdlib-common:1.9.21 -> #kotlinVersion)
(org.jetbrains.kotlin:kotlin-stdlib-common:#kotlinVersion, org.jetbrains.kotlin:kotlin-stdlib-common:1.9.21 -> #kotlinVersion)
(org.jetbrains.kotlin:kotlin-stdlib-common:#kotlinVersion, org.jetbrains.kotlin:kotlin-stdlib-common:1.9.21 -> #kotlinVersion)
(org.jetbrains.kotlin:kotlin-stdlib:#kotlinVersion, org.jetbrains.kotlin:kotlin-stdlib:1.9.21 -> #kotlinVersion)
(org.jetbrains.kotlin:kotlin-stdlib:#kotlinVersion, org.jetbrains.kotlin:kotlin-stdlib:1.9.21 -> #kotlinVersion)
(org.jetbrains.kotlin:kotlin-stdlib:#kotlinVersion, org.jetbrains.kotlin:kotlin-stdlib:1.9.21 -> #kotlinVersion)
(org.jetbrains.kotlin:kotlin-stdlib:#kotlinVersion, org.jetbrains.kotlin:kotlin-stdlib:1.9.21 -> #kotlinVersion)
(org.jetbrains.kotlinx:atomicfu:0.23.2, org.jetbrains.kotlinx:atomicfu:0.23.1 -> 0.23.2)
(org.jetbrains.kotlinx:atomicfu:0.23.2, org.jetbrains.kotlinx:atomicfu:0.23.1 -> 0.23.2)
(org.jetbrains.kotlinx:atomicfu:0.23.2, org.jetbrains.kotlinx:atomicfu:0.23.1 -> 0.23.2)
(org.jetbrains.kotlinx:atomicfu:0.23.2, org.jetbrains.kotlinx:atomicfu:0.23.1 -> 0.23.2)
(org.jetbrains.kotlin:kotlin-stdlib:#kotlinVersion, org.jetbrains.kotlin:kotlin-stdlib:1.9.21 -> #kotlinVersion)
(org.jetbrains.kotlin:kotlin-stdlib:#kotlinVersion, org.jetbrains.kotlin:kotlin-stdlib:1.9.21 -> #kotlinVersion)
(org.jetbrains.kotlin:kotlin-stdlib:#kotlinVersion, org.jetbrains.kotlin:kotlin-stdlib:1.9.21 -> #kotlinVersion)
(org.jetbrains.kotlin:kotlin-stdlib:#kotlinVersion, org.jetbrains.kotlin:kotlin-stdlib:1.9.21 -> #kotlinVersion)
(org.jetbrains.kotlinx:atomicfu:0.23.2, org.jetbrains.kotlinx:atomicfu:0.23.1 -> 0.23.2)
(org.jetbrains.kotlinx:atomicfu:0.23.2, org.jetbrains.kotlinx:atomicfu:0.23.1 -> 0.23.2)
(org.jetbrains.kotlinx:atomicfu:0.23.2, org.jetbrains.kotlinx:atomicfu:0.23.1 -> 0.23.2)
(org.jetbrains.kotlinx:atomicfu:0.23.2, org.jetbrains.kotlinx:atomicfu:0.23.1 -> 0.23.2)
(org.jetbrains.kotlin:kotlin-stdlib:#kotlinVersion, org.jetbrains.kotlin:kotlin-stdlib:1.9.21 -> #kotlinVersion)
(org.jetbrains.kotlin:kotlin-stdlib:#kotlinVersion, org.jetbrains.kotlin:kotlin-stdlib:1.9.21 -> #kotlinVersion)
(org.jetbrains.kotlin:kotlin-stdlib:#kotlinVersion, org.jetbrains.kotlin:kotlin-stdlib:1.9.21 -> #kotlinVersion)
(org.jetbrains.kotlin:kotlin-stdlib:#kotlinVersion, org.jetbrains.kotlin:kotlin-stdlib:1.9.21 -> #kotlinVersion)
(org.jetbrains.kotlinx:atomicfu:0.23.2, org.jetbrains.kotlinx:atomicfu:0.23.1 -> 0.23.2)
(org.jetbrains.kotlinx:atomicfu:0.23.2, org.jetbrains.kotlinx:atomicfu:0.23.1 -> 0.23.2)
(org.jetbrains.kotlinx:atomicfu:0.23.2, org.jetbrains.kotlinx:atomicfu:0.23.1 -> 0.23.2)
(org.jetbrains.kotlinx:atomicfu:0.23.2, org.jetbrains.kotlinx:atomicfu:0.23.1 -> 0.23.2)
(org.jetbrains.kotlin:kotlin-stdlib:#kotlinVersion, org.jetbrains.kotlin:kotlin-stdlib:1.9.24 -> #kotlinVersion)
(org.jetbrains.kotlin:kotlin-stdlib:#kotlinVersion, org.jetbrains.kotlin:kotlin-stdlib:1.9.24 -> #kotlinVersion)
(org.jetbrains.kotlin:kotlin-stdlib:#kotlinVersion, org.jetbrains.kotlin:kotlin-stdlib:1.9.24 -> #kotlinVersion)
(org.jetbrains.kotlin:kotlin-stdlib:#kotlinVersion, org.jetbrains.kotlin:kotlin-stdlib:1.9.24 -> #kotlinVersion)
(org.jetbrains.kotlin:kotlin-stdlib:#kotlinVersion, org.jetbrains.kotlin:kotlin-stdlib:1.9.24 -> #kotlinVersion)
(org.jetbrains.kotlin:kotlin-stdlib:#kotlinVersion, org.jetbrains.kotlin:kotlin-stdlib:1.9.24 -> #kotlinVersion)
(org.jetbrains.kotlin:kotlin-stdlib:#kotlinVersion, org.jetbrains.kotlin:kotlin-stdlib:1.9.24 -> #kotlinVersion)
(org.jetbrains.kotlin:kotlin-stdlib:#kotlinVersion, org.jetbrains.kotlin:kotlin-stdlib:1.9.24 -> #kotlinVersion)
(org.jetbrains.compose.annotation-internal:annotation:#composeDefaultVersion, org.jetbrains.compose.annotation-internal:annotation:1.6.11 -> #composeDefaultVersion)
(org.jetbrains.compose.annotation-internal:annotation:#composeDefaultVersion, org.jetbrains.compose.annotation-internal:annotation:1.6.11 -> #composeDefaultVersion)
(org.jetbrains.compose.annotation-internal:annotation:#composeDefaultVersion, org.jetbrains.compose.annotation-internal:annotation:1.6.11 -> #composeDefaultVersion)
(org.jetbrains.compose.annotation-internal:annotation:#composeDefaultVersion, org.jetbrains.compose.annotation-internal:annotation:1.6.11 -> #composeDefaultVersion)
(org.jetbrains.kotlin:kotlin-stdlib:#kotlinVersion, org.jetbrains.kotlin:kotlin-stdlib:1.9.24 -> #kotlinVersion)
(org.jetbrains.kotlin:kotlin-stdlib:#kotlinVersion, org.jetbrains.kotlin:kotlin-stdlib:1.9.24 -> #kotlinVersion)
(org.jetbrains.kotlin:kotlin-stdlib:#kotlinVersion, org.jetbrains.kotlin:kotlin-stdlib:1.9.24 -> #kotlinVersion)
(org.jetbrains.kotlin:kotlin-stdlib:#kotlinVersion, org.jetbrains.kotlin:kotlin-stdlib:1.9.24 -> #kotlinVersion)
(org.jetbrains.kotlin:kotlin-stdlib:#kotlinVersion, org.jetbrains.kotlin:kotlin-stdlib:1.9.24 -> #kotlinVersion)
(org.jetbrains.kotlin:kotlin-stdlib:#kotlinVersion, org.jetbrains.kotlin:kotlin-stdlib:1.9.24 -> #kotlinVersion)
(org.jetbrains.kotlin:kotlin-stdlib:#kotlinVersion, org.jetbrains.kotlin:kotlin-stdlib:1.9.24 -> #kotlinVersion)
(org.jetbrains.kotlin:kotlin-stdlib:#kotlinVersion, org.jetbrains.kotlin:kotlin-stdlib:1.9.24 -> #kotlinVersion)
(org.jetbrains.compose.annotation-internal:annotation:#composeDefaultVersion, org.jetbrains.compose.annotation-internal:annotation:1.6.11 -> #composeDefaultVersion)
(org.jetbrains.compose.annotation-internal:annotation:#composeDefaultVersion, org.jetbrains.compose.annotation-internal:annotation:1.6.11 -> #composeDefaultVersion)
(org.jetbrains.compose.annotation-internal:annotation:#composeDefaultVersion, org.jetbrains.compose.annotation-internal:annotation:1.6.11 -> #composeDefaultVersion)
(org.jetbrains.compose.annotation-internal:annotation:#composeDefaultVersion, org.jetbrains.compose.annotation-internal:annotation:1.6.11 -> #composeDefaultVersion)
(org.jetbrains.kotlin:kotlin-stdlib:#kotlinVersion, org.jetbrains.kotlin:kotlin-stdlib:1.9.24 -> #kotlinVersion)
(org.jetbrains.kotlin:kotlin-stdlib:#kotlinVersion, org.jetbrains.kotlin:kotlin-stdlib:1.9.24 -> #kotlinVersion)
(org.jetbrains.kotlin:kotlin-stdlib:#kotlinVersion, org.jetbrains.kotlin:kotlin-stdlib:1.9.24 -> #kotlinVersion)
(org.jetbrains.kotlin:kotlin-stdlib:#kotlinVersion, org.jetbrains.kotlin:kotlin-stdlib:1.9.24 -> #kotlinVersion)
(org.jetbrains.kotlin:kotlin-stdlib:#kotlinVersion, org.jetbrains.kotlin:kotlin-stdlib:1.9.24 -> #kotlinVersion)
(org.jetbrains.kotlin:kotlin-stdlib:#kotlinVersion, org.jetbrains.kotlin:kotlin-stdlib:1.9.24 -> #kotlinVersion)
(org.jetbrains.kotlin:kotlin-stdlib:#kotlinVersion, org.jetbrains.kotlin:kotlin-stdlib:1.9.24 -> #kotlinVersion)
(org.jetbrains.kotlin:kotlin-stdlib:#kotlinVersion, org.jetbrains.kotlin:kotlin-stdlib:1.9.24 -> #kotlinVersion)
(org.jetbrains.compose.annotation-internal:annotation:#composeDefaultVersion, org.jetbrains.compose.annotation-internal:annotation:1.6.11 -> #composeDefaultVersion)
(org.jetbrains.compose.annotation-internal:annotation:#composeDefaultVersion, org.jetbrains.compose.annotation-internal:annotation:1.6.11 -> #composeDefaultVersion)
(org.jetbrains.compose.annotation-internal:annotation:#composeDefaultVersion, org.jetbrains.compose.annotation-internal:annotation:1.6.11 -> #composeDefaultVersion)
(org.jetbrains.compose.annotation-internal:annotation:#composeDefaultVersion, org.jetbrains.compose.annotation-internal:annotation:1.6.11 -> #composeDefaultVersion)
(org.jetbrains.compose.runtime:runtime:#composeDefaultVersion, org.jetbrains.compose.runtime:runtime:1.6.11 -> #composeDefaultVersion)
(org.jetbrains.compose.runtime:runtime:#composeDefaultVersion, org.jetbrains.compose.runtime:runtime:1.6.11 -> #composeDefaultVersion)
(org.jetbrains.compose.runtime:runtime:#composeDefaultVersion, org.jetbrains.compose.runtime:runtime:1.6.11 -> #composeDefaultVersion)
(org.jetbrains.compose.runtime:runtime:#composeDefaultVersion, org.jetbrains.compose.runtime:runtime:1.6.11 -> #composeDefaultVersion)
(org.jetbrains.kotlin:kotlin-stdlib-common:#kotlinVersion, org.jetbrains.kotlin:kotlin-stdlib-common:1.9.21 -> #kotlinVersion)
(org.jetbrains.kotlin:kotlin-stdlib-common:#kotlinVersion, org.jetbrains.kotlin:kotlin-stdlib-common:1.9.21 -> #kotlinVersion)
(org.jetbrains.kotlin:kotlin-stdlib-common:#kotlinVersion, org.jetbrains.kotlin:kotlin-stdlib-common:1.9.21 -> #kotlinVersion)
(org.jetbrains.compose.runtime:runtime:#composeDefaultVersion, org.jetbrains.compose.runtime:runtime:1.6.11 -> #composeDefaultVersion)
(org.jetbrains.compose.runtime:runtime:#composeDefaultVersion, org.jetbrains.compose.runtime:runtime:1.6.11 -> #composeDefaultVersion)
(org.jetbrains.compose.runtime:runtime:#composeDefaultVersion, org.jetbrains.compose.runtime:runtime:1.6.11 -> #composeDefaultVersion)
(org.jetbrains.compose.runtime:runtime:#composeDefaultVersion, org.jetbrains.compose.runtime:runtime:1.6.11 -> #composeDefaultVersion)
(org.jetbrains.kotlin:kotlin-stdlib-common:#kotlinVersion, org.jetbrains.kotlin:kotlin-stdlib-common:1.9.21 -> #kotlinVersion)
(org.jetbrains.kotlin:kotlin-stdlib-common:#kotlinVersion, org.jetbrains.kotlin:kotlin-stdlib-common:1.9.21 -> #kotlinVersion)
(org.jetbrains.kotlin:kotlin-stdlib-common:#kotlinVersion, org.jetbrains.kotlin:kotlin-stdlib-common:1.9.21 -> #kotlinVersion)
(org.jetbrains.compose.runtime:runtime:#composeDefaultVersion, org.jetbrains.compose.runtime:runtime:1.6.11 -> #composeDefaultVersion)
(org.jetbrains.compose.runtime:runtime:#composeDefaultVersion, org.jetbrains.compose.runtime:runtime:1.6.11 -> #composeDefaultVersion)
(org.jetbrains.compose.runtime:runtime:#composeDefaultVersion, org.jetbrains.compose.runtime:runtime:1.6.11 -> #composeDefaultVersion)
(org.jetbrains.compose.runtime:runtime:#composeDefaultVersion, org.jetbrains.compose.runtime:runtime:1.6.11 -> #composeDefaultVersion)
(org.jetbrains.kotlin:kotlin-stdlib-common:#kotlinVersion, org.jetbrains.kotlin:kotlin-stdlib-common:1.9.21 -> #kotlinVersion)
(org.jetbrains.kotlin:kotlin-stdlib-common:#kotlinVersion, org.jetbrains.kotlin:kotlin-stdlib-common:1.9.21 -> #kotlinVersion)
(org.jetbrains.kotlin:kotlin-stdlib-common:#kotlinVersion, org.jetbrains.kotlin:kotlin-stdlib-common:1.9.21 -> #kotlinVersion)
(androidx.annotation:annotation:1.9.1, androidx.annotation:annotation:1.8.1 -> 1.9.1)
(androidx.annotation:annotation:1.9.1, androidx.annotation:annotation:1.8.1 -> 1.9.1)
(androidx.annotation:annotation:1.9.1, androidx.annotation:annotation:1.8.1 -> 1.9.1)
(androidx.annotation:annotation:1.9.1, androidx.annotation:annotation:1.8.1 -> 1.9.1)
(org.jetbrains.kotlin:kotlin-stdlib:#kotlinVersion, org.jetbrains.kotlin:kotlin-stdlib:1.8.22 -> #kotlinVersion)
(org.jetbrains.kotlin:kotlin-stdlib:#kotlinVersion, org.jetbrains.kotlin:kotlin-stdlib:1.8.22 -> #kotlinVersion)
(org.jetbrains.kotlin:kotlin-stdlib:#kotlinVersion, org.jetbrains.kotlin:kotlin-stdlib:1.8.22 -> #kotlinVersion)
(org.jetbrains.kotlin:kotlin-stdlib:#kotlinVersion, org.jetbrains.kotlin:kotlin-stdlib:1.8.22 -> #kotlinVersion)
(org.jetbrains.kotlinx:atomicfu:0.23.2, org.jetbrains.kotlinx:atomicfu:0.17.0 -> 0.23.2)
(org.jetbrains.kotlinx:atomicfu:0.23.2, org.jetbrains.kotlinx:atomicfu:0.17.0 -> 0.23.2)
(org.jetbrains.kotlinx:atomicfu:0.23.2, org.jetbrains.kotlinx:atomicfu:0.17.0 -> 0.23.2)
(org.jetbrains.kotlinx:atomicfu:0.23.2, org.jetbrains.kotlinx:atomicfu:0.17.0 -> 0.23.2)
(org.jetbrains.kotlinx:kotlinx-coroutines-core:1.8.0, org.jetbrains.kotlinx:kotlinx-coroutines-core:1.7.3 -> 1.8.0)
(org.jetbrains.kotlinx:kotlinx-coroutines-core:1.8.0, org.jetbrains.kotlinx:kotlinx-coroutines-core:1.7.3 -> 1.8.0)
(org.jetbrains.kotlinx:kotlinx-coroutines-core:1.8.0, org.jetbrains.kotlinx:kotlinx-coroutines-core:1.7.3 -> 1.8.0)
(org.jetbrains.kotlinx:kotlinx-coroutines-core:1.8.0, org.jetbrains.kotlinx:kotlinx-coroutines-core:1.7.3 -> 1.8.0)
(androidx.annotation:annotation:1.9.1, androidx.annotation:annotation:1.8.0 -> 1.9.1)
(androidx.annotation:annotation:1.9.1, androidx.annotation:annotation:1.8.0 -> 1.9.1)
(androidx.annotation:annotation:1.9.1, androidx.annotation:annotation:1.8.0 -> 1.9.1)
(androidx.annotation:annotation:1.9.1, androidx.annotation:annotation:1.8.0 -> 1.9.1)
(androidx.annotation:annotation:1.9.1, androidx.annotation:annotation:1.8.1 -> 1.9.1)
(androidx.annotation:annotation:1.9.1, androidx.annotation:annotation:1.8.1 -> 1.9.1)
(androidx.annotation:annotation:1.9.1, androidx.annotation:annotation:1.8.1 -> 1.9.1)
(androidx.annotation:annotation:1.9.1, androidx.annotation:annotation:1.8.1 -> 1.9.1)
(org.jetbrains.kotlin:kotlin-stdlib:#kotlinVersion, org.jetbrains.kotlin:kotlin-stdlib:1.8.22 -> #kotlinVersion)
(org.jetbrains.kotlin:kotlin-stdlib:#kotlinVersion, org.jetbrains.kotlin:kotlin-stdlib:1.8.22 -> #kotlinVersion)
(org.jetbrains.kotlin:kotlin-stdlib:#kotlinVersion, org.jetbrains.kotlin:kotlin-stdlib:1.8.22 -> #kotlinVersion)
(org.jetbrains.kotlin:kotlin-stdlib:#kotlinVersion, org.jetbrains.kotlin:kotlin-stdlib:1.8.22 -> #kotlinVersion)
(org.jetbrains.kotlinx:atomicfu:0.23.2, org.jetbrains.kotlinx:atomicfu:0.17.0 -> 0.23.2)
(org.jetbrains.kotlinx:atomicfu:0.23.2, org.jetbrains.kotlinx:atomicfu:0.17.0 -> 0.23.2)
(org.jetbrains.kotlinx:atomicfu:0.23.2, org.jetbrains.kotlinx:atomicfu:0.17.0 -> 0.23.2)
(org.jetbrains.kotlinx:atomicfu:0.23.2, org.jetbrains.kotlinx:atomicfu:0.17.0 -> 0.23.2)
(org.jetbrains.kotlinx:kotlinx-coroutines-core:1.8.0, org.jetbrains.kotlinx:kotlinx-coroutines-core:1.7.3 -> 1.8.0)
(org.jetbrains.kotlinx:kotlinx-coroutines-core:1.8.0, org.jetbrains.kotlinx:kotlinx-coroutines-core:1.7.3 -> 1.8.0)
(org.jetbrains.kotlinx:kotlinx-coroutines-core:1.8.0, org.jetbrains.kotlinx:kotlinx-coroutines-core:1.7.3 -> 1.8.0)
(org.jetbrains.kotlinx:kotlinx-coroutines-core:1.8.0, org.jetbrains.kotlinx:kotlinx-coroutines-core:1.7.3 -> 1.8.0)
(androidx.annotation:annotation:1.9.1, androidx.annotation:annotation:1.8.0 -> 1.9.1)
(androidx.annotation:annotation:1.9.1, androidx.annotation:annotation:1.8.0 -> 1.9.1)
(androidx.annotation:annotation:1.9.1, androidx.annotation:annotation:1.8.0 -> 1.9.1)
(androidx.annotation:annotation:1.9.1, androidx.annotation:annotation:1.8.0 -> 1.9.1)
(androidx.annotation:annotation:1.9.1, androidx.annotation:annotation:1.8.1 -> 1.9.1)
(androidx.annotation:annotation:1.9.1, androidx.annotation:annotation:1.8.1 -> 1.9.1)
(androidx.annotation:annotation:1.9.1, androidx.annotation:annotation:1.8.1 -> 1.9.1)
(androidx.annotation:annotation:1.9.1, androidx.annotation:annotation:1.8.1 -> 1.9.1)
(org.jetbrains.kotlin:kotlin-stdlib:#kotlinVersion, org.jetbrains.kotlin:kotlin-stdlib:1.8.22 -> #kotlinVersion)
(org.jetbrains.kotlin:kotlin-stdlib:#kotlinVersion, org.jetbrains.kotlin:kotlin-stdlib:1.8.22 -> #kotlinVersion)
(org.jetbrains.kotlin:kotlin-stdlib:#kotlinVersion, org.jetbrains.kotlin:kotlin-stdlib:1.8.22 -> #kotlinVersion)
(org.jetbrains.kotlin:kotlin-stdlib:#kotlinVersion, org.jetbrains.kotlin:kotlin-stdlib:1.8.22 -> #kotlinVersion)
(org.jetbrains.kotlinx:atomicfu:0.23.2, org.jetbrains.kotlinx:atomicfu:0.17.0 -> 0.23.2)
(org.jetbrains.kotlinx:atomicfu:0.23.2, org.jetbrains.kotlinx:atomicfu:0.17.0 -> 0.23.2)
(org.jetbrains.kotlinx:atomicfu:0.23.2, org.jetbrains.kotlinx:atomicfu:0.17.0 -> 0.23.2)
(org.jetbrains.kotlinx:atomicfu:0.23.2, org.jetbrains.kotlinx:atomicfu:0.17.0 -> 0.23.2)
(org.jetbrains.kotlinx:kotlinx-coroutines-core:1.8.0, org.jetbrains.kotlinx:kotlinx-coroutines-core:1.7.3 -> 1.8.0)
(org.jetbrains.kotlinx:kotlinx-coroutines-core:1.8.0, org.jetbrains.kotlinx:kotlinx-coroutines-core:1.7.3 -> 1.8.0)
(org.jetbrains.kotlinx:kotlinx-coroutines-core:1.8.0, org.jetbrains.kotlinx:kotlinx-coroutines-core:1.7.3 -> 1.8.0)
(org.jetbrains.kotlinx:kotlinx-coroutines-core:1.8.0, org.jetbrains.kotlinx:kotlinx-coroutines-core:1.7.3 -> 1.8.0)
(androidx.annotation:annotation:1.9.1, androidx.annotation:annotation:1.8.0 -> 1.9.1)
(androidx.annotation:annotation:1.9.1, androidx.annotation:annotation:1.8.0 -> 1.9.1)
(androidx.annotation:annotation:1.9.1, androidx.annotation:annotation:1.8.0 -> 1.9.1)
(androidx.annotation:annotation:1.9.1, androidx.annotation:annotation:1.8.0 -> 1.9.1)