(org.jetbrains:annotations:24.1.0, org.jetbrains:annotations:13.0 -> 24.1.0)