(jvm-unresolved-dependencies:main:com.jetbrains.intellij.platform:core:233.13763.1, com.jetbrains.intellij.platform:core:233.13763.1)
(jvm-unresolved-dependencies:main:org.jetbrains.kotlin:kotlin-stdlib:#kotlinVersion, implicit, org.jetbrains.kotlin:kotlin-stdlib:#kotlinVersion)
(jvm-unresolved-dependencies:test:com.jetbrains.intellij.platform:core:233.13763.1, com.jetbrains.intellij.platform:core:233.13763.1)
(jvm-unresolved-dependencies:test:org.jetbrains.kotlin:kotlin-stdlib:#kotlinVersion, implicit, org.jetbrains.kotlin:kotlin-stdlib:#kotlinVersion)
(jvm-unresolved-dependencies:test:org.jetbrains.kotlin:kotlin-test-junit5:#kotlinVersion, implicit (because the test engine is junit-5), org.jetbrains.kotlin:kotlin-test-junit5:#kotlinVersion)
(module:jvm-unresolved-dependencies, jvm-unresolved-dependencies:main:com.jetbrains.intellij.platform:core:233.13763.1)
(module:jvm-unresolved-dependencies, jvm-unresolved-dependencies:main:org.jetbrains.kotlin:kotlin-stdlib:#kotlinVersion, implicit)
(module:jvm-unresolved-dependencies, jvm-unresolved-dependencies:test:com.jetbrains.intellij.platform:core:233.13763.1)
(module:jvm-unresolved-dependencies, jvm-unresolved-dependencies:test:org.jetbrains.kotlin:kotlin-stdlib:#kotlinVersion, implicit)
(module:jvm-unresolved-dependencies, jvm-unresolved-dependencies:test:org.jetbrains.kotlin:kotlin-test-junit5:#kotlinVersion, implicit (because the test engine is junit-5))
(org.jetbrains.kotlin:kotlin-stdlib:#kotlinVersion, org.jetbrains.kotlin:kotlin-stdlib-common:#kotlinVersion)
(org.jetbrains.kotlin:kotlin-stdlib:#kotlinVersion, org.jetbrains.kotlin:kotlin-stdlib-jdk7:1.8.0)
(org.jetbrains.kotlin:kotlin-stdlib:#kotlinVersion, org.jetbrains.kotlin:kotlin-stdlib-jdk8:1.8.0)
(org.jetbrains.kotlin:kotlin-stdlib:#kotlinVersion, org.jetbrains:annotations:13.0)
(org.jetbrains.kotlin:kotlin-test-junit5:#kotlinVersion, org.jetbrains.kotlin:kotlin-test:#kotlinVersion)
(org.jetbrains.kotlin:kotlin-test-junit5:#kotlinVersion, org.junit.jupiter:junit-jupiter-api:5.10.1)
(org.jetbrains.kotlin:kotlin-test:#kotlinVersion, org.jetbrains.kotlin:kotlin-stdlib:#kotlinVersion)
(org.jetbrains.kotlin:kotlin-test:#kotlinVersion, org.jetbrains.kotlin:kotlin-test-annotations-common:#kotlinVersion)
(org.jetbrains.kotlin:kotlin-test:#kotlinVersion, org.jetbrains.kotlin:kotlin-test-common:#kotlinVersion)
(org.junit.jupiter:junit-jupiter-api:5.10.1, org.apiguardian:apiguardian-api:1.1.2)
(org.junit.jupiter:junit-jupiter-api:5.10.1, org.junit.platform:junit-platform-commons:1.10.1)
(org.junit.jupiter:junit-jupiter-api:5.10.1, org.junit:junit-bom:5.10.1)
(org.junit.jupiter:junit-jupiter-api:5.10.1, org.opentest4j:opentest4j:1.3.0)
(org.junit.platform:junit-platform-commons:1.10.1, org.apiguardian:apiguardian-api:1.1.2)
(org.junit.platform:junit-platform-commons:1.10.1, org.junit:junit-bom:5.10.1)
(org.junit:junit-bom:5.10.1, org.junit.jupiter:junit-jupiter-api:5.10.1)
(org.junit:junit-bom:5.10.1, org.junit.jupiter:junit-jupiter-engine:5.10.1)
(org.junit:junit-bom:5.10.1, org.junit.jupiter:junit-jupiter-migrationsupport:5.10.1)
(org.junit:junit-bom:5.10.1, org.junit.jupiter:junit-jupiter-params:5.10.1)
(org.junit:junit-bom:5.10.1, org.junit.jupiter:junit-jupiter:5.10.1)
(org.junit:junit-bom:5.10.1, org.junit.platform:junit-platform-commons:1.10.1)
(org.junit:junit-bom:5.10.1, org.junit.platform:junit-platform-console:1.10.1)
(org.junit:junit-bom:5.10.1, org.junit.platform:junit-platform-engine:1.10.1)
(org.junit:junit-bom:5.10.1, org.junit.platform:junit-platform-jfr:1.10.1)
(org.junit:junit-bom:5.10.1, org.junit.platform:junit-platform-launcher:1.10.1)
(org.junit:junit-bom:5.10.1, org.junit.platform:junit-platform-reporting:1.10.1)
(org.junit:junit-bom:5.10.1, org.junit.platform:junit-platform-runner:1.10.1)
(org.junit:junit-bom:5.10.1, org.junit.platform:junit-platform-suite-api:1.10.1)
(org.junit:junit-bom:5.10.1, org.junit.platform:junit-platform-suite-commons:1.10.1)
(org.junit:junit-bom:5.10.1, org.junit.platform:junit-platform-suite-engine:1.10.1)
(org.junit:junit-bom:5.10.1, org.junit.platform:junit-platform-suite:1.10.1)
(org.junit:junit-bom:5.10.1, org.junit.platform:junit-platform-testkit:1.10.1)
(org.junit:junit-bom:5.10.1, org.junit.vintage:junit-vintage-engine:5.10.1)
(root, module:jvm-unresolved-dependencies)