module:D2
├─── D2:common:org.ow2.asm:asm:9.7
│    ╰─── org.ow2.asm:asm:9.7
├─── D2:common:org.jetbrains:annotations:24.1.0
│    ╰─── org.jetbrains:annotations:24.1.0
├─── D2:common:org.jetbrains.kotlin:kotlin-stdlib:#kotlinVersion, implicit
│    ╰─── org.jetbrains.kotlin:kotlin-stdlib:#kotlinVersion
│         ╰─── org.jetbrains:annotations:13.0 -> 24.1.0
├─── D2:commonTest:org.ow2.asm:asm:9.7
│    ╰─── org.ow2.asm:asm:9.7
├─── D2:commonTest:org.jetbrains:annotations:24.1.0
│    ╰─── org.jetbrains:annotations:24.1.0
├─── D2:commonTest:org.jetbrains.kotlin:kotlin-stdlib:#kotlinVersion, implicit
│    ╰─── org.jetbrains.kotlin:kotlin-stdlib:#kotlinVersion (*)
├─── D2:commonTest:org.jetbrains.kotlin:kotlin-test-junit5:#kotlinVersion, implicit (because the test engine is junit-5)
│    ╰─── org.jetbrains.kotlin:kotlin-test-junit5:#kotlinVersion
│         ├─── org.jetbrains.kotlin:kotlin-test:#kotlinVersion
│         │    ╰─── org.jetbrains.kotlin:kotlin-stdlib:#kotlinVersion (*)
│         ╰─── org.junit.jupiter:junit-jupiter-api:5.10.1
│              ├─── org.junit:junit-bom:5.10.1
│              ├─── org.opentest4j:opentest4j:1.3.0
│              ├─── org.junit.platform:junit-platform-commons:1.10.1
│              │    ├─── org.junit:junit-bom:5.10.1
│              │    ╰─── org.apiguardian:apiguardian-api:1.1.2
│              ╰─── org.apiguardian:apiguardian-api:1.1.2
├─── D2:jvm:org.ow2.asm:asm:9.7
│    ╰─── org.ow2.asm:asm:9.7
├─── D2:jvm:org.jetbrains:annotations:24.1.0
│    ╰─── org.jetbrains:annotations:24.1.0
├─── D2:jvm:org.jetbrains.kotlin:kotlin-stdlib:#kotlinVersion, implicit
│    ╰─── org.jetbrains.kotlin:kotlin-stdlib:#kotlinVersion (*)
├─── D2:jvmTest:org.ow2.asm:asm:9.7
│    ╰─── org.ow2.asm:asm:9.7
├─── D2:jvmTest:org.jetbrains:annotations:24.1.0
│    ╰─── org.jetbrains:annotations:24.1.0
├─── D2:jvmTest:org.jetbrains.kotlin:kotlin-stdlib:#kotlinVersion, implicit
│    ╰─── org.jetbrains.kotlin:kotlin-stdlib:#kotlinVersion (*)
╰─── D2:jvmTest:org.jetbrains.kotlin:kotlin-test-junit5:#kotlinVersion, implicit (because the test engine is junit-5)
     ╰─── org.jetbrains.kotlin:kotlin-test-junit5:#kotlinVersion (*)