Module app
│ - main
│ - scope = RUNTIME
│ - platforms = [android]
├─── app:android:io.github.dokar3:sonner:0.3.8
│    ╰─── io.github.dokar3:sonner:0.3.8
│         ╰─── io.github.dokar3:sonner-android:0.3.8
│              ├─── androidx.compose.ui:ui-tooling-preview:unspecified -> 1.8.1
│              │    ╰─── androidx.compose.ui:ui-tooling-preview-android:1.8.1
│              │         ├─── androidx.annotation:annotation:1.8.1 -> 1.9.1
│              │         │    ╰─── androidx.annotation:annotation-jvm:1.9.1
│              │         │         ╰─── org.jetbrains.kotlin:kotlin-stdlib:1.9.24 -> #kotlinVersion
│              │         │              ├─── org.jetbrains:annotations:13.0 -> 23.0.0
│              │         │              ╰─── org.jetbrains.kotlin:kotlin-stdlib-common:#kotlinVersion (c)
│              │         ├─── androidx.compose.runtime:runtime:1.8.1
│              │         │    ╰─── androidx.compose.runtime:runtime-android:1.8.1
│              │         │         ├─── androidx.annotation:annotation-experimental:1.4.1
│              │         │         │    ╰─── org.jetbrains.kotlin:kotlin-stdlib:1.7.10 -> #kotlinVersion (*)
│              │         │         ├─── androidx.collection:collection:1.5.0
│              │         │         │    ╰─── androidx.collection:collection-jvm:1.5.0
│              │         │         │         ├─── androidx.annotation:annotation:1.9.1 (*)
│              │         │         │         ├─── org.jetbrains.kotlin:kotlin-stdlib:1.9.24 -> #kotlinVersion (*)
│              │         │         │         ╰─── androidx.collection:collection-ktx:1.5.0 (c)
│              │         │         ├─── org.jetbrains.kotlin:kotlin-stdlib:1.9.24 -> #kotlinVersion (*)
│              │         │         ├─── org.jetbrains.kotlin:kotlin-stdlib-common:1.9.24 -> #kotlinVersion
│              │         │         │    ╰─── org.jetbrains.kotlin:kotlin-stdlib:#kotlinVersion (*)
│              │         │         ├─── org.jetbrains.kotlinx:kotlinx-coroutines-android:1.7.3 -> 1.8.1
│              │         │         │    ├─── org.jetbrains.kotlinx:kotlinx-coroutines-core:1.8.1
│              │         │         │    │    ╰─── org.jetbrains.kotlinx:kotlinx-coroutines-core-jvm:1.8.1
│              │         │         │    │         ├─── org.jetbrains:annotations:23.0.0
│              │         │         │    │         ├─── org.jetbrains.kotlinx:kotlinx-coroutines-bom:1.8.1
│              │         │         │    │         │    ╰─── org.jetbrains.kotlinx:kotlinx-coroutines-android:1.8.1 (c)
│              │         │         │    │         ╰─── org.jetbrains.kotlin:kotlin-stdlib:1.9.21 -> #kotlinVersion (*)
│              │         │         │    ├─── org.jetbrains.kotlinx:kotlinx-coroutines-bom:1.8.1 (*)
│              │         │         │    ╰─── org.jetbrains.kotlin:kotlin-stdlib:1.9.21 -> #kotlinVersion (*)
│              │         │         ╰─── org.jetbrains.kotlinx:kotlinx-coroutines-core:1.7.3 -> 1.8.1 (*)
│              │         ╰─── org.jetbrains.kotlin:kotlin-stdlib-common:1.8.22 -> #kotlinVersion (*)
│              ├─── org.jetbrains.kotlin:kotlin-stdlib:2.0.0 -> #kotlinVersion (*)
│              ├─── org.jetbrains.compose.runtime:runtime:1.6.11
│              │    ╰─── androidx.compose.runtime:runtime:1.6.7 -> 1.8.1 (*)
│              ├─── org.jetbrains.compose.foundation:foundation:1.6.11
│              │    ╰─── androidx.compose.foundation:foundation:1.6.7 -> 1.8.1
│              │         ╰─── androidx.compose.foundation:foundation-android:1.8.1
│              │              ├─── androidx.annotation:annotation:1.8.1 -> 1.9.1 (*)
│              │              ├─── androidx.annotation:annotation-experimental:1.4.1 (*)
│              │              ├─── androidx.collection:collection:1.5.0 (*)
│              │              ├─── androidx.compose.animation:animation:1.8.1
│              │              │    ╰─── androidx.compose.animation:animation-android:1.8.1
│              │              │         ├─── androidx.annotation:annotation:1.8.1 -> 1.9.1 (*)
│              │              │         ├─── androidx.annotation:annotation-experimental:1.4.1 (*)
│              │              │         ├─── androidx.collection:collection:1.5.0 (*)
│              │              │         ├─── androidx.compose.animation:animation-core:1.8.1
│              │              │         │    ╰─── androidx.compose.animation:animation-core-android:1.8.1
│              │              │         │         ├─── androidx.annotation:annotation:1.8.1 -> 1.9.1 (*)
│              │              │         │         ├─── androidx.collection:collection:1.5.0 (*)
│              │              │         │         ├─── androidx.compose.runtime:runtime:1.8.1 (*)
│              │              │         │         ├─── androidx.compose.ui:ui:1.8.1
│              │              │         │         │    ╰─── androidx.compose.ui:ui-android:1.8.1
│              │              │         │         │         ├─── androidx.activity:activity-ktx:1.7.0
│              │              │         │         │         │    ├─── androidx.activity:activity:1.7.0
│              │              │         │         │         │    │    ├─── androidx.annotation:annotation:1.1.0 -> 1.9.1 (*)
│              │              │         │         │         │    │    ├─── androidx.collection:collection:1.0.0 -> 1.5.0 (*)
│              │              │         │         │         │    │    ├─── androidx.core:core:1.8.0 -> 1.13.1
│              │              │         │         │         │    │    │    ├─── androidx.annotation:annotation:1.6.0 -> 1.9.1 (*)
│              │              │         │         │         │    │    │    ├─── androidx.annotation:annotation-experimental:1.4.0 -> 1.4.1 (*)
│              │              │         │         │         │    │    │    ├─── androidx.collection:collection:1.0.0 -> 1.5.0 (*)
│              │              │         │         │         │    │    │    ├─── androidx.concurrent:concurrent-futures:1.0.0 -> 1.1.0
│              │              │         │         │         │    │    │    │    ├─── androidx.annotation:annotation:1.1.0 -> 1.9.1 (*)
│              │              │         │         │         │    │    │    │    ╰─── com.google.guava:listenablefuture:1.0
│              │              │         │         │         │    │    │    ├─── androidx.interpolator:interpolator:1.0.0
│              │              │         │         │         │    │    │    │    ╰─── androidx.annotation:annotation:1.0.0 -> 1.9.1 (*)
│              │              │         │         │         │    │    │    ├─── androidx.lifecycle:lifecycle-runtime:2.6.2 -> 2.8.7
│              │              │         │         │         │    │    │    │    ╰─── androidx.lifecycle:lifecycle-runtime-android:2.8.7
│              │              │         │         │         │    │    │    │         ├─── androidx.annotation:annotation:1.8.0 -> 1.9.1 (*)
│              │              │         │         │         │    │    │    │         ├─── androidx.arch.core:core-common:2.2.0
│              │              │         │         │         │    │    │    │         │    ╰─── androidx.annotation:annotation:1.1.0 -> 1.9.1 (*)
│              │              │         │         │         │    │    │    │         ├─── androidx.arch.core:core-runtime:2.2.0
│              │              │         │         │         │    │    │    │         │    ├─── androidx.annotation:annotation:1.1.0 -> 1.9.1 (*)
│              │              │         │         │         │    │    │    │         │    ╰─── androidx.arch.core:core-common:2.2.0 (*)
│              │              │         │         │         │    │    │    │         ├─── androidx.lifecycle:lifecycle-common:2.8.7
│              │              │         │         │         │    │    │    │         │    ╰─── androidx.lifecycle:lifecycle-common-jvm:2.8.7
│              │              │         │         │         │    │    │    │         │         ├─── androidx.annotation:annotation:1.8.1 -> 1.9.1 (*)
│              │              │         │         │         │    │    │    │         │         ├─── org.jetbrains.kotlin:kotlin-stdlib:1.8.22 -> #kotlinVersion (*)
│              │              │         │         │         │    │    │    │         │         ├─── org.jetbrains.kotlinx:kotlinx-coroutines-core:1.7.3 -> 1.8.1 (*)
│              │              │         │         │         │    │    │    │         │         ├─── androidx.lifecycle:lifecycle-process:2.8.7 (c)
│              │              │         │         │         │    │    │    │         │         ╰─── androidx.lifecycle:lifecycle-viewmodel-savedstate:2.8.7 (c)
│              │              │         │         │         │    │    │    │         ├─── androidx.profileinstaller:profileinstaller:1.3.1 -> 1.4.0
│              │              │         │         │         │    │    │    │         │    ├─── androidx.annotation:annotation:1.8.1 -> 1.9.1 (*)
│              │              │         │         │         │    │    │    │         │    ├─── androidx.concurrent:concurrent-futures:1.1.0 (*)
│              │              │         │         │         │    │    │    │         │    ├─── androidx.startup:startup-runtime:1.1.1
│              │              │         │         │         │    │    │    │         │    │    ├─── androidx.annotation:annotation:1.1.0 -> 1.9.1 (*)
│              │              │         │         │         │    │    │    │         │    │    ╰─── androidx.tracing:tracing:1.0.0
│              │              │         │         │         │    │    │    │         │    │         ╰─── androidx.annotation:annotation:1.1.0 -> 1.9.1 (*)
│              │              │         │         │         │    │    │    │         │    ╰─── com.google.guava:listenablefuture:1.0
│              │              │         │         │         │    │    │    │         ├─── org.jetbrains.kotlin:kotlin-stdlib:1.8.22 -> #kotlinVersion (*)
│              │              │         │         │         │    │    │    │         ├─── org.jetbrains.kotlinx:kotlinx-coroutines-android:1.7.3 -> 1.8.1 (*)
│              │              │         │         │         │    │    │    │         ├─── androidx.lifecycle:lifecycle-process:2.8.7 (c)
│              │              │         │         │         │    │    │    │         ╰─── androidx.lifecycle:lifecycle-viewmodel-savedstate:2.8.7 (c)
│              │              │         │         │         │    │    │    ├─── androidx.versionedparcelable:versionedparcelable:1.1.1
│              │              │         │         │         │    │    │    │    ├─── androidx.annotation:annotation:1.1.0 -> 1.9.1 (*)
│              │              │         │         │         │    │    │    │    ╰─── androidx.collection:collection:1.0.0 -> 1.5.0 (*)
│              │              │         │         │         │    │    │    ├─── org.jetbrains.kotlin:kotlin-stdlib:1.8.22 -> #kotlinVersion (*)
│              │              │         │         │         │    │    │    ╰─── androidx.core:core-ktx:1.13.1 (c)
│              │              │         │         │         │    │    ├─── androidx.lifecycle:lifecycle-runtime:2.6.1 -> 2.8.7 (*)
│              │              │         │         │         │    │    ├─── androidx.lifecycle:lifecycle-viewmodel:2.6.1 -> 2.8.7
│              │              │         │         │         │    │    │    ╰─── androidx.lifecycle:lifecycle-viewmodel-android:2.8.7
│              │              │         │         │         │    │    │         ├─── androidx.annotation:annotation:1.8.0 -> 1.9.1 (*)
│              │              │         │         │         │    │    │         ├─── org.jetbrains.kotlin:kotlin-stdlib:1.8.22 -> #kotlinVersion (*)
│              │              │         │         │         │    │    │         ├─── org.jetbrains.kotlinx:kotlinx-coroutines-android:1.7.3 -> 1.8.1 (*)
│              │              │         │         │         │    │    │         ├─── org.jetbrains.kotlinx:kotlinx-coroutines-core:1.7.3 -> 1.8.1 (*)
│              │              │         │         │         │    │    │         ├─── androidx.lifecycle:lifecycle-process:2.8.7 (c)
│              │              │         │         │         │    │    │         ╰─── androidx.lifecycle:lifecycle-viewmodel-savedstate:2.8.7 (c)
│              │              │         │         │         │    │    ├─── androidx.lifecycle:lifecycle-viewmodel-savedstate:2.6.1 -> 2.8.7
│              │              │         │         │         │    │    │    ├─── androidx.annotation:annotation:1.0.0 -> 1.9.1 (*)
│              │              │         │         │         │    │    │    ├─── androidx.core:core-ktx:1.2.0 -> 1.13.1
│              │              │         │         │         │    │    │    │    ├─── androidx.annotation:annotation:1.1.0 -> 1.9.1 (*)
│              │              │         │         │         │    │    │    │    ├─── androidx.core:core:1.13.1 (*)
│              │              │         │         │         │    │    │    │    ╰─── org.jetbrains.kotlin:kotlin-stdlib:1.8.22 -> #kotlinVersion (*)
│              │              │         │         │         │    │    │    ├─── androidx.lifecycle:lifecycle-livedata-core:2.8.7
│              │              │         │         │         │    │    │    │    ├─── androidx.arch.core:core-common:2.2.0 (*)
│              │              │         │         │         │    │    │    │    ├─── androidx.arch.core:core-runtime:2.2.0 (*)
│              │              │         │         │         │    │    │    │    ├─── androidx.lifecycle:lifecycle-common:2.8.7 (*)
│              │              │         │         │         │    │    │    │    ├─── org.jetbrains.kotlin:kotlin-stdlib:1.8.22 -> #kotlinVersion (*)
│              │              │         │         │         │    │    │    │    ├─── androidx.lifecycle:lifecycle-process:2.8.7 (c)
│              │              │         │         │         │    │    │    │    ╰─── androidx.lifecycle:lifecycle-viewmodel-savedstate:2.8.7 (c)
│              │              │         │         │         │    │    │    ├─── androidx.lifecycle:lifecycle-viewmodel:2.8.7 (*)
│              │              │         │         │         │    │    │    ├─── androidx.savedstate:savedstate:1.2.1
│              │              │         │         │         │    │    │    │    ├─── androidx.annotation:annotation:1.1.0 -> 1.9.1 (*)
│              │              │         │         │         │    │    │    │    ├─── androidx.arch.core:core-common:2.1.0 -> 2.2.0 (*)
│              │              │         │         │         │    │    │    │    ├─── androidx.lifecycle:lifecycle-common:2.6.1 -> 2.8.7 (*)
│              │              │         │         │         │    │    │    │    ╰─── org.jetbrains.kotlin:kotlin-stdlib:1.8.10 -> #kotlinVersion (*)
│              │              │         │         │         │    │    │    ├─── org.jetbrains.kotlin:kotlin-stdlib:1.8.22 -> #kotlinVersion (*)
│              │              │         │         │         │    │    │    ├─── org.jetbrains.kotlinx:kotlinx-coroutines-android:1.7.3 -> 1.8.1 (*)
│              │              │         │         │         │    │    │    ╰─── androidx.lifecycle:lifecycle-process:2.8.7 (c)
│              │              │         │         │         │    │    ├─── androidx.profileinstaller:profileinstaller:1.3.0 -> 1.4.0 (*)
│              │              │         │         │         │    │    ├─── androidx.savedstate:savedstate:1.2.1 (*)
│              │              │         │         │         │    │    ├─── androidx.tracing:tracing:1.0.0 (*)
│              │              │         │         │         │    │    ╰─── org.jetbrains.kotlin:kotlin-stdlib:1.8.10 -> #kotlinVersion (*)
│              │              │         │         │         │    ├─── androidx.core:core-ktx:1.1.0 -> 1.13.1 (*)
│              │              │         │         │         │    ├─── androidx.lifecycle:lifecycle-runtime-ktx:2.6.1 -> 2.8.7
│              │              │         │         │         │    │    ╰─── androidx.lifecycle:lifecycle-runtime-ktx-android:2.8.7
│              │              │         │         │         │    │         ├─── androidx.annotation:annotation:1.8.0 -> 1.9.1 (*)
│              │              │         │         │         │    │         ├─── androidx.lifecycle:lifecycle-runtime:2.8.7 (*)
│              │              │         │         │         │    │         ├─── org.jetbrains.kotlin:kotlin-stdlib:1.8.22 -> #kotlinVersion (*)
│              │              │         │         │         │    │         ├─── org.jetbrains.kotlinx:kotlinx-coroutines-android:1.7.3 -> 1.8.1 (*)
│              │              │         │         │         │    │         ├─── androidx.lifecycle:lifecycle-process:2.8.7 (c)
│              │              │         │         │         │    │         ╰─── androidx.lifecycle:lifecycle-viewmodel-savedstate:2.8.7 (c)
│              │              │         │         │         │    ├─── androidx.lifecycle:lifecycle-viewmodel-ktx:2.6.1 -> 2.8.7
│              │              │         │         │         │    │    ├─── androidx.lifecycle:lifecycle-viewmodel:2.8.7 (*)
│              │              │         │         │         │    │    ├─── org.jetbrains.kotlin:kotlin-stdlib:1.8.22 -> #kotlinVersion (*)
│              │              │         │         │         │    │    ├─── org.jetbrains.kotlinx:kotlinx-coroutines-android:1.7.3 -> 1.8.1 (*)
│              │              │         │         │         │    │    ├─── androidx.lifecycle:lifecycle-process:2.8.7 (c)
│              │              │         │         │         │    │    ╰─── androidx.lifecycle:lifecycle-viewmodel-savedstate:2.8.7 (c)
│              │              │         │         │         │    ├─── androidx.savedstate:savedstate-ktx:1.2.1
│              │              │         │         │         │    │    ├─── androidx.savedstate:savedstate:1.2.1 (*)
│              │              │         │         │         │    │    ╰─── org.jetbrains.kotlin:kotlin-stdlib:1.8.10 -> #kotlinVersion (*)
│              │              │         │         │         │    ╰─── org.jetbrains.kotlin:kotlin-stdlib:1.8.10 -> #kotlinVersion (*)
│              │              │         │         │         ├─── androidx.annotation:annotation:1.8.1 -> 1.9.1 (*)
│              │              │         │         │         ├─── androidx.annotation:annotation-experimental:1.4.1 (*)
│              │              │         │         │         ├─── androidx.autofill:autofill:1.0.0
│              │              │         │         │         │    ╰─── androidx.core:core:1.1.0 -> 1.13.1 (*)
│              │              │         │         │         ├─── androidx.collection:collection:1.4.2 -> 1.5.0 (*)
│              │              │         │         │         ├─── androidx.collection:collection:1.5.0 (*)
│              │              │         │         │         ├─── androidx.compose.runtime:runtime:1.8.1 (*)
│              │              │         │         │         ├─── androidx.compose.runtime:runtime-saveable:1.8.1
│              │              │         │         │         │    ╰─── androidx.compose.runtime:runtime-saveable-android:1.8.1
│              │              │         │         │         │         ├─── androidx.annotation:annotation:1.8.1 -> 1.9.1 (*)
│              │              │         │         │         │         ├─── androidx.collection:collection:1.4.2 -> 1.5.0 (*)
│              │              │         │         │         │         ├─── androidx.compose.runtime:runtime:1.8.1 (*)
│              │              │         │         │         │         ╰─── org.jetbrains.kotlin:kotlin-stdlib:1.9.24 -> #kotlinVersion (*)
│              │              │         │         │         ├─── androidx.compose.ui:ui-geometry:1.8.1
│              │              │         │         │         │    ╰─── androidx.compose.ui:ui-geometry-android:1.8.1
│              │              │         │         │         │         ├─── androidx.annotation:annotation:1.8.1 -> 1.9.1 (*)
│              │              │         │         │         │         ├─── androidx.compose.runtime:runtime:1.8.1 (*)
│              │              │         │         │         │         ├─── androidx.compose.ui:ui-util:1.8.1
│              │              │         │         │         │         │    ╰─── androidx.compose.ui:ui-util-android:1.8.1
│              │              │         │         │         │         │         ├─── androidx.annotation:annotation-experimental:1.4.1 (*)
│              │              │         │         │         │         │         ├─── androidx.collection:collection:1.4.3 -> 1.5.0 (*)
│              │              │         │         │         │         │         ├─── org.jetbrains.kotlin:kotlin-stdlib:1.8.22 -> #kotlinVersion (*)
│              │              │         │         │         │         │         ╰─── androidx.compose.ui:ui-tooling-preview:1.8.1 (c)
│              │              │         │         │         │         ├─── org.jetbrains.kotlin:kotlin-stdlib:1.9.24 -> #kotlinVersion (*)
│              │              │         │         │         │         ╰─── androidx.compose.ui:ui-tooling-preview:1.8.1 (c)
│              │              │         │         │         ├─── androidx.compose.ui:ui-graphics:1.8.1
│              │              │         │         │         │    ╰─── androidx.compose.ui:ui-graphics-android:1.8.1
│              │              │         │         │         │         ├─── androidx.annotation:annotation:1.7.0 -> 1.9.1 (*)
│              │              │         │         │         │         ├─── androidx.annotation:annotation-experimental:1.4.1 (*)
│              │              │         │         │         │         ├─── androidx.collection:collection:1.4.2 -> 1.5.0 (*)
│              │              │         │         │         │         ├─── androidx.compose.runtime:runtime:1.8.1 (*)
│              │              │         │         │         │         ├─── androidx.compose.ui:ui-unit:1.8.1
│              │              │         │         │         │         │    ╰─── androidx.compose.ui:ui-unit-android:1.8.1
│              │              │         │         │         │         │         ├─── androidx.annotation:annotation:1.8.1 -> 1.9.1 (*)
│              │              │         │         │         │         │         ├─── androidx.annotation:annotation-experimental:1.4.1 (*)
│              │              │         │         │         │         │         ├─── androidx.collection:collection:1.4.2 -> 1.5.0 (*)
│              │              │         │         │         │         │         ├─── androidx.collection:collection-ktx:1.4.2 -> 1.5.0
│              │              │         │         │         │         │         │    ╰─── androidx.collection:collection:1.5.0 (*)
│              │              │         │         │         │         │         ├─── androidx.compose.runtime:runtime:1.8.1 (*)
│              │              │         │         │         │         │         ├─── androidx.compose.ui:ui-geometry:1.8.1 (*)
│              │              │         │         │         │         │         ├─── androidx.compose.ui:ui-util:1.8.1 (*)
│              │              │         │         │         │         │         ├─── org.jetbrains.kotlin:kotlin-stdlib:1.9.24 -> #kotlinVersion (*)
│              │              │         │         │         │         │         ╰─── androidx.compose.ui:ui-tooling-preview:1.8.1 (c)
│              │              │         │         │         │         ├─── androidx.compose.ui:ui-util:1.8.1 (*)
│              │              │         │         │         │         ├─── androidx.core:core:1.12.0 -> 1.13.1 (*)
│              │              │         │         │         │         ├─── androidx.graphics:graphics-path:1.0.1
│              │              │         │         │         │         │    ├─── androidx.core:core:1.12.0 -> 1.13.1 (*)
│              │              │         │         │         │         │    ╰─── org.jetbrains.kotlin:kotlin-stdlib:1.8.22 -> #kotlinVersion (*)
│              │              │         │         │         │         ├─── org.jetbrains.kotlin:kotlin-stdlib:1.9.24 -> #kotlinVersion (*)
│              │              │         │         │         │         ╰─── androidx.compose.ui:ui-tooling-preview:1.8.1 (c)
│              │              │         │         │         ├─── androidx.compose.ui:ui-text:1.8.1
│              │              │         │         │         │    ╰─── androidx.compose.ui:ui-text-android:1.8.1
│              │              │         │         │         │         ├─── androidx.annotation:annotation:1.8.1 -> 1.9.1 (*)
│              │              │         │         │         │         ├─── androidx.annotation:annotation-experimental:1.4.1 (*)
│              │              │         │         │         │         ├─── androidx.collection:collection:1.5.0 (*)
│              │              │         │         │         │         ├─── androidx.compose.runtime:runtime:1.8.1 (*)
│              │              │         │         │         │         ├─── androidx.compose.runtime:runtime-saveable:1.8.1 (*)
│              │              │         │         │         │         ├─── androidx.compose.ui:ui-graphics:1.8.1 (*)
│              │              │         │         │         │         ├─── androidx.compose.ui:ui-unit:1.8.1 (*)
│              │              │         │         │         │         ├─── androidx.compose.ui:ui-util:1.8.1 (*)
│              │              │         │         │         │         ├─── androidx.core:core:1.7.0 -> 1.13.1 (*)
│              │              │         │         │         │         ├─── androidx.emoji2:emoji2:1.4.0
│              │              │         │         │         │         │    ├─── androidx.annotation:annotation:1.2.0 -> 1.9.1 (*)
│              │              │         │         │         │         │    ├─── androidx.collection:collection:1.1.0 -> 1.5.0 (*)
│              │              │         │         │         │         │    ├─── androidx.core:core:1.3.0 -> 1.13.1 (*)
│              │              │         │         │         │         │    ├─── androidx.lifecycle:lifecycle-process:2.4.1 -> 2.8.7
│              │              │         │         │         │         │    │    ├─── androidx.annotation:annotation:1.2.0 -> 1.9.1 (*)
│              │              │         │         │         │         │    │    ├─── androidx.lifecycle:lifecycle-runtime:2.8.7 (*)
│              │              │         │         │         │         │    │    ├─── androidx.startup:startup-runtime:1.1.1 (*)
│              │              │         │         │         │         │    │    ├─── org.jetbrains.kotlin:kotlin-stdlib:1.8.22 -> #kotlinVersion (*)
│              │              │         │         │         │         │    │    ╰─── androidx.lifecycle:lifecycle-viewmodel-savedstate:2.8.7 (c)
│              │              │         │         │         │         │    ╰─── androidx.startup:startup-runtime:1.0.0 -> 1.1.1 (*)
│              │              │         │         │         │         ├─── org.jetbrains.kotlin:kotlin-stdlib:1.9.24 -> #kotlinVersion (*)
│              │              │         │         │         │         ├─── org.jetbrains.kotlinx:kotlinx-coroutines-core:1.7.3 -> 1.8.1 (*)
│              │              │         │         │         │         ╰─── androidx.compose.ui:ui-tooling-preview:1.8.1 (c)
│              │              │         │         │         ├─── androidx.compose.ui:ui-unit:1.8.1 (*)
│              │              │         │         │         ├─── androidx.compose.ui:ui-util:1.8.1 (*)
│              │              │         │         │         ├─── androidx.core:core:1.12.0 -> 1.13.1 (*)
│              │              │         │         │         ├─── androidx.customview:customview-poolingcontainer:1.0.0
│              │              │         │         │         │    ├─── androidx.core:core-ktx:1.5.0 -> 1.13.1 (*)
│              │              │         │         │         │    ╰─── org.jetbrains.kotlin:kotlin-stdlib:1.6.21 -> #kotlinVersion (*)
│              │              │         │         │         ├─── androidx.emoji2:emoji2:1.2.0 -> 1.4.0 (*)
│              │              │         │         │         ├─── androidx.lifecycle:lifecycle-runtime-compose:2.8.7
│              │              │         │         │         │    ╰─── androidx.lifecycle:lifecycle-runtime-compose-android:2.8.7
│              │              │         │         │         │         ├─── androidx.annotation:annotation:1.8.1 -> 1.9.1 (*)
│              │              │         │         │         │         ├─── androidx.compose.runtime:runtime:1.7.1 -> 1.8.1 (*)
│              │              │         │         │         │         ├─── androidx.lifecycle:lifecycle-runtime:2.8.7 (*)
│              │              │         │         │         │         ├─── androidx.lifecycle:lifecycle-runtime-ktx:2.8.7 (*)
│              │              │         │         │         │         ├─── androidx.lifecycle:lifecycle-process:2.8.7 (c)
│              │              │         │         │         │         ╰─── androidx.lifecycle:lifecycle-viewmodel-savedstate:2.8.7 (c)
│              │              │         │         │         ├─── androidx.lifecycle:lifecycle-viewmodel:2.8.7 (*)
│              │              │         │         │         ├─── androidx.lifecycle:lifecycle-viewmodel-ktx:2.8.7 (*)
│              │              │         │         │         ├─── androidx.profileinstaller:profileinstaller:1.4.0 (*)
│              │              │         │         │         ├─── androidx.savedstate:savedstate-ktx:1.2.1 (*)
│              │              │         │         │         ├─── org.jetbrains.kotlin:kotlin-stdlib:1.9.24 -> #kotlinVersion (*)
│              │              │         │         │         ├─── org.jetbrains.kotlinx:kotlinx-coroutines-android:1.7.3 -> 1.8.1 (*)
│              │              │         │         │         ├─── org.jetbrains.kotlinx:kotlinx-coroutines-core:1.7.3 -> 1.8.1 (*)
│              │              │         │         │         ├─── org.jspecify:jspecify:1.0.0
│              │              │         │         │         ╰─── androidx.compose.ui:ui-tooling-preview:1.8.1 (c)
│              │              │         │         ├─── androidx.compose.ui:ui-graphics:1.8.1 (*)
│              │              │         │         ├─── androidx.compose.ui:ui-unit:1.8.1 (*)
│              │              │         │         ├─── androidx.compose.ui:ui-util:1.8.1 (*)
│              │              │         │         ├─── org.jetbrains.kotlin:kotlin-stdlib:1.9.24 -> #kotlinVersion (*)
│              │              │         │         ╰─── org.jetbrains.kotlinx:kotlinx-coroutines-core:1.7.3 -> 1.8.1 (*)
│              │              │         ├─── androidx.compose.foundation:foundation-layout:1.8.1
│              │              │         │    ╰─── androidx.compose.foundation:foundation-layout-android:1.8.1
│              │              │         │         ├─── androidx.annotation:annotation:1.8.1 -> 1.9.1 (*)
│              │              │         │         ├─── androidx.annotation:annotation-experimental:1.4.1 (*)
│              │              │         │         ├─── androidx.collection:collection:1.5.0 (*)
│              │              │         │         ├─── androidx.compose.animation:animation-core:1.2.1 -> 1.8.1 (*)
│              │              │         │         ├─── androidx.compose.runtime:runtime:1.8.1 (*)
│              │              │         │         ├─── androidx.compose.ui:ui:1.8.1 (*)
│              │              │         │         ├─── androidx.compose.ui:ui-unit:1.8.1 (*)
│              │              │         │         ├─── androidx.compose.ui:ui-util:1.8.1 (*)
│              │              │         │         ├─── androidx.core:core:1.7.0 -> 1.13.1 (*)
│              │              │         │         ├─── org.jetbrains.kotlin:kotlin-stdlib:1.9.24 -> #kotlinVersion (*)
│              │              │         │         ╰─── androidx.compose.foundation:foundation:1.8.1 (c)
│              │              │         ├─── androidx.compose.runtime:runtime:1.8.1 (*)
│              │              │         ├─── androidx.compose.ui:ui:1.8.1 (*)
│              │              │         ├─── androidx.compose.ui:ui-geometry:1.8.1 (*)
│              │              │         ├─── androidx.compose.ui:ui-graphics:1.8.1 (*)
│              │              │         ├─── androidx.compose.ui:ui-util:1.8.1 (*)
│              │              │         ╰─── org.jetbrains.kotlin:kotlin-stdlib:1.9.24 -> #kotlinVersion (*)
│              │              ├─── androidx.compose.foundation:foundation-layout:1.8.1 (*)
│              │              ├─── androidx.compose.runtime:runtime:1.8.1 (*)
│              │              ├─── androidx.compose.ui:ui:1.8.1 (*)
│              │              ├─── androidx.compose.ui:ui-text:1.8.1 (*)
│              │              ├─── androidx.compose.ui:ui-util:1.8.1 (*)
│              │              ├─── androidx.core:core:1.13.1 (*)
│              │              ├─── androidx.emoji2:emoji2:1.3.0 -> 1.4.0 (*)
│              │              ╰─── org.jetbrains.kotlin:kotlin-stdlib:1.9.24 -> #kotlinVersion (*)
│              ├─── org.jetbrains.compose.ui:ui:1.6.11
│              │    ╰─── androidx.compose.ui:ui:1.6.7 -> 1.8.1 (*)
│              ╰─── org.jetbrains.kotlinx:kotlinx-coroutines-core:1.8.1 (*)
├─── app:android:androidx.compose:compose-bom:2025.05.00
│    ╰─── androidx.compose:compose-bom:2025.05.00
│         ├─── androidx.compose.foundation:foundation:1.8.1 (c)
│         ╰─── androidx.compose.ui:ui-tooling-preview:1.8.1 (c)
├─── app:android:org.jetbrains.kotlin:kotlin-stdlib:#kotlinVersion, implicit
│    ╰─── org.jetbrains.kotlin:kotlin-stdlib:#kotlinVersion (*)
├─── app:android:org.jetbrains.kotlin:kotlin-stdlib-jdk7:#kotlinVersion, implicit
│    ╰─── org.jetbrains.kotlin:kotlin-stdlib-jdk7:#kotlinVersion
│         ╰─── org.jetbrains.kotlin:kotlin-stdlib:#kotlinVersion (*)
├─── app:android:org.jetbrains.kotlin:kotlin-stdlib-jdk8:#kotlinVersion, implicit
│    ╰─── org.jetbrains.kotlin:kotlin-stdlib-jdk8:#kotlinVersion
│         ├─── org.jetbrains.kotlin:kotlin-stdlib:#kotlinVersion (*)
│         ╰─── org.jetbrains.kotlin:kotlin-stdlib-jdk7:#kotlinVersion (*)
├─── app:common:io.github.dokar3:sonner:0.3.8
│    ╰─── io.github.dokar3:sonner:0.3.8 (*)
├─── app:common:androidx.compose:compose-bom:2025.05.00
│    ╰─── androidx.compose:compose-bom:2025.05.00 (*)
├─── app:common:org.jetbrains.kotlin:kotlin-stdlib:#kotlinVersion, implicit
│    ╰─── org.jetbrains.kotlin:kotlin-stdlib:#kotlinVersion (*)
├─── app:common:org.jetbrains.kotlin:kotlin-stdlib-jdk7:#kotlinVersion, implicit
│    ╰─── org.jetbrains.kotlin:kotlin-stdlib-jdk7:#kotlinVersion (*)
╰─── app:common:org.jetbrains.kotlin:kotlin-stdlib-jdk8:#kotlinVersion, implicit
     ╰─── org.jetbrains.kotlin:kotlin-stdlib-jdk8:#kotlinVersion (*)
