app:COMPILE:JVM
├─── B:COMPILE:JVM
│    ├─── B:common:io.ktor:ktor-client-core:unspecified
│    │    ╰─── io.ktor:ktor-client-core:unspecified -> 3.1.1
│    │         ╰─── io.ktor:ktor-client-core-jvm:3.1.1
│    │              ├─── org.slf4j:slf4j-api:2.0.16
│    │              ├─── org.jetbrains.kotlinx:kotlinx-coroutines-core:1.10.1
│    │              │    ╰─── org.jetbrains.kotlinx:kotlinx-coroutines-core-jvm:1.10.1
│    │              │         ├─── org.jetbrains:annotations:23.0.0
│    │              │         ├─── org.jetbrains.kotlinx:kotlinx-coroutines-bom:1.10.1
│    │              │         ╰─── org.jetbrains.kotlin:kotlin-stdlib:2.1.0 -> #kotlinVersion
│    │              │              ╰─── org.jetbrains:annotations:13.0 -> 23.0.0
│    │              ├─── io.ktor:ktor-http:3.1.1
│    │              │    ╰─── io.ktor:ktor-http-jvm:3.1.1
│    │              │         ├─── org.slf4j:slf4j-api:2.0.16
│    │              │         ├─── org.jetbrains.kotlinx:kotlinx-coroutines-core:1.10.1 (*)
│    │              │         ├─── io.ktor:ktor-utils:3.1.1
│    │              │         │    ╰─── io.ktor:ktor-utils-jvm:3.1.1
│    │              │         │         ├─── org.slf4j:slf4j-api:2.0.16
│    │              │         │         ├─── org.jetbrains.kotlinx:kotlinx-coroutines-core:1.10.1 (*)
│    │              │         │         ├─── io.ktor:ktor-io:3.1.1
│    │              │         │         │    ╰─── io.ktor:ktor-io-jvm:3.1.1
│    │              │         │         │         ├─── org.slf4j:slf4j-api:2.0.16
│    │              │         │         │         ├─── org.jetbrains.kotlinx:kotlinx-coroutines-core:1.10.1 (*)
│    │              │         │         │         ├─── org.jetbrains.kotlinx:kotlinx-io-core:0.6.0
│    │              │         │         │         │    ╰─── org.jetbrains.kotlinx:kotlinx-io-core-jvm:0.6.0
│    │              │         │         │         │         ├─── org.jetbrains.kotlinx:kotlinx-io-bytestring:0.6.0
│    │              │         │         │         │         │    ╰─── org.jetbrains.kotlinx:kotlinx-io-bytestring-jvm:0.6.0
│    │              │         │         │         │         │         ╰─── org.jetbrains.kotlin:kotlin-stdlib:2.0.0 -> #kotlinVersion (*)
│    │              │         │         │         │         ╰─── org.jetbrains.kotlin:kotlin-stdlib:2.0.0 -> #kotlinVersion (*)
│    │              │         │         │         ╰─── org.jetbrains.kotlin:kotlin-stdlib:2.1.10 -> #kotlinVersion (*)
│    │              │         │         ├─── org.jetbrains.kotlinx:kotlinx-serialization-core:1.8.0
│    │              │         │         │    ╰─── org.jetbrains.kotlinx:kotlinx-serialization-core-jvm:1.8.0
│    │              │         │         │         ├─── org.jetbrains.kotlinx:kotlinx-serialization-bom:1.8.0
│    │              │         │         │         ╰─── org.jetbrains.kotlin:kotlin-stdlib:2.1.0 -> #kotlinVersion (*)
│    │              │         │         ╰─── org.jetbrains.kotlin:kotlin-stdlib:2.1.10 -> #kotlinVersion (*)
│    │              │         ├─── org.jetbrains.kotlinx:kotlinx-serialization-core:1.8.0 (*)
│    │              │         ╰─── org.jetbrains.kotlin:kotlin-stdlib:2.1.10 -> #kotlinVersion (*)
│    │              ├─── io.ktor:ktor-http-cio:3.1.1
│    │              │    ╰─── io.ktor:ktor-http-cio-jvm:3.1.1
│    │              │         ├─── org.slf4j:slf4j-api:2.0.16
│    │              │         ├─── io.ktor:ktor-network:3.1.1
│    │              │         │    ╰─── io.ktor:ktor-network-jvm:3.1.1
│    │              │         │         ├─── org.slf4j:slf4j-api:2.0.16
│    │              │         │         ├─── org.jetbrains.kotlinx:kotlinx-coroutines-core:1.10.1 (*)
│    │              │         │         ├─── io.ktor:ktor-utils:3.1.1 (*)
│    │              │         │         ╰─── org.jetbrains.kotlin:kotlin-stdlib:2.1.10 -> #kotlinVersion (*)
│    │              │         ├─── org.jetbrains.kotlinx:kotlinx-coroutines-core:1.10.1 (*)
│    │              │         ├─── io.ktor:ktor-http:3.1.1 (*)
│    │              │         ├─── io.ktor:ktor-io:3.1.1 (*)
│    │              │         ╰─── org.jetbrains.kotlin:kotlin-stdlib:2.1.10 -> #kotlinVersion (*)
│    │              ├─── io.ktor:ktor-events:3.1.1
│    │              │    ╰─── io.ktor:ktor-events-jvm:3.1.1
│    │              │         ├─── org.slf4j:slf4j-api:2.0.16
│    │              │         ├─── org.jetbrains.kotlinx:kotlinx-coroutines-core:1.10.1 (*)
│    │              │         ├─── io.ktor:ktor-http:3.1.1 (*)
│    │              │         ├─── io.ktor:ktor-utils:3.1.1 (*)
│    │              │         ╰─── org.jetbrains.kotlin:kotlin-stdlib:2.1.10 -> #kotlinVersion (*)
│    │              ├─── io.ktor:ktor-websocket-serialization:3.1.1
│    │              │    ╰─── io.ktor:ktor-websocket-serialization-jvm:3.1.1
│    │              │         ├─── org.slf4j:slf4j-api:2.0.16
│    │              │         ├─── org.jetbrains.kotlinx:kotlinx-coroutines-core:1.10.1 (*)
│    │              │         ├─── io.ktor:ktor-http:3.1.1 (*)
│    │              │         ├─── io.ktor:ktor-serialization:3.1.1
│    │              │         │    ╰─── io.ktor:ktor-serialization-jvm:3.1.1
│    │              │         │         ├─── org.slf4j:slf4j-api:2.0.16
│    │              │         │         ├─── org.jetbrains.kotlinx:kotlinx-coroutines-core:1.10.1 (*)
│    │              │         │         ├─── io.ktor:ktor-http:3.1.1 (*)
│    │              │         │         ├─── io.ktor:ktor-websockets:3.1.1
│    │              │         │         │    ╰─── io.ktor:ktor-websockets-jvm:3.1.1
│    │              │         │         │         ├─── org.slf4j:slf4j-api:2.0.16
│    │              │         │         │         ├─── org.jetbrains.kotlinx:kotlinx-coroutines-core:1.10.1 (*)
│    │              │         │         │         ├─── io.ktor:ktor-http:3.1.1 (*)
│    │              │         │         │         ╰─── org.jetbrains.kotlin:kotlin-stdlib:2.1.10 -> #kotlinVersion (*)
│    │              │         │         ╰─── org.jetbrains.kotlin:kotlin-stdlib:2.1.10 -> #kotlinVersion (*)
│    │              │         ╰─── org.jetbrains.kotlin:kotlin-stdlib:2.1.10 -> #kotlinVersion (*)
│    │              ├─── io.ktor:ktor-sse:3.1.1
│    │              │    ╰─── io.ktor:ktor-sse-jvm:3.1.1
│    │              │         ├─── org.slf4j:slf4j-api:2.0.16
│    │              │         ├─── org.jetbrains.kotlinx:kotlinx-coroutines-core:1.10.1 (*)
│    │              │         ├─── io.ktor:ktor-http:3.1.1 (*)
│    │              │         ╰─── org.jetbrains.kotlin:kotlin-stdlib:2.1.10 -> #kotlinVersion (*)
│    │              ╰─── org.jetbrains.kotlin:kotlin-stdlib:2.1.10 -> #kotlinVersion (*)
│    ├─── B:jvm:io.ktor:ktor-client-core:unspecified
│    │    ╰─── io.ktor:ktor-client-core:unspecified -> 3.1.1 (*)
│    ├─── B:common:io.ktor:ktor-bom:3.1.1
│    │    ╰─── io.ktor:ktor-bom:3.1.1
│    │         ╰─── io.ktor:ktor-client-core:3.1.1 (c)
│    ╰─── B:jvm:io.ktor:ktor-bom:3.1.1
│         ╰─── io.ktor:ktor-bom:3.1.1 (*)
├─── app:common:org.jetbrains.kotlin:kotlin-stdlib:#kotlinVersion, implicit
│    ╰─── org.jetbrains.kotlin:kotlin-stdlib:#kotlinVersion (*)
╰─── app:jvm:org.jetbrains.kotlin:kotlin-stdlib:#kotlinVersion, implicit
     ╰─── org.jetbrains.kotlin:kotlin-stdlib:#kotlinVersion (*)
