activity-1.7.0.aar
activity-ktx-1.7.0.aar
animation-android-1.8.1.aar
animation-core-android-1.8.1.aar
annotation-experimental-1.4.1.aar
annotation-jvm-1.9.1.jar
annotations-23.0.0.jar
autofill-1.0.0.aar
collection-jvm-1.5.0.jar
collection-ktx-1.5.0.jar
concurrent-futures-1.1.0.jar
core-1.13.1.aar
core-common-2.2.0.jar
core-ktx-1.13.1.aar
core-runtime-2.2.0.aar
customview-poolingcontainer-1.0.0.aar
emoji2-1.4.0.aar
foundation-android-1.8.1.aar
foundation-layout-android-1.8.1.aar
graphics-path-1.0.1.aar
interpolator-1.0.0.aar
jspecify-1.0.0.jar
kotlin-stdlib-#kotlinVersion.jar
kotlin-stdlib-jdk7-#kotlinVersion.jar
kotlin-stdlib-jdk8-#kotlinVersion.jar
kotlinx-coroutines-android-1.8.1.jar
kotlinx-coroutines-core-jvm-1.8.1.jar
lifecycle-common-jvm-2.8.7.jar
lifecycle-livedata-core-2.8.7.aar
lifecycle-process-2.8.7.aar
lifecycle-runtime-android-2.8.7.aar
lifecycle-runtime-compose-android-2.8.7.aar
lifecycle-runtime-ktx-android-2.8.7.aar
lifecycle-viewmodel-android-2.8.7.aar
lifecycle-viewmodel-ktx-2.8.7.aar
lifecycle-viewmodel-savedstate-2.8.7.aar
listenablefuture-1.0.jar
profileinstaller-1.4.0.aar
runtime-android-1.8.1.aar
runtime-saveable-android-1.8.1.aar
savedstate-1.2.1.aar
savedstate-ktx-1.2.1.aar
sonner-android-0.3.8.aar
startup-runtime-1.1.1.aar
tracing-1.0.0.aar
ui-android-1.8.1.aar
ui-geometry-android-1.8.1.aar
ui-graphics-android-1.8.1.aar
ui-text-android-1.8.1.aar
ui-tooling-preview-android-1.8.1.aar
ui-unit-android-1.8.1.aar
ui-util-android-1.8.1.aar
versionedparcelable-1.1.1.aar
