annotations-23.0.0.jar
kotlin-stdlib-#kotlinVersion.jar
kotlinx-coroutines-core-jvm-1.10.2.jar
kotlinx-io-bytestring-jvm-0.7.0.jar
kotlinx-io-core-jvm-0.7.0.jar
kotlinx-serialization-core-jvm-1.8.1.jar
ktor-client-core-jvm-3.2.3.jar
ktor-events-jvm-3.2.3.jar
ktor-http-cio-jvm-3.2.3.jar
ktor-http-jvm-3.2.3.jar
ktor-io-jvm-3.2.3.jar
ktor-network-jvm-3.2.3.jar
ktor-serialization-jvm-3.2.3.jar
ktor-sse-jvm-3.2.3.jar
ktor-utils-jvm-3.2.3.jar
ktor-websocket-serialization-jvm-3.2.3.jar
ktor-websockets-jvm-3.2.3.jar
slf4j-api-2.0.17.jar
