B:COMPILE:JVM
╰─── B:common:org.jetbrains.compose.ui:ui-tooling:1.6.0
     ╰─── org.jetbrains.compose.ui:ui-tooling:1.6.0
          ╰─── org.jetbrains.compose.ui:ui-tooling-desktop:1.6.0
               ╰─── org.jetbrains.compose.runtime:runtime:1.6.0