D:COMPILE:JVM
├─── D:common:io.ktor:ktor-client:3.0.3
│    ╰─── io.ktor:ktor-client:3.0.3
│         ╰─── io.ktor:ktor-client-jvm:3.0.3
│              ├─── org.jetbrains.kotlinx:kotlinx-coroutines-core:1.9.0
│              │    ╰─── org.jetbrains.kotlinx:kotlinx-coroutines-core-jvm:1.9.0
│              │         ╰─── org.jetbrains.kotlinx:kotlinx-coroutines-bom:1.9.0
│              │              ╰─── org.jetbrains.kotlinx:kotlinx-coroutines-test:1.9.0 (c)
│              ╰─── io.ktor:ktor-client-core:3.0.3
│                   ╰─── io.ktor:ktor-client-core-jvm:3.0.3
│                        ├─── org.jetbrains.kotlinx:kotlinx-coroutines-core:1.9.0 (*)
│                        ├─── io.ktor:ktor-http:3.0.3
│                        │    ╰─── io.ktor:ktor-http-jvm:3.0.3
│                        │         ├─── org.jetbrains.kotlinx:kotlinx-coroutines-core:1.9.0 (*)
│                        │         ╰─── io.ktor:ktor-utils:3.0.3
│                        │              ╰─── io.ktor:ktor-utils-jvm:3.0.3
│                        │                   ├─── org.jetbrains.kotlinx:kotlinx-coroutines-core:1.9.0 (*)
│                        │                   ╰─── io.ktor:ktor-io:3.0.3
│                        │                        ╰─── io.ktor:ktor-io-jvm:3.0.3
│                        │                             ╰─── org.jetbrains.kotlinx:kotlinx-coroutines-core:1.9.0 (*)
│                        ├─── io.ktor:ktor-events:3.0.3
│                        │    ╰─── io.ktor:ktor-events-jvm:3.0.3
│                        │         ├─── org.jetbrains.kotlinx:kotlinx-coroutines-core:1.9.0 (*)
│                        │         ├─── io.ktor:ktor-http:3.0.3 (*)
│                        │         ╰─── io.ktor:ktor-utils:3.0.3 (*)
│                        ├─── io.ktor:ktor-websocket-serialization:3.0.3
│                        │    ╰─── io.ktor:ktor-websocket-serialization-jvm:3.0.3
│                        │         ├─── org.jetbrains.kotlinx:kotlinx-coroutines-core:1.9.0 (*)
│                        │         ├─── io.ktor:ktor-http:3.0.3 (*)
│                        │         ╰─── io.ktor:ktor-serialization:3.0.3
│                        │              ╰─── io.ktor:ktor-serialization-jvm:3.0.3
│                        │                   ├─── org.jetbrains.kotlinx:kotlinx-coroutines-core:1.9.0 (*)
│                        │                   ├─── io.ktor:ktor-http:3.0.3 (*)
│                        │                   ╰─── io.ktor:ktor-websockets:3.0.3
│                        │                        ╰─── io.ktor:ktor-websockets-jvm:3.0.3
│                        │                             ├─── org.jetbrains.kotlinx:kotlinx-coroutines-core:1.9.0 (*)
│                        │                             ╰─── io.ktor:ktor-http:3.0.3 (*)
│                        ╰─── io.ktor:ktor-sse:3.0.3
│                             ╰─── io.ktor:ktor-sse-jvm:3.0.3
│                                  ├─── org.jetbrains.kotlinx:kotlinx-coroutines-core:1.9.0 (*)
│                                  ╰─── io.ktor:ktor-http:3.0.3 (*)
├─── D:common:org.jetbrains.kotlinx:kotlinx-coroutines-test:1.8.0
│    ╰─── org.jetbrains.kotlinx:kotlinx-coroutines-test:1.8.0 -> 1.9.0
│         ╰─── org.jetbrains.kotlinx:kotlinx-coroutines-test-jvm:1.9.0
│              ├─── org.jetbrains.kotlinx:kotlinx-coroutines-bom:1.9.0 (*)
│              ╰─── org.jetbrains.kotlinx:kotlinx-coroutines-core:1.9.0 (*)
├─── D:jvm:io.ktor:ktor-client:3.0.3
│    ╰─── io.ktor:ktor-client:3.0.3 (*)
╰─── D:jvm:org.jetbrains.kotlinx:kotlinx-coroutines-test:1.8.0
     ╰─── org.jetbrains.kotlinx:kotlinx-coroutines-test:1.8.0 -> 1.9.0 (*)
