C:COMPILE:JVM
├─── C:common:org.jetbrains.kotlinx:kotlinx-coroutines-core:1.9.0
│    ╰─── org.jetbrains.kotlinx:kotlinx-coroutines-core:1.9.0
│         ╰─── org.jetbrains.kotlinx:kotlinx-coroutines-core-jvm:1.9.0
│              ╰─── org.jetbrains.kotlinx:kotlinx-coroutines-bom:1.9.0
│                   ╰─── org.jetbrains.kotlinx:kotlinx-coroutines-test:1.9.0 (c)
├─── C:common:org.jetbrains.kotlinx:kotlinx-coroutines-test:1.8.0
│    ╰─── org.jetbrains.kotlinx:kotlinx-coroutines-test:1.8.0 -> 1.9.0
│         ╰─── org.jetbrains.kotlinx:kotlinx-coroutines-test-jvm:1.9.0
│              ├─── org.jetbrains.kotlinx:kotlinx-coroutines-bom:1.9.0 (*)
│              ╰─── org.jetbrains.kotlinx:kotlinx-coroutines-core:1.9.0 (*)
├─── C:jvm:org.jetbrains.kotlinx:kotlinx-coroutines-core:1.9.0
│    ╰─── org.jetbrains.kotlinx:kotlinx-coroutines-core:1.9.0 (*)
╰─── C:jvm:org.jetbrains.kotlinx:kotlinx-coroutines-test:1.8.0
     ╰─── org.jetbrains.kotlinx:kotlinx-coroutines-test:1.8.0 -> 1.9.0 (*)
