Module E
│ - main
│ - scope = COMPILE
│ - platforms = [jvm]
├─── E:common:org.junit.platform:junit-platform-engine:1.11.4
│    ╰─── org.junit.platform:junit-platform-engine:1.11.4
│         ╰─── org.junit:junit-bom:5.11.4
│              ╰─── org.junit.jupiter:junit-jupiter-api:5.11.4 (c)
├─── E:common:org.junit:junit-bom:5.11.4
│    ╰─── org.junit:junit-bom:5.11.4 (*)
├─── E:jvm:org.junit.platform:junit-platform-engine:1.11.4
│    ╰─── org.junit.platform:junit-platform-engine:1.11.4 (*)
╰─── E:jvm:org.junit:junit-bom:5.11.4
     ╰─── org.junit:junit-bom:5.11.4 (*)
