Module shared
│ - main
│ - scope = COMPILE
│ - platforms = [iosArm64]
├─── shared:iosArm64:org.jetbrains.compose.foundation:foundation:#composeDefaultVersion
│    ╰─── org.jetbrains.compose.foundation:foundation:#composeDefaultVersion
│         ╰─── org.jetbrains.compose.foundation:foundation-uikitarm64:#composeDefaultVersion
│              ╰─── org.jetbrains.compose.animation:animation:#composeDefaultVersion
│                   ╰─── org.jetbrains.compose.animation:animation-uikitarm64:#composeDefaultVersion
│                        ╰─── org.jetbrains.compose.animation:animation-core:#composeDefaultVersion
│                             ╰─── org.jetbrains.compose.animation:animation-core-uikitarm64:#composeDefaultVersion
│                                  ╰─── org.jetbrains.kotlinx:kotlinx-coroutines-core:1.8.0
├─── shared:iosArm64:org.jetbrains.compose.material3:material3:#composeDefaultVersion
│    ╰─── org.jetbrains.compose.material3:material3:#composeDefaultVersion
│         ╰─── org.jetbrains.compose.material3:material3-uikitarm64:#composeDefaultVersion
│              ╰─── org.jetbrains.compose.animation:animation-core:#composeDefaultVersion (*)
├─── shared:apple:org.jetbrains.compose.foundation:foundation:#composeDefaultVersion
│    ╰─── org.jetbrains.compose.foundation:foundation:#composeDefaultVersion (*)
├─── shared:apple:org.jetbrains.compose.material3:material3:#composeDefaultVersion
│    ╰─── org.jetbrains.compose.material3:material3:#composeDefaultVersion (*)
├─── shared:common:org.jetbrains.compose.foundation:foundation:#composeDefaultVersion
│    ╰─── org.jetbrains.compose.foundation:foundation:#composeDefaultVersion (*)
├─── shared:common:org.jetbrains.compose.material3:material3:#composeDefaultVersion
│    ╰─── org.jetbrains.compose.material3:material3:#composeDefaultVersion (*)
├─── shared:ios:org.jetbrains.compose.foundation:foundation:#composeDefaultVersion
│    ╰─── org.jetbrains.compose.foundation:foundation:#composeDefaultVersion (*)
├─── shared:ios:org.jetbrains.compose.material3:material3:#composeDefaultVersion
│    ╰─── org.jetbrains.compose.material3:material3:#composeDefaultVersion (*)
├─── shared:native:org.jetbrains.compose.foundation:foundation:#composeDefaultVersion
│    ╰─── org.jetbrains.compose.foundation:foundation:#composeDefaultVersion (*)
├─── shared:native:org.jetbrains.compose.material3:material3:#composeDefaultVersion
│    ╰─── org.jetbrains.compose.material3:material3:#composeDefaultVersion (*)
├─── shared:iosArm64:org.jetbrains.compose.runtime:runtime:#composeDefaultVersion
│    ╰─── org.jetbrains.compose.runtime:runtime:#composeDefaultVersion
│         ╰─── org.jetbrains.compose.runtime:runtime-uikitarm64:#composeDefaultVersion
│              ╰─── org.jetbrains.kotlinx:kotlinx-coroutines-core:1.8.0
├─── shared:apple:org.jetbrains.compose.runtime:runtime:#composeDefaultVersion
│    ╰─── org.jetbrains.compose.runtime:runtime:#composeDefaultVersion (*)
├─── shared:common:org.jetbrains.compose.runtime:runtime:#composeDefaultVersion
│    ╰─── org.jetbrains.compose.runtime:runtime:#composeDefaultVersion (*)
├─── shared:ios:org.jetbrains.compose.runtime:runtime:#composeDefaultVersion
│    ╰─── org.jetbrains.compose.runtime:runtime:#composeDefaultVersion (*)
╰─── shared:native:org.jetbrains.compose.runtime:runtime:#composeDefaultVersion
     ╰─── org.jetbrains.compose.runtime:runtime:#composeDefaultVersion (*)
