shared:COMPILE:IOS_ARM64
├─── shared:common:org.jetbrains.compose.material3:material3:#composeDefaultVersion
│    ╰─── org.jetbrains.compose.material3:material3:#composeDefaultVersion
│         ╰─── org.jetbrains.compose.material3:material3-uikitarm64:#composeDefaultVersion
│              ╰─── org.jetbrains.kotlinx:kotlinx-datetime:0.6.0
│                   ╰─── org.jetbrains.kotlinx:kotlinx-datetime-iosarm64:0.6.0
│                        ╰─── org.jetbrains.kotlinx:kotlinx-serialization-core:1.6.2
│                             ╰─── org.jetbrains.kotlinx:kotlinx-serialization-core-iosarm64:1.6.2
│                                  ╰─── org.jetbrains.kotlin:kotlin-stdlib-common:1.9.21 -> #kotlinVersion
│                                       ╰─── org.jetbrains.kotlin:kotlin-stdlib:#kotlinVersion
│                                            ╰─── org.jetbrains.kotlin:kotlin-stdlib-common:#kotlinVersion (c)
├─── shared:iosArm64:org.jetbrains.kotlin:kotlin-stdlib:#kotlinVersion, implicit
│    ╰─── org.jetbrains.kotlin:kotlin-stdlib:#kotlinVersion (*)
├─── shared:apple:org.jetbrains.kotlin:kotlin-stdlib:#kotlinVersion, implicit
│    ╰─── org.jetbrains.kotlin:kotlin-stdlib:#kotlinVersion (*)
├─── shared:common:org.jetbrains.kotlin:kotlin-stdlib:#kotlinVersion, implicit
│    ╰─── org.jetbrains.kotlin:kotlin-stdlib:#kotlinVersion (*)
├─── shared:ios:org.jetbrains.kotlin:kotlin-stdlib:#kotlinVersion, implicit
│    ╰─── org.jetbrains.kotlin:kotlin-stdlib:#kotlinVersion (*)
╰─── shared:native:org.jetbrains.kotlin:kotlin-stdlib:#kotlinVersion, implicit
     ╰─── org.jetbrains.kotlin:kotlin-stdlib:#kotlinVersion (*)
