Module shared
│ - main
│ - scope = COMPILE
│ - platforms = [iosArm64]
├─── shared:iosArm64:org.jetbrains.compose.foundation:foundation:#composeDefaultVersion
│    ╰─── org.jetbrains.compose.foundation:foundation:#composeDefaultVersion
│         ╰─── org.jetbrains.compose.foundation:foundation-uikitarm64:#composeDefaultVersion
│              ├─── org.jetbrains.compose.animation:animation:#composeDefaultVersion
│              │    ╰─── org.jetbrains.compose.animation:animation-uikitarm64:#composeDefaultVersion
│              │         ├─── org.jetbrains.compose.animation:animation-core:#composeDefaultVersion
│              │         │    ╰─── org.jetbrains.compose.animation:animation-core-uikitarm64:#composeDefaultVersion
│              │         │         ├─── org.jetbrains.compose.runtime:runtime:#composeDefaultVersion
│              │         │         │    ╰─── org.jetbrains.compose.runtime:runtime-uikitarm64:#composeDefaultVersion
│              │         │         │         ╰─── org.jetbrains.kotlinx:kotlinx-coroutines-core:1.8.0
│              │         │         ├─── org.jetbrains.compose.ui:ui:#composeDefaultVersion
│              │         │         │    ╰─── org.jetbrains.compose.ui:ui-uikitarm64:#composeDefaultVersion
│              │         │         │         ├─── org.jetbrains.androidx.lifecycle:lifecycle-common:2.8.4
│              │         │         │         │    ╰─── org.jetbrains.kotlinx:kotlinx-coroutines-core:1.8.0
│              │         │         │         ├─── org.jetbrains.androidx.lifecycle:lifecycle-runtime:2.8.4
│              │         │         │         │    ├─── org.jetbrains.androidx.lifecycle:lifecycle-common:2.8.4 (*)
│              │         │         │         │    ╰─── org.jetbrains.kotlinx:kotlinx-coroutines-core:1.8.0
│              │         │         │         ├─── org.jetbrains.androidx.lifecycle:lifecycle-runtime-compose:2.8.4
│              │         │         │         │    ╰─── org.jetbrains.androidx.lifecycle:lifecycle-runtime-compose-uikitarm64:2.8.4
│              │         │         │         │         ├─── org.jetbrains.androidx.lifecycle:lifecycle-common:2.8.4 (*)
│              │         │         │         │         ╰─── org.jetbrains.androidx.lifecycle:lifecycle-runtime:2.8.4 (*)
│              │         │         │         ├─── org.jetbrains.androidx.lifecycle:lifecycle-viewmodel:2.8.4
│              │         │         │         │    ╰─── org.jetbrains.kotlinx:kotlinx-coroutines-core:1.8.0
│              │         │         │         ├─── org.jetbrains.compose.runtime:runtime:#composeDefaultVersion (*)
│              │         │         │         ├─── org.jetbrains.compose.runtime:runtime-saveable:#composeDefaultVersion
│              │         │         │         │    ╰─── org.jetbrains.compose.runtime:runtime-saveable-uikitarm64:#composeDefaultVersion
│              │         │         │         │         ╰─── org.jetbrains.compose.runtime:runtime:#composeDefaultVersion (*)
│              │         │         │         ├─── org.jetbrains.compose.ui:ui-backhandler:#composeDefaultVersion
│              │         │         │         │    ╰─── org.jetbrains.compose.ui:ui-backhandler-uikitarm64:#composeDefaultVersion
│              │         │         │         │         ├─── org.jetbrains.androidx.lifecycle:lifecycle-runtime-compose:2.8.4 (*)
│              │         │         │         │         ├─── org.jetbrains.compose.runtime:runtime:#composeDefaultVersion (*)
│              │         │         │         │         ╰─── org.jetbrains.kotlinx:kotlinx-coroutines-core:1.8.0
│              │         │         │         ├─── org.jetbrains.compose.ui:ui-geometry:#composeDefaultVersion
│              │         │         │         │    ╰─── org.jetbrains.compose.ui:ui-geometry-uikitarm64:#composeDefaultVersion
│              │         │         │         │         ╰─── org.jetbrains.compose.runtime:runtime:#composeDefaultVersion (*)
│              │         │         │         ├─── org.jetbrains.compose.ui:ui-graphics:#composeDefaultVersion
│              │         │         │         │    ╰─── org.jetbrains.compose.ui:ui-graphics-uikitarm64:#composeDefaultVersion
│              │         │         │         │         ├─── org.jetbrains.compose.runtime:runtime:#composeDefaultVersion (*)
│              │         │         │         │         ├─── org.jetbrains.compose.ui:ui-geometry:#composeDefaultVersion (*)
│              │         │         │         │         ├─── org.jetbrains.compose.ui:ui-unit:#composeDefaultVersion
│              │         │         │         │         │    ╰─── org.jetbrains.compose.ui:ui-unit-uikitarm64:#composeDefaultVersion
│              │         │         │         │         │         ├─── org.jetbrains.compose.runtime:runtime:#composeDefaultVersion (*)
│              │         │         │         │         │         ╰─── org.jetbrains.compose.ui:ui-geometry:#composeDefaultVersion (*)
│              │         │         │         │         ╰─── org.jetbrains.skiko:skiko:0.9.4.2
│              │         │         │         │              ╰─── org.jetbrains.skiko:skiko-iosarm64:0.9.4.2
│              │         │         │         │                   ╰─── org.jetbrains.kotlinx:kotlinx-coroutines-core:1.8.0
│              │         │         │         ├─── org.jetbrains.compose.ui:ui-text:#composeDefaultVersion
│              │         │         │         │    ╰─── org.jetbrains.compose.ui:ui-text-uikitarm64:#composeDefaultVersion
│              │         │         │         │         ├─── org.jetbrains.compose.runtime:runtime:#composeDefaultVersion (*)
│              │         │         │         │         ├─── org.jetbrains.compose.runtime:runtime-saveable:#composeDefaultVersion (*)
│              │         │         │         │         ├─── org.jetbrains.compose.ui:ui-geometry:#composeDefaultVersion (*)
│              │         │         │         │         ├─── org.jetbrains.compose.ui:ui-graphics:#composeDefaultVersion (*)
│              │         │         │         │         ├─── org.jetbrains.compose.ui:ui-unit:#composeDefaultVersion (*)
│              │         │         │         │         ├─── org.jetbrains.kotlinx:kotlinx-coroutines-core:1.8.0
│              │         │         │         │         ╰─── org.jetbrains.skiko:skiko:0.9.4.2 (*)
│              │         │         │         ├─── org.jetbrains.compose.ui:ui-unit:#composeDefaultVersion (*)
│              │         │         │         ├─── org.jetbrains.kotlinx:kotlinx-coroutines-core:1.8.0
│              │         │         │         ╰─── org.jetbrains.skiko:skiko:0.9.4.2 (*)
│              │         │         ├─── org.jetbrains.compose.ui:ui-unit:#composeDefaultVersion (*)
│              │         │         ╰─── org.jetbrains.kotlinx:kotlinx-coroutines-core:1.8.0
│              │         ├─── org.jetbrains.compose.foundation:foundation-layout:#composeDefaultVersion
│              │         │    ╰─── org.jetbrains.compose.foundation:foundation-layout-uikitarm64:#composeDefaultVersion
│              │         │         ├─── org.jetbrains.compose.runtime:runtime:#composeDefaultVersion (*)
│              │         │         ╰─── org.jetbrains.compose.ui:ui:#composeDefaultVersion (*)
│              │         ├─── org.jetbrains.compose.runtime:runtime:#composeDefaultVersion (*)
│              │         ├─── org.jetbrains.compose.ui:ui:#composeDefaultVersion (*)
│              │         ╰─── org.jetbrains.compose.ui:ui-geometry:#composeDefaultVersion (*)
│              ├─── org.jetbrains.compose.foundation:foundation-layout:#composeDefaultVersion (*)
│              ├─── org.jetbrains.compose.runtime:runtime:#composeDefaultVersion (*)
│              ├─── org.jetbrains.compose.ui:ui:#composeDefaultVersion (*)
│              ├─── org.jetbrains.compose.ui:ui-text:#composeDefaultVersion (*)
│              ╰─── org.jetbrains.skiko:skiko:0.9.4.2 (*)
├─── shared:iosArm64:org.jetbrains.compose.material3:material3:#composeDefaultVersion
│    ╰─── org.jetbrains.compose.material3:material3:#composeDefaultVersion
│         ╰─── org.jetbrains.compose.material3:material3-uikitarm64:#composeDefaultVersion
│              ├─── org.jetbrains.compose.animation:animation-core:#composeDefaultVersion (*)
│              ├─── org.jetbrains.compose.foundation:foundation:#composeDefaultVersion (*)
│              ├─── org.jetbrains.compose.foundation:foundation-layout:#composeDefaultVersion (*)
│              ├─── org.jetbrains.compose.material:material-ripple:#composeDefaultVersion
│              │    ╰─── org.jetbrains.compose.material:material-ripple-uikitarm64:#composeDefaultVersion
│              │         ├─── org.jetbrains.compose.animation:animation:#composeDefaultVersion (*)
│              │         ├─── org.jetbrains.compose.foundation:foundation:#composeDefaultVersion (*)
│              │         ╰─── org.jetbrains.compose.runtime:runtime:#composeDefaultVersion (*)
│              ├─── org.jetbrains.compose.runtime:runtime:#composeDefaultVersion (*)
│              ├─── org.jetbrains.compose.ui:ui-backhandler:#composeDefaultVersion (*)
│              ├─── org.jetbrains.compose.ui:ui-graphics:#composeDefaultVersion (*)
│              ╰─── org.jetbrains.compose.ui:ui-text:#composeDefaultVersion (*)
├─── shared:apple:org.jetbrains.compose.foundation:foundation:#composeDefaultVersion
│    ╰─── org.jetbrains.compose.foundation:foundation:#composeDefaultVersion (*)
├─── shared:apple:org.jetbrains.compose.material3:material3:#composeDefaultVersion
│    ╰─── org.jetbrains.compose.material3:material3:#composeDefaultVersion (*)
├─── shared:common:org.jetbrains.compose.foundation:foundation:#composeDefaultVersion
│    ╰─── org.jetbrains.compose.foundation:foundation:#composeDefaultVersion (*)
├─── shared:common:org.jetbrains.compose.material3:material3:#composeDefaultVersion
│    ╰─── org.jetbrains.compose.material3:material3:#composeDefaultVersion (*)
├─── shared:ios:org.jetbrains.compose.foundation:foundation:#composeDefaultVersion
│    ╰─── org.jetbrains.compose.foundation:foundation:#composeDefaultVersion (*)
├─── shared:ios:org.jetbrains.compose.material3:material3:#composeDefaultVersion
│    ╰─── org.jetbrains.compose.material3:material3:#composeDefaultVersion (*)
├─── shared:native:org.jetbrains.compose.foundation:foundation:#composeDefaultVersion
│    ╰─── org.jetbrains.compose.foundation:foundation:#composeDefaultVersion (*)
├─── shared:native:org.jetbrains.compose.material3:material3:#composeDefaultVersion
│    ╰─── org.jetbrains.compose.material3:material3:#composeDefaultVersion (*)
├─── shared:iosArm64:org.jetbrains.compose.runtime:runtime:#composeDefaultVersion, implicit (because Compose is enabled)
│    ╰─── org.jetbrains.compose.runtime:runtime:#composeDefaultVersion (*)
├─── shared:apple:org.jetbrains.compose.runtime:runtime:#composeDefaultVersion, implicit (because Compose is enabled)
│    ╰─── org.jetbrains.compose.runtime:runtime:#composeDefaultVersion (*)
├─── shared:common:org.jetbrains.compose.runtime:runtime:#composeDefaultVersion, implicit (because Compose is enabled)
│    ╰─── org.jetbrains.compose.runtime:runtime:#composeDefaultVersion (*)
├─── shared:ios:org.jetbrains.compose.runtime:runtime:#composeDefaultVersion, implicit (because Compose is enabled)
│    ╰─── org.jetbrains.compose.runtime:runtime:#composeDefaultVersion (*)
╰─── shared:native:org.jetbrains.compose.runtime:runtime:#composeDefaultVersion, implicit (because Compose is enabled)
     ╰─── org.jetbrains.compose.runtime:runtime:#composeDefaultVersion (*)