Module shared
│ - main
│ - scope = COMPILE
│ - platforms = [iosArm64]
├─── shared:iosArm64:org.jetbrains.compose.foundation:foundation:#composeDefaultVersion
│    ╰─── org.jetbrains.compose.foundation:foundation:#composeDefaultVersion
│         ╰─── org.jetbrains.compose.foundation:foundation-uikitarm64:#composeDefaultVersion
│              ├─── org.jetbrains.compose.animation:animation:#composeDefaultVersion
│              │    ╰─── org.jetbrains.compose.animation:animation-uikitarm64:#composeDefaultVersion
│              │         ├─── org.jetbrains.compose.animation:animation-core:#composeDefaultVersion
│              │         │    ╰─── org.jetbrains.compose.animation:animation-core-uikitarm64:#composeDefaultVersion
│              │         │         ├─── org.jetbrains.compose.annotation-internal:annotation:#composeDefaultVersion
│              │         │         │    ╰─── androidx.annotation:annotation:1.9.1
│              │         │         │         ╰─── androidx.annotation:annotation-iosarm64:1.9.1
│              │         │         │              ╰─── org.jetbrains.kotlin:kotlin-stdlib:1.9.24 -> #kotlinVersion
│              │         │         │                   ╰─── org.jetbrains.kotlin:kotlin-stdlib-common:#kotlinVersion (c)
│              │         │         ├─── org.jetbrains.compose.collection-internal:collection:#composeDefaultVersion
│              │         │         │    ├─── androidx.collection:collection:1.5.0
│              │         │         │    │    ╰─── androidx.collection:collection-iosarm64:1.5.0
│              │         │         │    │         ├─── androidx.annotation:annotation:1.9.1 (*)
│              │         │         │    │         ╰─── org.jetbrains.kotlin:kotlin-stdlib:1.9.24 -> #kotlinVersion (*)
│              │         │         │    ╰─── org.jetbrains.kotlin:kotlin-stdlib:2.1.21 -> #kotlinVersion (*)
│              │         │         ├─── org.jetbrains.compose.runtime:runtime:#composeDefaultVersion
│              │         │         │    ╰─── org.jetbrains.compose.runtime:runtime-uikitarm64:#composeDefaultVersion
│              │         │         │         ├─── org.jetbrains.compose.annotation-internal:annotation:#composeDefaultVersion (*)
│              │         │         │         ├─── org.jetbrains.compose.collection-internal:collection:#composeDefaultVersion (*)
│              │         │         │         ├─── org.jetbrains.kotlin:kotlin-stdlib:2.1.21 -> #kotlinVersion (*)
│              │         │         │         ├─── org.jetbrains.kotlinx:atomicfu:0.23.2
│              │         │         │         │    ╰─── org.jetbrains.kotlinx:atomicfu-iosarm64:0.23.2
│              │         │         │         │         ╰─── org.jetbrains.kotlin:kotlin-stdlib:1.9.21 -> #kotlinVersion (*)
│              │         │         │         ╰─── org.jetbrains.kotlinx:kotlinx-coroutines-core:1.8.0
│              │         │         │              ╰─── org.jetbrains.kotlinx:kotlinx-coroutines-core-iosarm64:1.8.0
│              │         │         │                   ├─── org.jetbrains.kotlinx:atomicfu:0.23.1 -> 0.23.2 (*)
│              │         │         │                   ╰─── org.jetbrains.kotlin:kotlin-stdlib:1.9.21 -> #kotlinVersion (*)
│              │         │         ├─── org.jetbrains.compose.ui:ui:#composeDefaultVersion
│              │         │         │    ╰─── org.jetbrains.compose.ui:ui-uikitarm64:#composeDefaultVersion
│              │         │         │         ├─── org.jetbrains.androidx.lifecycle:lifecycle-common:2.8.4
│              │         │         │         │    ├─── androidx.lifecycle:lifecycle-common:2.8.5
│              │         │         │         │    │    ╰─── androidx.lifecycle:lifecycle-common-iosarm64:2.8.5
│              │         │         │         │    │         ├─── androidx.annotation:annotation:1.8.0 -> 1.9.1 (*)
│              │         │         │         │    │         ├─── org.jetbrains.kotlin:kotlin-stdlib:1.8.22 -> #kotlinVersion (*)
│              │         │         │         │    │         ├─── org.jetbrains.kotlinx:atomicfu:0.17.0 -> 0.23.2 (*)
│              │         │         │         │    │         ╰─── org.jetbrains.kotlinx:kotlinx-coroutines-core:1.7.3 -> 1.8.0 (*)
│              │         │         │         │    ├─── org.jetbrains.compose.annotation-internal:annotation:1.6.11 -> #composeDefaultVersion (*)
│              │         │         │         │    ├─── org.jetbrains.kotlin:kotlin-stdlib:1.9.24 -> #kotlinVersion (*)
│              │         │         │         │    ╰─── org.jetbrains.kotlinx:kotlinx-coroutines-core:1.8.0 (*)
│              │         │         │         ├─── org.jetbrains.androidx.lifecycle:lifecycle-runtime:2.8.4
│              │         │         │         │    ├─── androidx.lifecycle:lifecycle-runtime:2.8.5
│              │         │         │         │    │    ╰─── androidx.lifecycle:lifecycle-runtime-iosarm64:2.8.5
│              │         │         │         │    │         ├─── androidx.annotation:annotation:1.8.0 -> 1.9.1 (*)
│              │         │         │         │    │         ├─── androidx.lifecycle:lifecycle-common:2.8.5 (*)
│              │         │         │         │    │         ╰─── org.jetbrains.kotlin:kotlin-stdlib:1.8.22 -> #kotlinVersion (*)
│              │         │         │         │    ├─── org.jetbrains.androidx.lifecycle:lifecycle-common:2.8.4 (*)
│              │         │         │         │    ├─── org.jetbrains.compose.annotation-internal:annotation:1.6.11 -> #composeDefaultVersion (*)
│              │         │         │         │    ├─── org.jetbrains.kotlin:kotlin-stdlib:1.9.24 -> #kotlinVersion (*)
│              │         │         │         │    ╰─── org.jetbrains.kotlinx:kotlinx-coroutines-core:1.8.0 (*)
│              │         │         │         ├─── org.jetbrains.androidx.lifecycle:lifecycle-runtime-compose:2.8.4
│              │         │         │         │    ╰─── org.jetbrains.androidx.lifecycle:lifecycle-runtime-compose-uikitarm64:2.8.4
│              │         │         │         │         ├─── org.jetbrains.androidx.lifecycle:lifecycle-common:2.8.4 (*)
│              │         │         │         │         ├─── org.jetbrains.androidx.lifecycle:lifecycle-runtime:2.8.4 (*)
│              │         │         │         │         ├─── org.jetbrains.compose.annotation-internal:annotation:1.6.11 -> #composeDefaultVersion (*)
│              │         │         │         │         ├─── org.jetbrains.compose.runtime:runtime:1.6.11 -> #composeDefaultVersion (*)
│              │         │         │         │         ╰─── org.jetbrains.kotlin:kotlin-stdlib:1.9.24 -> #kotlinVersion (*)
│              │         │         │         ├─── org.jetbrains.androidx.lifecycle:lifecycle-viewmodel:2.8.4
│              │         │         │         │    ├─── androidx.lifecycle:lifecycle-viewmodel:2.8.5
│              │         │         │         │    │    ╰─── androidx.lifecycle:lifecycle-viewmodel-iosarm64:2.8.5
│              │         │         │         │    │         ├─── androidx.annotation:annotation:1.8.0 -> 1.9.1 (*)
│              │         │         │         │    │         ├─── org.jetbrains.kotlin:kotlin-stdlib:1.8.22 -> #kotlinVersion (*)
│              │         │         │         │    │         ╰─── org.jetbrains.kotlinx:kotlinx-coroutines-core:1.7.3 -> 1.8.0 (*)
│              │         │         │         │    ├─── org.jetbrains.compose.annotation-internal:annotation:1.6.11 -> #composeDefaultVersion (*)
│              │         │         │         │    ├─── org.jetbrains.kotlin:kotlin-stdlib:1.9.24 -> #kotlinVersion (*)
│              │         │         │         │    ╰─── org.jetbrains.kotlinx:kotlinx-coroutines-core:1.8.0 (*)
│              │         │         │         ├─── org.jetbrains.compose.annotation-internal:annotation:#composeDefaultVersion (*)
│              │         │         │         ├─── org.jetbrains.compose.collection-internal:collection:#composeDefaultVersion (*)
│              │         │         │         ├─── org.jetbrains.compose.runtime:runtime:#composeDefaultVersion (*)
│              │         │         │         ├─── org.jetbrains.compose.runtime:runtime-saveable:#composeDefaultVersion
│              │         │         │         │    ╰─── org.jetbrains.compose.runtime:runtime-saveable-uikitarm64:#composeDefaultVersion
│              │         │         │         │         ├─── org.jetbrains.compose.collection-internal:collection:#composeDefaultVersion (*)
│              │         │         │         │         ├─── org.jetbrains.compose.runtime:runtime:#composeDefaultVersion (*)
│              │         │         │         │         ╰─── org.jetbrains.kotlin:kotlin-stdlib:2.1.21 -> #kotlinVersion (*)
│              │         │         │         ├─── org.jetbrains.compose.ui:ui-backhandler:#composeDefaultVersion
│              │         │         │         │    ╰─── org.jetbrains.compose.ui:ui-backhandler-uikitarm64:#composeDefaultVersion
│              │         │         │         │         ├─── org.jetbrains.androidx.lifecycle:lifecycle-runtime-compose:2.8.4 (*)
│              │         │         │         │         ├─── org.jetbrains.compose.annotation-internal:annotation:#composeDefaultVersion (*)
│              │         │         │         │         ├─── org.jetbrains.compose.runtime:runtime:#composeDefaultVersion (*)
│              │         │         │         │         ├─── org.jetbrains.compose.ui:ui-util:#composeDefaultVersion
│              │         │         │         │         │    ╰─── org.jetbrains.compose.ui:ui-util-uikitarm64:#composeDefaultVersion
│              │         │         │         │         │         ├─── org.jetbrains.compose.collection-internal:collection:#composeDefaultVersion (*)
│              │         │         │         │         │         ├─── org.jetbrains.compose.ui:ui-uikit:#composeDefaultVersion
│              │         │         │         │         │         │    ╰─── org.jetbrains.compose.ui:ui-uikit-uikitarm64:#composeDefaultVersion
│              │         │         │         │         │         ╰─── org.jetbrains.kotlin:kotlin-stdlib:2.1.21 -> #kotlinVersion (*)
│              │         │         │         │         ├─── org.jetbrains.kotlin:kotlin-stdlib:2.1.21 -> #kotlinVersion (*)
│              │         │         │         │         ╰─── org.jetbrains.kotlinx:kotlinx-coroutines-core:1.8.0 (*)
│              │         │         │         ├─── org.jetbrains.compose.ui:ui-geometry:#composeDefaultVersion
│              │         │         │         │    ╰─── org.jetbrains.compose.ui:ui-geometry-uikitarm64:#composeDefaultVersion
│              │         │         │         │         ├─── org.jetbrains.compose.runtime:runtime:#composeDefaultVersion (*)
│              │         │         │         │         ├─── org.jetbrains.compose.ui:ui-util:#composeDefaultVersion (*)
│              │         │         │         │         ╰─── org.jetbrains.kotlin:kotlin-stdlib:2.1.21 -> #kotlinVersion (*)
│              │         │         │         ├─── org.jetbrains.compose.ui:ui-graphics:#composeDefaultVersion
│              │         │         │         │    ╰─── org.jetbrains.compose.ui:ui-graphics-uikitarm64:#composeDefaultVersion
│              │         │         │         │         ├─── org.jetbrains.compose.annotation-internal:annotation:#composeDefaultVersion (*)
│              │         │         │         │         ├─── org.jetbrains.compose.collection-internal:collection:#composeDefaultVersion (*)
│              │         │         │         │         ├─── org.jetbrains.compose.runtime:runtime:#composeDefaultVersion (*)
│              │         │         │         │         ├─── org.jetbrains.compose.ui:ui-geometry:#composeDefaultVersion (*)
│              │         │         │         │         ├─── org.jetbrains.compose.ui:ui-unit:#composeDefaultVersion
│              │         │         │         │         │    ╰─── org.jetbrains.compose.ui:ui-unit-uikitarm64:#composeDefaultVersion
│              │         │         │         │         │         ├─── org.jetbrains.compose.annotation-internal:annotation:#composeDefaultVersion (*)
│              │         │         │         │         │         ├─── org.jetbrains.compose.runtime:runtime:#composeDefaultVersion (*)
│              │         │         │         │         │         ├─── org.jetbrains.compose.ui:ui-geometry:#composeDefaultVersion (*)
│              │         │         │         │         │         ├─── org.jetbrains.compose.ui:ui-util:#composeDefaultVersion (*)
│              │         │         │         │         │         ╰─── org.jetbrains.kotlin:kotlin-stdlib:2.1.21 -> #kotlinVersion (*)
│              │         │         │         │         ├─── org.jetbrains.compose.ui:ui-util:#composeDefaultVersion (*)
│              │         │         │         │         ├─── org.jetbrains.kotlin:kotlin-stdlib:2.1.21 -> #kotlinVersion (*)
│              │         │         │         │         ╰─── org.jetbrains.skiko:skiko:0.9.4.2
│              │         │         │         │              ╰─── org.jetbrains.skiko:skiko-iosarm64:0.9.4.2
│              │         │         │         │                   ├─── org.jetbrains.kotlinx:atomicfu:0.23.2 (*)
│              │         │         │         │                   ├─── org.jetbrains.kotlin:kotlin-stdlib:1.9.21 -> #kotlinVersion (*)
│              │         │         │         │                   ╰─── org.jetbrains.kotlinx:kotlinx-coroutines-core:1.8.0 (*)
│              │         │         │         ├─── org.jetbrains.compose.ui:ui-text:#composeDefaultVersion
│              │         │         │         │    ╰─── org.jetbrains.compose.ui:ui-text-uikitarm64:#composeDefaultVersion
│              │         │         │         │         ├─── org.jetbrains.compose.annotation-internal:annotation:#composeDefaultVersion (*)
│              │         │         │         │         ├─── org.jetbrains.compose.collection-internal:collection:#composeDefaultVersion (*)
│              │         │         │         │         ├─── org.jetbrains.compose.runtime:runtime:#composeDefaultVersion (*)
│              │         │         │         │         ├─── org.jetbrains.compose.runtime:runtime-saveable:#composeDefaultVersion (*)
│              │         │         │         │         ├─── org.jetbrains.compose.ui:ui-geometry:#composeDefaultVersion (*)
│              │         │         │         │         ├─── org.jetbrains.compose.ui:ui-graphics:#composeDefaultVersion (*)
│              │         │         │         │         ├─── org.jetbrains.compose.ui:ui-unit:#composeDefaultVersion (*)
│              │         │         │         │         ├─── org.jetbrains.compose.ui:ui-util:#composeDefaultVersion (*)
│              │         │         │         │         ├─── org.jetbrains.kotlin:kotlin-stdlib:2.1.21 -> #kotlinVersion (*)
│              │         │         │         │         ├─── org.jetbrains.kotlinx:atomicfu:0.23.2 (*)
│              │         │         │         │         ├─── org.jetbrains.kotlinx:kotlinx-coroutines-core:1.8.0 (*)
│              │         │         │         │         ╰─── org.jetbrains.skiko:skiko:0.9.4.2 (*)
│              │         │         │         ├─── org.jetbrains.compose.ui:ui-uikit:#composeDefaultVersion (*)
│              │         │         │         ├─── org.jetbrains.compose.ui:ui-unit:#composeDefaultVersion (*)
│              │         │         │         ├─── org.jetbrains.compose.ui:ui-util:#composeDefaultVersion (*)
│              │         │         │         ├─── org.jetbrains.kotlin:kotlin-stdlib:2.1.21 -> #kotlinVersion (*)
│              │         │         │         ├─── org.jetbrains.kotlinx:atomicfu:0.23.2 (*)
│              │         │         │         ├─── org.jetbrains.kotlinx:kotlinx-coroutines-core:1.8.0 (*)
│              │         │         │         ╰─── org.jetbrains.skiko:skiko:0.9.4.2 (*)
│              │         │         ├─── org.jetbrains.compose.ui:ui-unit:#composeDefaultVersion (*)
│              │         │         ├─── org.jetbrains.compose.ui:ui-util:#composeDefaultVersion (*)
│              │         │         ├─── org.jetbrains.kotlin:kotlin-stdlib:2.1.21 -> #kotlinVersion (*)
│              │         │         ├─── org.jetbrains.kotlinx:atomicfu:0.23.2 (*)
│              │         │         ╰─── org.jetbrains.kotlinx:kotlinx-coroutines-core:1.8.0 (*)
│              │         ├─── org.jetbrains.compose.collection-internal:collection:#composeDefaultVersion (*)
│              │         ├─── org.jetbrains.compose.foundation:foundation-layout:#composeDefaultVersion
│              │         │    ╰─── org.jetbrains.compose.foundation:foundation-layout-uikitarm64:#composeDefaultVersion
│              │         │         ├─── org.jetbrains.compose.annotation-internal:annotation:#composeDefaultVersion (*)
│              │         │         ├─── org.jetbrains.compose.collection-internal:collection:#composeDefaultVersion (*)
│              │         │         ├─── org.jetbrains.compose.runtime:runtime:#composeDefaultVersion (*)
│              │         │         ├─── org.jetbrains.compose.ui:ui:#composeDefaultVersion (*)
│              │         │         ├─── org.jetbrains.compose.ui:ui-util:#composeDefaultVersion (*)
│              │         │         ╰─── org.jetbrains.kotlin:kotlin-stdlib:2.1.21 -> #kotlinVersion (*)
│              │         ├─── org.jetbrains.compose.runtime:runtime:#composeDefaultVersion (*)
│              │         ├─── org.jetbrains.compose.ui:ui:#composeDefaultVersion (*)
│              │         ├─── org.jetbrains.compose.ui:ui-geometry:#composeDefaultVersion (*)
│              │         ├─── org.jetbrains.compose.ui:ui-util:#composeDefaultVersion (*)
│              │         ╰─── org.jetbrains.kotlin:kotlin-stdlib:2.1.21 -> #kotlinVersion (*)
│              ├─── org.jetbrains.compose.annotation-internal:annotation:#composeDefaultVersion (*)
│              ├─── org.jetbrains.compose.collection-internal:collection:#composeDefaultVersion (*)
│              ├─── org.jetbrains.compose.foundation:foundation-layout:#composeDefaultVersion (*)
│              ├─── org.jetbrains.compose.runtime:runtime:#composeDefaultVersion (*)
│              ├─── org.jetbrains.compose.ui:ui:#composeDefaultVersion (*)
│              ├─── org.jetbrains.compose.ui:ui-text:#composeDefaultVersion (*)
│              ├─── org.jetbrains.compose.ui:ui-uikit:#composeDefaultVersion (*)
│              ├─── org.jetbrains.compose.ui:ui-util:#composeDefaultVersion (*)
│              ├─── org.jetbrains.kotlin:kotlin-stdlib:2.1.21 -> #kotlinVersion (*)
│              ├─── org.jetbrains.kotlinx:atomicfu:0.23.2 (*)
│              ╰─── org.jetbrains.skiko:skiko:0.9.4.2 (*)
├─── shared:iosArm64:org.jetbrains.compose.material3:material3:#composeDefaultVersion
│    ╰─── org.jetbrains.compose.material3:material3:#composeDefaultVersion
│         ╰─── org.jetbrains.compose.material3:material3-uikitarm64:#composeDefaultVersion
│              ├─── org.jetbrains.compose.animation:animation-core:#composeDefaultVersion (*)
│              ├─── org.jetbrains.compose.annotation-internal:annotation:#composeDefaultVersion (*)
│              ├─── org.jetbrains.compose.collection-internal:collection:#composeDefaultVersion (*)
│              ├─── org.jetbrains.compose.foundation:foundation:#composeDefaultVersion (*)
│              ├─── org.jetbrains.compose.foundation:foundation-layout:#composeDefaultVersion (*)
│              ├─── org.jetbrains.compose.material:material-ripple:#composeDefaultVersion
│              │    ╰─── org.jetbrains.compose.material:material-ripple-uikitarm64:#composeDefaultVersion
│              │         ├─── org.jetbrains.compose.animation:animation:#composeDefaultVersion (*)
│              │         ├─── org.jetbrains.compose.collection-internal:collection:#composeDefaultVersion (*)
│              │         ├─── org.jetbrains.compose.foundation:foundation:#composeDefaultVersion (*)
│              │         ├─── org.jetbrains.compose.runtime:runtime:#composeDefaultVersion (*)
│              │         ├─── org.jetbrains.compose.ui:ui-util:#composeDefaultVersion (*)
│              │         ╰─── org.jetbrains.kotlin:kotlin-stdlib:2.1.21 -> #kotlinVersion (*)
│              ├─── org.jetbrains.compose.runtime:runtime:#composeDefaultVersion (*)
│              ├─── org.jetbrains.compose.ui:ui-backhandler:#composeDefaultVersion (*)
│              ├─── org.jetbrains.compose.ui:ui-graphics:#composeDefaultVersion (*)
│              ├─── org.jetbrains.compose.ui:ui-text:#composeDefaultVersion (*)
│              ├─── org.jetbrains.compose.ui:ui-util:#composeDefaultVersion (*)
│              ├─── org.jetbrains.kotlin:kotlin-stdlib:2.1.21 -> #kotlinVersion (*)
│              ├─── org.jetbrains.kotlinx:atomicfu:0.23.2 (*)
│              ╰─── org.jetbrains.kotlinx:kotlinx-datetime:0.6.0
│                   ╰─── org.jetbrains.kotlinx:kotlinx-datetime-iosarm64:0.6.0
│                        ├─── org.jetbrains.kotlinx:kotlinx-serialization-core:1.6.2
│                        │    ╰─── org.jetbrains.kotlinx:kotlinx-serialization-core-iosarm64:1.6.2
│                        │         ├─── org.jetbrains.kotlin:kotlin-stdlib-common:1.9.21 -> #kotlinVersion
│                        │         │    ╰─── org.jetbrains.kotlin:kotlin-stdlib:#kotlinVersion (*)
│                        │         ╰─── org.jetbrains.kotlin:kotlin-stdlib:1.9.21 -> #kotlinVersion (*)
│                        ╰─── org.jetbrains.kotlin:kotlin-stdlib:1.9.21 -> #kotlinVersion (*)
├─── shared:apple:org.jetbrains.compose.foundation:foundation:#composeDefaultVersion
│    ╰─── org.jetbrains.compose.foundation:foundation:#composeDefaultVersion (*)
├─── shared:apple:org.jetbrains.compose.material3:material3:#composeDefaultVersion
│    ╰─── org.jetbrains.compose.material3:material3:#composeDefaultVersion (*)
├─── shared:common:org.jetbrains.compose.foundation:foundation:#composeDefaultVersion
│    ╰─── org.jetbrains.compose.foundation:foundation:#composeDefaultVersion (*)
├─── shared:common:org.jetbrains.compose.material3:material3:#composeDefaultVersion
│    ╰─── org.jetbrains.compose.material3:material3:#composeDefaultVersion (*)
├─── shared:ios:org.jetbrains.compose.foundation:foundation:#composeDefaultVersion
│    ╰─── org.jetbrains.compose.foundation:foundation:#composeDefaultVersion (*)
├─── shared:ios:org.jetbrains.compose.material3:material3:#composeDefaultVersion
│    ╰─── org.jetbrains.compose.material3:material3:#composeDefaultVersion (*)
├─── shared:native:org.jetbrains.compose.foundation:foundation:#composeDefaultVersion
│    ╰─── org.jetbrains.compose.foundation:foundation:#composeDefaultVersion (*)
├─── shared:native:org.jetbrains.compose.material3:material3:#composeDefaultVersion
│    ╰─── org.jetbrains.compose.material3:material3:#composeDefaultVersion (*)
├─── shared:iosArm64:org.jetbrains.kotlin:kotlin-stdlib:#kotlinVersion, implicit
│    ╰─── org.jetbrains.kotlin:kotlin-stdlib:#kotlinVersion (*)
├─── shared:iosArm64:org.jetbrains.compose.runtime:runtime:#composeDefaultVersion
│    ╰─── org.jetbrains.compose.runtime:runtime:#composeDefaultVersion (*)
├─── shared:apple:org.jetbrains.kotlin:kotlin-stdlib:#kotlinVersion, implicit
│    ╰─── org.jetbrains.kotlin:kotlin-stdlib:#kotlinVersion (*)
├─── shared:apple:org.jetbrains.compose.runtime:runtime:#composeDefaultVersion
│    ╰─── org.jetbrains.compose.runtime:runtime:#composeDefaultVersion (*)
├─── shared:common:org.jetbrains.kotlin:kotlin-stdlib:#kotlinVersion, implicit
│    ╰─── org.jetbrains.kotlin:kotlin-stdlib:#kotlinVersion (*)
├─── shared:common:org.jetbrains.compose.runtime:runtime:#composeDefaultVersion
│    ╰─── org.jetbrains.compose.runtime:runtime:#composeDefaultVersion (*)
├─── shared:ios:org.jetbrains.kotlin:kotlin-stdlib:#kotlinVersion, implicit
│    ╰─── org.jetbrains.kotlin:kotlin-stdlib:#kotlinVersion (*)
├─── shared:ios:org.jetbrains.compose.runtime:runtime:#composeDefaultVersion
│    ╰─── org.jetbrains.compose.runtime:runtime:#composeDefaultVersion (*)
├─── shared:native:org.jetbrains.kotlin:kotlin-stdlib:#kotlinVersion, implicit
│    ╰─── org.jetbrains.kotlin:kotlin-stdlib:#kotlinVersion (*)
╰─── shared:native:org.jetbrains.compose.runtime:runtime:#composeDefaultVersion
     ╰─── org.jetbrains.compose.runtime:runtime:#composeDefaultVersion (*)
