Module E
│ - main
│ - scope = COMPILE
│ - platforms = [jvm]
├─── E:main:org.junit.jupiter:junit-jupiter-api:5.10.2
│    ╰─── org.junit.jupiter:junit-jupiter-api:5.10.2 -> 5.11.4
│         ├─── org.junit:junit-bom:5.11.4
│         │    ╰─── org.junit.jupiter:junit-jupiter-api:5.11.4 (c)
│         ├─── org.opentest4j:opentest4j:1.3.0
│         ├─── org.junit.platform:junit-platform-commons:1.11.4
│         │    ├─── org.junit:junit-bom:5.11.4 (*)
│         │    ╰─── org.apiguardian:apiguardian-api:1.1.2
│         ╰─── org.apiguardian:apiguardian-api:1.1.2
├─── E:main:org.junit.platform:junit-platform-engine:1.11.4
│    ╰─── org.junit.platform:junit-platform-engine:1.11.4
│         ├─── org.junit:junit-bom:5.11.4 (*)
│         ├─── org.opentest4j:opentest4j:1.3.0
│         ├─── org.junit.platform:junit-platform-commons:1.11.4 (*)
│         ╰─── org.apiguardian:apiguardian-api:1.1.2
├─── E:main:org.junit:junit-bom:5.11.4
│    ╰─── org.junit:junit-bom:5.11.4 (*)
╰─── E:main:org.jetbrains.kotlin:kotlin-stdlib:#kotlinVersion, implicit
     ╰─── org.jetbrains.kotlin:kotlin-stdlib:#kotlinVersion
          ╰─── org.jetbrains:annotations:13.0 -> 23.0.0
