Module D
│ - main
│ - scope = COMPILE
│ - platforms = [jvm]
├─── D:main:io.ktor:ktor-client:3.0.3
│    ╰─── io.ktor:ktor-client:3.0.3
│         ╰─── io.ktor:ktor-client-jvm:3.0.3
│              ├─── org.slf4j:slf4j-api:2.0.16
│              ├─── org.jetbrains.kotlinx:kotlinx-coroutines-core:1.9.0
│              │    ╰─── org.jetbrains.kotlinx:kotlinx-coroutines-core-jvm:1.9.0
│              │         ├─── org.jetbrains:annotations:23.0.0
│              │         ├─── org.jetbrains.kotlinx:kotlinx-coroutines-bom:1.9.0
│              │         │    ╰─── org.jetbrains.kotlinx:kotlinx-coroutines-test:1.9.0 (c)
│              │         ╰─── org.jetbrains.kotlin:kotlin-stdlib:2.0.0 -> #kotlinVersion
│              │              ╰─── org.jetbrains:annotations:13.0 -> 23.0.0
│              ├─── io.ktor:ktor-client-core:3.0.3
│              │    ╰─── io.ktor:ktor-client-core-jvm:3.0.3
│              │         ├─── org.slf4j:slf4j-api:2.0.16
│              │         ├─── org.jetbrains.kotlinx:kotlinx-coroutines-core:1.9.0 (*)
│              │         ├─── io.ktor:ktor-http:3.0.3
│              │         │    ╰─── io.ktor:ktor-http-jvm:3.0.3
│              │         │         ├─── org.slf4j:slf4j-api:2.0.16
│              │         │         ├─── org.jetbrains.kotlinx:kotlinx-coroutines-core:1.9.0 (*)
│              │         │         ├─── io.ktor:ktor-utils:3.0.3
│              │         │         │    ╰─── io.ktor:ktor-utils-jvm:3.0.3
│              │         │         │         ├─── org.slf4j:slf4j-api:2.0.16
│              │         │         │         ├─── org.jetbrains.kotlinx:kotlinx-coroutines-core:1.9.0 (*)
│              │         │         │         ├─── io.ktor:ktor-io:3.0.3
│              │         │         │         │    ╰─── io.ktor:ktor-io-jvm:3.0.3
│              │         │         │         │         ├─── org.slf4j:slf4j-api:2.0.16
│              │         │         │         │         ├─── org.jetbrains.kotlinx:kotlinx-coroutines-core:1.9.0 (*)
│              │         │         │         │         ├─── org.jetbrains.kotlinx:kotlinx-io-core:0.5.4
│              │         │         │         │         │    ╰─── org.jetbrains.kotlinx:kotlinx-io-core-jvm:0.5.4
│              │         │         │         │         │         ├─── org.jetbrains.kotlinx:kotlinx-io-bytestring:0.5.4
│              │         │         │         │         │         │    ╰─── org.jetbrains.kotlinx:kotlinx-io-bytestring-jvm:0.5.4
│              │         │         │         │         │         │         ╰─── org.jetbrains.kotlin:kotlin-stdlib:2.0.0 -> #kotlinVersion (*)
│              │         │         │         │         │         ╰─── org.jetbrains.kotlin:kotlin-stdlib:2.0.0 -> #kotlinVersion (*)
│              │         │         │         │         ╰─── org.jetbrains.kotlin:kotlin-stdlib:2.0.21 -> #kotlinVersion (*)
│              │         │         │         ├─── org.jetbrains.kotlinx:kotlinx-serialization-core:1.7.3
│              │         │         │         │    ╰─── org.jetbrains.kotlinx:kotlinx-serialization-core-jvm:1.7.3
│              │         │         │         │         ├─── org.jetbrains.kotlinx:kotlinx-serialization-bom:1.7.3
│              │         │         │         │         ╰─── org.jetbrains.kotlin:kotlin-stdlib:2.0.20 -> #kotlinVersion (*)
│              │         │         │         ╰─── org.jetbrains.kotlin:kotlin-stdlib:2.0.21 -> #kotlinVersion (*)
│              │         │         ├─── org.jetbrains.kotlinx:kotlinx-serialization-core:1.7.3 (*)
│              │         │         ╰─── org.jetbrains.kotlin:kotlin-stdlib:2.0.21 -> #kotlinVersion (*)
│              │         ├─── io.ktor:ktor-events:3.0.3
│              │         │    ╰─── io.ktor:ktor-events-jvm:3.0.3
│              │         │         ├─── org.slf4j:slf4j-api:2.0.16
│              │         │         ├─── org.jetbrains.kotlinx:kotlinx-coroutines-core:1.9.0 (*)
│              │         │         ├─── io.ktor:ktor-http:3.0.3 (*)
│              │         │         ├─── io.ktor:ktor-utils:3.0.3 (*)
│              │         │         ╰─── org.jetbrains.kotlin:kotlin-stdlib:2.0.21 -> #kotlinVersion (*)
│              │         ├─── io.ktor:ktor-websocket-serialization:3.0.3
│              │         │    ╰─── io.ktor:ktor-websocket-serialization-jvm:3.0.3
│              │         │         ├─── org.slf4j:slf4j-api:2.0.16
│              │         │         ├─── org.jetbrains.kotlinx:kotlinx-coroutines-core:1.9.0 (*)
│              │         │         ├─── io.ktor:ktor-http:3.0.3 (*)
│              │         │         ├─── io.ktor:ktor-serialization:3.0.3
│              │         │         │    ╰─── io.ktor:ktor-serialization-jvm:3.0.3
│              │         │         │         ├─── org.slf4j:slf4j-api:2.0.16
│              │         │         │         ├─── org.jetbrains.kotlinx:kotlinx-coroutines-core:1.9.0 (*)
│              │         │         │         ├─── io.ktor:ktor-http:3.0.3 (*)
│              │         │         │         ├─── io.ktor:ktor-websockets:3.0.3
│              │         │         │         │    ╰─── io.ktor:ktor-websockets-jvm:3.0.3
│              │         │         │         │         ├─── org.slf4j:slf4j-api:2.0.16
│              │         │         │         │         ├─── org.jetbrains.kotlinx:kotlinx-coroutines-core:1.9.0 (*)
│              │         │         │         │         ├─── io.ktor:ktor-http:3.0.3 (*)
│              │         │         │         │         ╰─── org.jetbrains.kotlin:kotlin-stdlib:2.0.21 -> #kotlinVersion (*)
│              │         │         │         ╰─── org.jetbrains.kotlin:kotlin-stdlib:2.0.21 -> #kotlinVersion (*)
│              │         │         ╰─── org.jetbrains.kotlin:kotlin-stdlib:2.0.21 -> #kotlinVersion (*)
│              │         ├─── io.ktor:ktor-sse:3.0.3
│              │         │    ╰─── io.ktor:ktor-sse-jvm:3.0.3
│              │         │         ├─── org.slf4j:slf4j-api:2.0.16
│              │         │         ├─── org.jetbrains.kotlinx:kotlinx-coroutines-core:1.9.0 (*)
│              │         │         ├─── io.ktor:ktor-http:3.0.3 (*)
│              │         │         ╰─── org.jetbrains.kotlin:kotlin-stdlib:2.0.21 -> #kotlinVersion (*)
│              │         ╰─── org.jetbrains.kotlin:kotlin-stdlib:2.0.21 -> #kotlinVersion (*)
│              ╰─── org.jetbrains.kotlin:kotlin-stdlib:2.0.21 -> #kotlinVersion (*)
├─── D:main:org.jetbrains.kotlinx:kotlinx-coroutines-test:1.8.0
│    ╰─── org.jetbrains.kotlinx:kotlinx-coroutines-test:1.8.0 -> 1.9.0
│         ╰─── org.jetbrains.kotlinx:kotlinx-coroutines-test-jvm:1.9.0
│              ├─── org.jetbrains:annotations:23.0.0
│              ├─── org.jetbrains.kotlinx:kotlinx-coroutines-bom:1.9.0 (*)
│              ├─── org.jetbrains.kotlinx:kotlinx-coroutines-core:1.9.0 (*)
│              ╰─── org.jetbrains.kotlin:kotlin-stdlib:2.0.0 -> #kotlinVersion (*)
╰─── D:main:org.jetbrains.kotlin:kotlin-stdlib:#kotlinVersion, implicit
     ╰─── org.jetbrains.kotlin:kotlin-stdlib:#kotlinVersion (*)
