shared:COMPILE:IOS_ARM64
├─── shared:common:org.jetbrains.compose.foundation:foundation:1.7.3
│    ╰─── org.jetbrains.compose.foundation:foundation:1.7.3
│         ╰─── org.jetbrains.compose.foundation:foundation-uikitarm64:1.7.3
│              ╰─── org.jetbrains.compose.animation:animation:1.7.3
│                   ╰─── org.jetbrains.compose.animation:animation-uikitarm64:1.7.3
│                        ╰─── org.jetbrains.compose.animation:animation-core:1.7.3
│                             ╰─── org.jetbrains.compose.animation:animation-core-uikitarm64:1.7.3
│                                  ╰─── org.jetbrains.compose.ui:ui:1.7.3
│                                       ╰─── org.jetbrains.compose.ui:ui-uikitarm64:1.7.3
│                                            ╰─── org.jetbrains.compose.ui:ui-graphics:1.7.3
╰─── shared:common:org.jetbrains.compose.material3:material3:1.7.3
     ╰─── org.jetbrains.compose.material3:material3:1.7.3
          ╰─── org.jetbrains.compose.material3:material3-uikitarm64:1.7.3
               ╰─── org.jetbrains.compose.ui:ui-graphics:1.7.3
