shared:COMPILE:IOS_ARM64
├─── shared:common:org.jetbrains.compose.foundation:foundation:#composeDefaultVersion
│    ╰─── org.jetbrains.compose.foundation:foundation:#composeDefaultVersion
│         ╰─── org.jetbrains.compose.foundation:foundation-uikitarm64:#composeDefaultVersion
│              ├─── org.jetbrains.compose.animation:animation:#composeDefaultVersion
│              │    ╰─── org.jetbrains.compose.animation:animation-uikitarm64:#composeDefaultVersion
│              │         ├─── org.jetbrains.compose.animation:animation-core:#composeDefaultVersion
│              │         │    ╰─── org.jetbrains.compose.animation:animation-core-uikitarm64:#composeDefaultVersion
│              │         │         ╰─── org.jetbrains.compose.ui:ui:#composeDefaultVersion
│              │         │              ╰─── org.jetbrains.compose.ui:ui-uikitarm64:#composeDefaultVersion
│              │         │                   ├─── org.jetbrains.compose.ui:ui-graphics:#composeDefaultVersion
│              │         │                   ╰─── org.jetbrains.compose.ui:ui-text:#composeDefaultVersion
│              │         │                        ╰─── org.jetbrains.compose.ui:ui-text-uikitarm64:#composeDefaultVersion
│              │         │                             ╰─── org.jetbrains.compose.ui:ui-graphics:#composeDefaultVersion
│              │         ├─── org.jetbrains.compose.foundation:foundation-layout:#composeDefaultVersion
│              │         │    ╰─── org.jetbrains.compose.foundation:foundation-layout-uikitarm64:#composeDefaultVersion
│              │         │         ╰─── org.jetbrains.compose.ui:ui:#composeDefaultVersion (*)
│              │         ╰─── org.jetbrains.compose.ui:ui:#composeDefaultVersion (*)
│              ├─── org.jetbrains.compose.foundation:foundation-layout:#composeDefaultVersion (*)
│              ├─── org.jetbrains.compose.ui:ui:#composeDefaultVersion (*)
│              ╰─── org.jetbrains.compose.ui:ui-text:#composeDefaultVersion (*)
╰─── shared:common:org.jetbrains.compose.material3:material3:#composeDefaultVersion
     ╰─── org.jetbrains.compose.material3:material3:#composeDefaultVersion
          ╰─── org.jetbrains.compose.material3:material3-uikitarm64:#composeDefaultVersion
               ├─── org.jetbrains.compose.animation:animation-core:#composeDefaultVersion (*)
               ├─── org.jetbrains.compose.foundation:foundation:#composeDefaultVersion (*)
               ├─── org.jetbrains.compose.foundation:foundation-layout:#composeDefaultVersion (*)
               ├─── org.jetbrains.compose.material:material-ripple:#composeDefaultVersion
               │    ╰─── org.jetbrains.compose.material:material-ripple-uikitarm64:#composeDefaultVersion
               │         ├─── org.jetbrains.compose.animation:animation:#composeDefaultVersion (*)
               │         ╰─── org.jetbrains.compose.foundation:foundation:#composeDefaultVersion (*)
               ├─── org.jetbrains.compose.ui:ui-graphics:#composeDefaultVersion
               ╰─── org.jetbrains.compose.ui:ui-text:#composeDefaultVersion (*)
